Archive member included because of file (symbol)

../../../../../tools/tools-lib/superH/libc.a(errno.o)
                              init.o (__errno)
../../../../../tools/tools-lib/superH/libc.a(strcmp.o)
                              qsort_small.o (strcmp)
../../../../../tools/tools-lib/superH/libc.a(impure.o)
                              qsort_small.o (_impure_ptr)
../../../../../tools/tools-lib/superH/libc.a(fprintf.o)
                              qsort_small.o (fprintf)
../../../../../tools/tools-lib/superH/libc.a(exit.o)
                              qsort_small.o (exit)
../../../../../tools/tools-lib/superH/libc.a(fopen.o)
                              qsort_small.o (fopen)
../../../../../tools/tools-lib/superH/libc.a(fscanf.o)
                              qsort_small.o (fscanf)
../../../../../tools/tools-lib/superH/libc.a(printf.o)
                              qsort_small.o (printf)
../../../../../tools/tools-lib/superH/libc.a(qsort.o)
                              qsort_small.o (qsort)
../../../../../tools/tools-lib/superH/libc.a(vfprintf.o)
                              ../../../../../tools/tools-lib/superH/libc.a(fprintf.o) (vfprintf)
../../../../../tools/tools-lib/superH/libc.a(syscalls.o)
                              ../../../../../tools/tools-lib/superH/libc.a(exit.o) (_exit)
../../../../../tools/tools-lib/superH/libc.a(flags.o)
                              ../../../../../tools/tools-lib/superH/libc.a(fopen.o) (__sflags)
../../../../../tools/tools-lib/superH/libc.a(findfp.o)
                              ../../../../../tools/tools-lib/superH/libc.a(vfprintf.o) (__sinit)
../../../../../tools/tools-lib/superH/libc.a(openr.o)
                              ../../../../../tools/tools-lib/superH/libc.a(fopen.o) (_open_r)
../../../../../tools/tools-lib/superH/libc.a(stdio.o)
                              ../../../../../tools/tools-lib/superH/libc.a(fopen.o) (__sclose)
../../../../../tools/tools-lib/superH/libc.a(fseek.o)
                              ../../../../../tools/tools-lib/superH/libc.a(fopen.o) (fseek)
../../../../../tools/tools-lib/superH/libc.a(vfscanf.o)
                              ../../../../../tools/tools-lib/superH/libc.a(fscanf.o) (__svfscanf)
../../../../../tools/tools-lib/superH/libc.a(fvwrite.o)
                              ../../../../../tools/tools-lib/superH/libc.a(vfprintf.o) (__sfvwrite)
../../../../../tools/tools-lib/superH/libc.a(locale.o)
                              ../../../../../tools/tools-lib/superH/libc.a(vfprintf.o) (localeconv)
../../../../../tools/tools-lib/superH/libc.a(wsetup.o)
                              ../../../../../tools/tools-lib/superH/libc.a(vfprintf.o) (__swsetup)
../../../../../tools/tools-lib/superH/libc.a(fflush.o)
                              ../../../../../tools/tools-lib/superH/libc.a(vfprintf.o) (fflush)
../../../../../tools/tools-lib/superH/libc.a(mbtowc_r.o)
                              ../../../../../tools/tools-lib/superH/libc.a(vfprintf.o) (_mbtowc_r)
../../../../../tools/tools-lib/superH/libc.a(s_isinf.o)
                              ../../../../../tools/tools-lib/superH/libc.a(vfprintf.o) (isinf)
../../../../../tools/tools-lib/superH/libc.a(s_isnan.o)
                              ../../../../../tools/tools-lib/superH/libc.a(vfprintf.o) (isnan)
../../../../../tools/tools-lib/superH/libc.a(dtoa.o)
                              ../../../../../tools/tools-lib/superH/libc.a(vfprintf.o) (_dtoa_r)
../../../../../tools/tools-lib/superH/libc.a(memchr.o)
                              ../../../../../tools/tools-lib/superH/libc.a(vfprintf.o) (memchr)
../../../../../tools/tools-lib/superH/libc.a(strlen.o)
                              ../../../../../tools/tools-lib/superH/libc.a(vfprintf.o) (strlen)
../../../../../tools/tools-lib/superH/libc.a(trap.o)
                              ../../../../../tools/tools-lib/superH/libc.a(syscalls.o) (__trap34)
../../../../../tools/tools-lib/superH/libc.a(abort.o)
                              ../../../../../tools/tools-lib/superH/libc.a(syscalls.o) (abort)
../../../../../tools/tools-lib/superH/libc.a(fwalk.o)
                              ../../../../../tools/tools-lib/superH/libc.a(findfp.o) (_fwalk)
../../../../../tools/tools-lib/superH/libc.a(mallocr.o)
                              ../../../../../tools/tools-lib/superH/libc.a(findfp.o) (_malloc_r)
../../../../../tools/tools-lib/superH/libc.a(memset.o)
                              ../../../../../tools/tools-lib/superH/libc.a(findfp.o) (memset)
../../../../../tools/tools-lib/superH/libc.a(closer.o)
                              ../../../../../tools/tools-lib/superH/libc.a(stdio.o) (_close_r)
../../../../../tools/tools-lib/superH/libc.a(lseekr.o)
                              ../../../../../tools/tools-lib/superH/libc.a(stdio.o) (_lseek_r)
../../../../../tools/tools-lib/superH/libc.a(writer.o)
                              ../../../../../tools/tools-lib/superH/libc.a(stdio.o) (_write_r)
../../../../../tools/tools-lib/superH/libc.a(readr.o)
                              ../../../../../tools/tools-lib/superH/libc.a(stdio.o) (_read_r)
../../../../../tools/tools-lib/superH/libc.a(makebuf.o)
                              ../../../../../tools/tools-lib/superH/libc.a(fseek.o) (__smakebuf)
../../../../../tools/tools-lib/superH/libc.a(fstatr.o)
                              ../../../../../tools/tools-lib/superH/libc.a(fseek.o) (_fstat_r)
../../../../../tools/tools-lib/superH/libc.a(freer.o)
                              ../../../../../tools/tools-lib/superH/libc.a(fseek.o) (_free_r)
../../../../../tools/tools-lib/superH/libc.a(refill.o)
                              ../../../../../tools/tools-lib/superH/libc.a(fseek.o) (__srefill)
../../../../../tools/tools-lib/superH/libc.a(ctype_.o)
                              ../../../../../tools/tools-lib/superH/libc.a(vfscanf.o) (_ctype_)
../../../../../tools/tools-lib/superH/libc.a(strtol.o)
                              ../../../../../tools/tools-lib/superH/libc.a(vfscanf.o) (strtol)
../../../../../tools/tools-lib/superH/libc.a(strtoul.o)
                              ../../../../../tools/tools-lib/superH/libc.a(vfscanf.o) (strtoul)
../../../../../tools/tools-lib/superH/libc.a(fread.o)
                              ../../../../../tools/tools-lib/superH/libc.a(vfscanf.o) (fread)
../../../../../tools/tools-lib/superH/libc.a(ungetc.o)
                              ../../../../../tools/tools-lib/superH/libc.a(vfscanf.o) (ungetc)
../../../../../tools/tools-lib/superH/libc.a(atol.o)
                              ../../../../../tools/tools-lib/superH/libc.a(vfscanf.o) (atol)
../../../../../tools/tools-lib/superH/libc.a(sprintf.o)
                              ../../../../../tools/tools-lib/superH/libc.a(vfscanf.o) (sprintf)
../../../../../tools/tools-lib/superH/libc.a(atof.o)
                              ../../../../../tools/tools-lib/superH/libc.a(vfscanf.o) (atof)
../../../../../tools/tools-lib/superH/libc.a(memmove.o)
                              ../../../../../tools/tools-lib/superH/libc.a(fvwrite.o) (memmove)
../../../../../tools/tools-lib/superH/libc.a(mprec.o)
                              ../../../../../tools/tools-lib/superH/libc.a(dtoa.o) (_Bfree)
../../../../../tools/tools-lib/superH/libc.a(memcpy.o)
                              ../../../../../tools/tools-lib/superH/libc.a(dtoa.o) (memcpy)
../../../../../tools/tools-lib/superH/libc.a(signal.o)
                              ../../../../../tools/tools-lib/superH/libc.a(abort.o) (raise)
../../../../../tools/tools-lib/superH/libc.a(mlock.o)
                              ../../../../../tools/tools-lib/superH/libc.a(mallocr.o) (__malloc_lock)
../../../../../tools/tools-lib/superH/libc.a(sbrkr.o)
                              ../../../../../tools/tools-lib/superH/libc.a(mallocr.o) (_sbrk_r)
../../../../../tools/tools-lib/superH/libc.a(reallocr.o)
                              ../../../../../tools/tools-lib/superH/libc.a(ungetc.o) (_realloc_r)
../../../../../tools/tools-lib/superH/libc.a(strtod.o)
                              ../../../../../tools/tools-lib/superH/libc.a(atof.o) (strtod)
../../../../../tools/tools-lib/superH/libc.a(callocr.o)
                              ../../../../../tools/tools-lib/superH/libc.a(mprec.o) (_calloc_r)
../../../../../tools/tools-lib/superH/libc.a(signalr.o)
                              ../../../../../tools/tools-lib/superH/libc.a(signal.o) (_getpid_r)
../../../../../tools/tools-lib/superH/libc.a(s_infconst.o)
                              ../../../../../tools/tools-lib/superH/libc.a(strtod.o) (__infinity)
../../../../../tools/tools-lib/superH/libgcc.a(_mulsi3.o)
                              ../../../../../tools/tools-lib/superH/libc.a(qsort.o) (__mulsi3)
../../../../../tools/tools-lib/superH/libgcc.a(_udivsi3.o)
                              ../../../../../tools/tools-lib/superH/libc.a(qsort.o) (__udivsi3)
../../../../../tools/tools-lib/superH/libgcc.a(_lt_df.o)
                              ../../../../../tools/tools-lib/superH/libc.a(vfprintf.o) (__ltdf2)
../../../../../tools/tools-lib/superH/libgcc.a(_ne_df.o)
                              ../../../../../tools/tools-lib/superH/libc.a(vfprintf.o) (__nedf2)
../../../../../tools/tools-lib/superH/libgcc.a(_eq_df.o)
                              ../../../../../tools/tools-lib/superH/libc.a(vfprintf.o) (__eqdf2)
../../../../../tools/tools-lib/superH/libgcc.a(_sdivsi3.o)
                              ../../../../../tools/tools-lib/superH/libc.a(vfprintf.o) (__sdivsi3)
../../../../../tools/tools-lib/superH/libgcc.a(_df_to_sf.o)
                              ../../../../../tools/tools-lib/superH/libc.a(vfscanf.o) (__truncdfsf2)
../../../../../tools/tools-lib/superH/libgcc.a(_ashiftlt.o)
                              ../../../../../tools/tools-lib/superH/libc.a(dtoa.o) (__ashlsi3)
../../../../../tools/tools-lib/superH/libgcc.a(_lshiftrt.o)
                              ../../../../../tools/tools-lib/superH/libc.a(dtoa.o) (__lshrsi3)
../../../../../tools/tools-lib/superH/libgcc.a(_usi_to_df.o)
                              ../../../../../tools/tools-lib/superH/libc.a(dtoa.o) (__floatunsidf)
../../../../../tools/tools-lib/superH/libgcc.a(_addsub_df.o)
                              ../../../../../tools/tools-lib/superH/libc.a(dtoa.o) (__subdf3)
../../../../../tools/tools-lib/superH/libgcc.a(_mul_df.o)
                              ../../../../../tools/tools-lib/superH/libc.a(dtoa.o) (__muldf3)
../../../../../tools/tools-lib/superH/libgcc.a(_si_to_df.o)
                              ../../../../../tools/tools-lib/superH/libc.a(dtoa.o) (__floatsidf)
../../../../../tools/tools-lib/superH/libgcc.a(_df_to_si.o)
                              ../../../../../tools/tools-lib/superH/libc.a(dtoa.o) (__fixdfsi)
../../../../../tools/tools-lib/superH/libgcc.a(_div_df.o)
                              ../../../../../tools/tools-lib/superH/libc.a(dtoa.o) (__divdf3)
../../../../../tools/tools-lib/superH/libgcc.a(_gt_df.o)
                              ../../../../../tools/tools-lib/superH/libc.a(dtoa.o) (__gtdf2)
../../../../../tools/tools-lib/superH/libgcc.a(_ge_df.o)
                              ../../../../../tools/tools-lib/superH/libc.a(dtoa.o) (__gedf2)
../../../../../tools/tools-lib/superH/libgcc.a(_ashiftrt.o)
                              ../../../../../tools/tools-lib/superH/libc.a(mprec.o) (__ashiftrt_r4_20)
../../../../../tools/tools-lib/superH/libgcc.a(_ashiftrt_n.o)
                              ../../../../../tools/tools-lib/superH/libc.a(mprec.o) (__ashrsi3)
../../../../../tools/tools-lib/superH/libgcc.a(_le_df.o)
                              ../../../../../tools/tools-lib/superH/libc.a(strtod.o) (__ledf2)
../../../../../tools/tools-lib/superH/libgcc.a(_unpack_df.o)
                              ../../../../../tools/tools-lib/superH/libgcc.a(_lt_df.o) (__unpack_d)
../../../../../tools/tools-lib/superH/libgcc.a(_fpcmp_parts_df.o)
                              ../../../../../tools/tools-lib/superH/libgcc.a(_lt_df.o) (__fpcmp_parts_d)
../../../../../tools/tools-lib/superH/libgcc.a(_make_sf.o)
                              ../../../../../tools/tools-lib/superH/libgcc.a(_df_to_sf.o) (__make_fp)
../../../../../tools/tools-lib/superH/libgcc.a(_pack_df.o)
                              ../../../../../tools/tools-lib/superH/libgcc.a(_usi_to_df.o) (__pack_d)
../../../../../tools/tools-lib/superH/libgcc.a(_clzsi2.o)
                              ../../../../../tools/tools-lib/superH/libgcc.a(_usi_to_df.o) (__clzsi2)
../../../../../tools/tools-lib/superH/libgcc.a(_ashldi3.o)
                              ../../../../../tools/tools-lib/superH/libgcc.a(_usi_to_df.o) (__ashldi3)
../../../../../tools/tools-lib/superH/libgcc.a(_lshrdi3.o)
                              ../../../../../tools/tools-lib/superH/libgcc.a(_usi_to_df.o) (__lshrdi3)
../../../../../tools/tools-lib/superH/libgcc.a(_thenan_df.o)
                              ../../../../../tools/tools-lib/superH/libgcc.a(_addsub_df.o) (__thenan_df)
../../../../../tools/tools-lib/superH/libgcc.a(_muldi3.o)
                              ../../../../../tools/tools-lib/superH/libgcc.a(_mul_df.o) (__muldi3)
../../../../../tools/tools-lib/superH/libgcc.a(_pack_sf.o)
                              ../../../../../tools/tools-lib/superH/libgcc.a(_make_sf.o) (__pack_f)
../../../../../tools/tools-lib/superH/libgcc.a(_clz.o)
                              ../../../../../tools/tools-lib/superH/libgcc.a(_clzsi2.o) (__clz_tab)

Allocating common symbols
Common symbol       size              file

errno               0x4               ../../../../../tools/tools-lib/superH/libc.a(syscalls.o)

Memory Configuration

Name             Origin             Length             Attributes
*default*        0x0000000000000000 0xffffffffffffffff

Linker script and memory map

Address of section .text set to 0x8004000

.text           0x0000000008004000     0x8e50
                0x0000000008004000                _text = .
 *(.text)
 .text          0x0000000008004000       0x20 init.o
 .text          0x0000000008004020      0x260 qsort_small.o
                0x00000000080040d4                startup
                0x0000000008004020                compare
 .text          0x0000000008004280       0x20 ../../../../../tools/tools-lib/superH/libc.a(errno.o)
                0x0000000008004280                __errno
 .text          0x00000000080042a0       0x30 ../../../../../tools/tools-lib/superH/libc.a(strcmp.o)
                0x00000000080042a0                strcmp
 .text          0x00000000080042d0       0x10 ../../../../../tools/tools-lib/superH/libc.a(impure.o)
 .text          0x00000000080042e0       0x30 ../../../../../tools/tools-lib/superH/libc.a(fprintf.o)
                0x00000000080042e0                fprintf
 .text          0x0000000008004310       0x60 ../../../../../tools/tools-lib/superH/libc.a(exit.o)
                0x0000000008004310                exit
 .text          0x0000000008004370       0xe0 ../../../../../tools/tools-lib/superH/libc.a(fopen.o)
                0x0000000008004370                _fopen_r
                0x0000000008004428                fopen
 .text          0x0000000008004450       0x30 ../../../../../tools/tools-lib/superH/libc.a(fscanf.o)
                0x0000000008004450                fscanf
 .text          0x0000000008004480       0x80 ../../../../../tools/tools-lib/superH/libc.a(printf.o)
                0x00000000080044c4                _printf_r
                0x0000000008004480                printf
 .text          0x0000000008004500      0x3c0 ../../../../../tools/tools-lib/superH/libc.a(qsort.o)
                0x000000000800459a                qsort
 .text          0x00000000080048c0     0x1280 ../../../../../tools/tools-lib/superH/libc.a(vfprintf.o)
                0x00000000080049a2                _vfprintf_r
                0x00000000080048f0                vfprintf
 .text          0x0000000008005b40      0x280 ../../../../../tools/tools-lib/superH/libc.a(syscalls.o)
                0x0000000008005c84                _exit
                0x0000000008005b76                _getpid
                0x0000000008005bfc                _utime
                0x0000000008005cec                _write
                0x0000000008005d24                _read
                0x0000000008005b5e                _unlink
                0x0000000008005cb8                _open
                0x0000000008005c4c                _stat
                0x0000000008005b6a                isatty
                0x0000000008005bd4                _wait
                0x0000000008005c68                _kill
                0x0000000008005c34                _chmod
                0x0000000008005ba0                _execv
                0x0000000008005bb8                _execve
                0x0000000008005b40                _link
                0x0000000008005b82                _raise
                0x0000000008005c9c                _creat
                0x0000000008005b8c                _pipe
                0x0000000008005c18                _chown
                0x0000000008005d08                _lseek
                0x0000000008005cd4                _close
                0x0000000008005b4c                _fstat
                0x0000000008005be8                _fork
                0x0000000008005d5a                _sbrk
 .text          0x0000000008005dc0       0x60 ../../../../../tools/tools-lib/superH/libc.a(flags.o)
                0x0000000008005dc0                __sflags
 .text          0x0000000008005e20      0x1e0 ../../../../../tools/tools-lib/superH/libc.a(findfp.o)
                0x0000000008005f60                __sfp
                0x0000000008005e68                __sinit
                0x0000000008005ef0                _cleanup
                0x0000000008005ed8                _cleanup_r
                0x0000000008005f08                __sfmoreglue
 .text          0x0000000008006000       0x40 ../../../../../tools/tools-lib/superH/libc.a(openr.o)
                0x0000000008006000                _open_r
 .text          0x0000000008006040      0x120 ../../../../../tools/tools-lib/superH/libc.a(stdio.o)
                0x00000000080060ac                __swrite
                0x0000000008006040                __sclose
                0x0000000008006114                __sread
                0x000000000800605c                __sseek
 .text          0x0000000008006160      0x300 ../../../../../tools/tools-lib/superH/libc.a(fseek.o)
                0x0000000008006160                fseek
 .text          0x0000000008006460      0x8f0 ../../../../../tools/tools-lib/superH/libc.a(vfscanf.o)
                0x00000000080064e2                __svfscanf
                0x0000000008006460                __sccl
 .text          0x0000000008006d50      0x240 ../../../../../tools/tools-lib/superH/libc.a(fvwrite.o)
                0x0000000008006d50                __sfvwrite
 .text          0x0000000008006f90       0xd0 ../../../../../tools/tools-lib/superH/libc.a(locale.o)
                0x0000000008006ffc                setlocale
                0x0000000008006fa6                _setlocale_r
                0x000000000800701c                localeconv
                0x0000000008006f90                _localeconv_r
 .text          0x0000000008007060       0xd0 ../../../../../tools/tools-lib/superH/libc.a(wsetup.o)
                0x0000000008007060                __swsetup
 .text          0x0000000008007130       0xc0 ../../../../../tools/tools-lib/superH/libc.a(fflush.o)
                0x0000000008007130                fflush
 .text          0x00000000080071f0       0x40 ../../../../../tools/tools-lib/superH/libc.a(mbtowc_r.o)
                0x00000000080071f0                _mbtowc_r
 .text          0x0000000008007230       0x30 ../../../../../tools/tools-lib/superH/libc.a(s_isinf.o)
                0x0000000008007230                isinf
 .text          0x0000000008007260       0x30 ../../../../../tools/tools-lib/superH/libc.a(s_isnan.o)
                0x0000000008007260                isnan
 .text          0x0000000008007290     0x1020 ../../../../../tools/tools-lib/superH/libc.a(dtoa.o)
                0x000000000800742a                _dtoa_r
 .text          0x00000000080082b0       0x30 ../../../../../tools/tools-lib/superH/libc.a(memchr.o)
                0x00000000080082b0                memchr
 .text          0x00000000080082e0       0x20 ../../../../../tools/tools-lib/superH/libc.a(strlen.o)
                0x00000000080082e0                strlen
 .text          0x0000000008008300       0x20 ../../../../../tools/tools-lib/superH/libc.a(trap.o)
                0x0000000008008300                __trap34
 .text          0x0000000008008320       0x20 ../../../../../tools/tools-lib/superH/libc.a(abort.o)
                0x0000000008008320                abort
 .text          0x0000000008008340       0x60 ../../../../../tools/tools-lib/superH/libc.a(fwalk.o)
                0x0000000008008340                _fwalk
 .text          0x00000000080083a0      0x4f0 ../../../../../tools/tools-lib/superH/libc.a(mallocr.o)
                0x00000000080083a0                _malloc_r
 .text          0x0000000008008890       0x40 ../../../../../tools/tools-lib/superH/libc.a(memset.o)
                0x0000000008008890                memset
 .text          0x00000000080088d0       0x40 ../../../../../tools/tools-lib/superH/libc.a(closer.o)
                0x00000000080088d0                _close_r
 .text          0x0000000008008910       0x40 ../../../../../tools/tools-lib/superH/libc.a(lseekr.o)
                0x0000000008008910                _lseek_r
 .text          0x0000000008008950       0x40 ../../../../../tools/tools-lib/superH/libc.a(writer.o)
                0x0000000008008950                _write_r
 .text          0x0000000008008990       0x40 ../../../../../tools/tools-lib/superH/libc.a(readr.o)
                0x0000000008008990                _read_r
 .text          0x00000000080089d0      0x110 ../../../../../tools/tools-lib/superH/libc.a(makebuf.o)
                0x00000000080089d0                __smakebuf
 .text          0x0000000008008ae0       0x40 ../../../../../tools/tools-lib/superH/libc.a(fstatr.o)
                0x0000000008008ae0                _fstat_r
 .text          0x0000000008008b20      0x2d0 ../../../../../tools/tools-lib/superH/libc.a(freer.o)
                0x0000000008008b20                _malloc_trim_r
                0x0000000008008be8                _free_r
 .text          0x0000000008008df0      0x140 ../../../../../tools/tools-lib/superH/libc.a(refill.o)
                0x0000000008008e14                __srefill
 .text          0x0000000008008f30      0x110 ../../../../../tools/tools-lib/superH/libc.a(ctype_.o)
                0x0000000008008f30                _ctype_
 .text          0x0000000008009040      0x170 ../../../../../tools/tools-lib/superH/libc.a(strtol.o)
                0x0000000008009184                strtol
                0x0000000008009040                _strtol_r
 .text          0x00000000080091b0      0x150 ../../../../../tools/tools-lib/superH/libc.a(strtoul.o)
                0x00000000080091b0                _strtoul_r
                0x00000000080092dc                strtoul
 .text          0x0000000008009300       0xb0 ../../../../../tools/tools-lib/superH/libc.a(fread.o)
                0x0000000008009300                fread
 .text          0x00000000080093b0      0x1a0 ../../../../../tools/tools-lib/superH/libc.a(ungetc.o)
                0x0000000008009454                ungetc
                0x00000000080093b0                __submore
 .text          0x0000000008009550       0x20 ../../../../../tools/tools-lib/superH/libc.a(atol.o)
                0x0000000008009550                atol
 .text          0x0000000008009570       0xb0 ../../../../../tools/tools-lib/superH/libc.a(sprintf.o)
                0x0000000008009570                sprintf
                0x00000000080095cc                _sprintf_r
 .text          0x0000000008009620       0x20 ../../../../../tools/tools-lib/superH/libc.a(atof.o)
                0x0000000008009620                atof
 .text          0x0000000008009640       0x50 ../../../../../tools/tools-lib/superH/libc.a(memmove.o)
                0x0000000008009640                memmove
 .text          0x0000000008009690      0xbe0 ../../../../../tools/tools-lib/superH/libc.a(mprec.o)
                0x0000000008009786                __mcmp
                0x000000000800992c                _ratio
                0x0000000008009ee0                _i2b
                0x0000000008009834                _b2d
                0x000000000800a088                _s2b
                0x00000000080096ae                _hi0bits
                0x0000000008009fc8                _pow5mult
                0x0000000008009ba4                __mdiff
                0x0000000008009c94                _lshift
                0x0000000008009d70                _multiply
                0x0000000008009a94                _d2b
                0x0000000008009a0c                _Balloc
                0x000000000800a230                __mprec_tinytens
                0x00000000080099ac                _mprec_log10
                0x000000000800a208                __mprec_bigtens
                0x00000000080097c0                _ulp
                0x0000000008009690                _Bfree
                0x000000000800a140                __mprec_tens
                0x0000000008009708                _lo0bits
                0x0000000008009f04                _multadd
 .text          0x000000000800a270       0xa0 ../../../../../tools/tools-lib/superH/libc.a(memcpy.o)
                0x000000000800a270                memcpy
 .text          0x000000000800a310      0x210 ../../../../../tools/tools-lib/superH/libc.a(signal.o)
                0x000000000800a3f0                _raise_r
                0x000000000800a3d4                __sigtramp
                0x000000000800a484                raise
                0x000000000800a358                _init_signal
                0x000000000800a370                __sigtramp_r
                0x000000000800a4f8                signal
                0x000000000800a4a0                _signal_r
                0x000000000800a310                _init_signal_r
 .text          0x000000000800a520       0x20 ../../../../../tools/tools-lib/superH/libc.a(mlock.o)
                0x000000000800a520                __malloc_lock
                0x000000000800a52a                __malloc_unlock
 .text          0x000000000800a540       0x40 ../../../../../tools/tools-lib/superH/libc.a(sbrkr.o)
                0x000000000800a540                _sbrk_r
 .text          0x000000000800a580      0x340 ../../../../../tools/tools-lib/superH/libc.a(reallocr.o)
                0x000000000800a580                _realloc_r
 .text          0x000000000800a8c0      0xb80 ../../../../../tools/tools-lib/superH/libc.a(strtod.o)
                0x000000000800b41c                strtodf
                0x000000000800b3fc                strtod
                0x000000000800a8c0                _strtod_r
 .text          0x000000000800b440       0x90 ../../../../../tools/tools-lib/superH/libc.a(callocr.o)
                0x000000000800b440                _calloc_r
 .text          0x000000000800b4d0       0x50 ../../../../../tools/tools-lib/superH/libc.a(signalr.o)
                0x000000000800b4d0                _getpid_r
                0x000000000800b4e0                _kill_r
 .text          0x000000000800b520       0x10 ../../../../../tools/tools-lib/superH/libc.a(s_infconst.o)
                0x000000000800b520                __infinity
 .text          0x000000000800b530       0x30 ../../../../../tools/tools-lib/superH/libgcc.a(_mulsi3.o)
                0x000000000800b530                __mulsi3
 .text          0x000000000800b560       0x70 ../../../../../tools/tools-lib/superH/libgcc.a(_udivsi3.o)
                0x000000000800b582                __udivsi3
 .text          0x000000000800b5d0       0x70 ../../../../../tools/tools-lib/superH/libgcc.a(_lt_df.o)
                0x000000000800b5d0                __ltdf2
 .text          0x000000000800b640       0x70 ../../../../../tools/tools-lib/superH/libgcc.a(_ne_df.o)
                0x000000000800b640                __nedf2
 .text          0x000000000800b6b0       0x70 ../../../../../tools/tools-lib/superH/libgcc.a(_eq_df.o)
                0x000000000800b6b0                __eqdf2
 .text          0x000000000800b720       0xa0 ../../../../../tools/tools-lib/superH/libgcc.a(_sdivsi3.o)
                0x000000000800b720                __sdivsi3
 .text          0x000000000800b7c0       0x70 ../../../../../tools/tools-lib/superH/libgcc.a(_df_to_sf.o)
                0x000000000800b7c0                __truncdfsf2
 .text          0x000000000800b830       0x90 ../../../../../tools/tools-lib/superH/libgcc.a(_ashiftlt.o)
                0x000000000800b830                __ashlsi3
 .text          0x000000000800b8c0       0x90 ../../../../../tools/tools-lib/superH/libgcc.a(_lshiftrt.o)
                0x000000000800b8c0                __lshrsi3
 .text          0x000000000800b950       0xd0 ../../../../../tools/tools-lib/superH/libgcc.a(_usi_to_df.o)
                0x000000000800b950                __floatunsidf
 .text          0x000000000800ba20      0x390 ../../../../../tools/tools-lib/superH/libgcc.a(_addsub_df.o)
                0x000000000800bce8                __subdf3
                0x000000000800bd50                __adddf3
 .text          0x000000000800bdb0      0x300 ../../../../../tools/tools-lib/superH/libgcc.a(_mul_df.o)
                0x000000000800bdb0                __muldf3
 .text          0x000000000800c0b0       0xa0 ../../../../../tools/tools-lib/superH/libgcc.a(_si_to_df.o)
                0x000000000800c0b0                __floatsidf
 .text          0x000000000800c150       0x90 ../../../../../tools/tools-lib/superH/libgcc.a(_df_to_si.o)
                0x000000000800c150                __fixdfsi
 .text          0x000000000800c1e0      0x190 ../../../../../tools/tools-lib/superH/libgcc.a(_div_df.o)
                0x000000000800c1e0                __divdf3
 .text          0x000000000800c370       0x70 ../../../../../tools/tools-lib/superH/libgcc.a(_gt_df.o)
                0x000000000800c370                __gtdf2
 .text          0x000000000800c3e0       0x70 ../../../../../tools/tools-lib/superH/libgcc.a(_ge_df.o)
                0x000000000800c3e0                __gedf2
 .text          0x000000000800c450       0x60 ../../../../../tools/tools-lib/superH/libgcc.a(_ashiftrt.o)
                0x000000000800c45c                __ashiftrt_r4_27
                0x000000000800c490                __ashiftrt_r4_6
                0x000000000800c480                __ashiftrt_r4_14
                0x000000000800c472                __ashiftrt_r4_19
                0x000000000800c48a                __ashiftrt_r4_9
                0x000000000800c49e                __ashiftrt_r4_0
                0x000000000800c450                __ashiftrt_r4_31
                0x000000000800c45e                __ashiftrt_r4_26
                0x000000000800c46c                __ashiftrt_r4_22
                0x000000000800c478                __ashiftrt_r4_16
                0x000000000800c484                __ashiftrt_r4_12
                0x000000000800c458                __ashiftrt_r4_29
                0x000000000800c476                __ashiftrt_r4_17
                0x000000000800c456                __ashiftrt_r4_30
                0x000000000800c492                __ashiftrt_r4_5
                0x000000000800c48c                __ashiftrt_r4_8
                0x000000000800c450                __ashiftrt_r4_32
                0x000000000800c460                __ashiftrt_r4_25
                0x000000000800c498                __ashiftrt_r4_2
                0x000000000800c462                __ashiftrt_r4_24
                0x000000000800c47e                __ashiftrt_r4_15
                0x000000000800c488                __ashiftrt_r4_10
                0x000000000800c49a                __ashiftrt_r4_1
                0x000000000800c45a                __ashiftrt_r4_28
                0x000000000800c470                __ashiftrt_r4_20
                0x000000000800c48e                __ashiftrt_r4_7
                0x000000000800c482                __ashiftrt_r4_13
                0x000000000800c486                __ashiftrt_r4_11
                0x000000000800c494                __ashiftrt_r4_4
                0x000000000800c46a                __ashiftrt_r4_23
                0x000000000800c474                __ashiftrt_r4_18
                0x000000000800c46e                __ashiftrt_r4_21
                0x000000000800c496                __ashiftrt_r4_3
 .text          0x000000000800c4b0       0x90 ../../../../../tools/tools-lib/superH/libgcc.a(_ashiftrt_n.o)
                0x000000000800c4b0                __ashrsi3
 .text          0x000000000800c540       0x70 ../../../../../tools/tools-lib/superH/libgcc.a(_le_df.o)
                0x000000000800c540                __ledf2
 .text          0x000000000800c5b0      0x100 ../../../../../tools/tools-lib/superH/libgcc.a(_unpack_df.o)
                0x000000000800c5b0                __unpack_d
 .text          0x000000000800c6b0       0xc0 ../../../../../tools/tools-lib/superH/libgcc.a(_fpcmp_parts_df.o)
                0x000000000800c6b0                __fpcmp_parts_d
 .text          0x000000000800c770       0x30 ../../../../../tools/tools-lib/superH/libgcc.a(_make_sf.o)
                0x000000000800c770                __make_fp
 .text          0x000000000800c7a0      0x1f0 ../../../../../tools/tools-lib/superH/libgcc.a(_pack_df.o)
                0x000000000800c7a0                __pack_d
 .text          0x000000000800c990       0xa0 ../../../../../tools/tools-lib/superH/libgcc.a(_clzsi2.o)
                0x000000000800c990                __clzsi2
 .text          0x000000000800ca30       0x80 ../../../../../tools/tools-lib/superH/libgcc.a(_ashldi3.o)
                0x000000000800ca30                __ashldi3
 .text          0x000000000800cab0       0x80 ../../../../../tools/tools-lib/superH/libgcc.a(_lshrdi3.o)
                0x000000000800cab0                __lshrdi3
 .text          0x000000000800cb30       0x20 ../../../../../tools/tools-lib/superH/libgcc.a(_thenan_df.o)
                0x000000000800cb30                __thenan_df
 .text          0x000000000800cb50       0xd0 ../../../../../tools/tools-lib/superH/libgcc.a(_muldi3.o)
                0x000000000800cb50                __muldi3
 .text          0x000000000800cc20      0x130 ../../../../../tools/tools-lib/superH/libgcc.a(_pack_sf.o)
                0x000000000800cc20                __pack_f
 .text          0x000000000800cd50      0x100 ../../../../../tools/tools-lib/superH/libgcc.a(_clz.o)
                0x000000000800cd50                __clz_tab
 *(.strings)
                0x000000000800ce50                _etext = .

.data           0x000000000800ce50      0x710
                0x000000000800ce50                _data = .
 *(.data)
 .data          0x000000000800ce50      0x2f0 ../../../../../tools/tools-lib/superH/libc.a(impure.o)
                0x000000000800ce50                _impure_ptr
 .data          0x000000000800d140       0x10 ../../../../../tools/tools-lib/superH/libc.a(locale.o)
                0x000000000800d140                __mb_cur_max
 .data          0x000000000800d150      0x410 ../../../../../tools/tools-lib/superH/libc.a(mallocr.o)
                0x000000000800d150                __malloc_av_
                0x000000000800d558                __malloc_trim_threshold
                0x000000000800d55c                __malloc_sbrk_base
                0x000000000800d560                _edata = .

.bss            0x000000000800d560       0x54
                0x000000000800d560                _bss = .
 *(.bss)
 .bss           0x000000000800d560       0x10 ../../../../../tools/tools-lib/superH/libc.a(syscalls.o)
 .bss           0x000000000800d570       0x40 ../../../../../tools/tools-lib/superH/libc.a(mallocr.o)
                0x000000000800d570                __malloc_top_pad
                0x000000000800d57c                __malloc_current_mallinfo
                0x000000000800d574                __malloc_max_sbrked_mem
                0x000000000800d578                __malloc_max_total_mem
 *(COMMON)
 COMMON         0x000000000800d5b0        0x4 ../../../../../tools/tools-lib/superH/libc.a(syscalls.o)
                0x000000000800d5b0                errno
                0x000000000800d5b4                _ebss = .
                0x000000000800d5b4                _end = .
LOAD init.o
LOAD qsort_small.o
LOAD ../../../../../tools/tools-lib/superH/libc.a
LOAD ../../../../../tools/tools-lib/superH/libm.a
LOAD ../../../../../tools/tools-lib/superH/libgcc.a
LOAD ../../../../../sys/libOS/eOS/libeOS-superH.a
OUTPUT(qsort_small coff-sh)

.stab           0x000000000800d5b4      0x5a0
 .stab          0x000000000800d5b4      0x594 qsort_small.o

.comment        0x000000000800db50      0xa00
 .comment       0x000000000800db50       0x20 qsort_small.o
 .comment       0x000000000800db70       0x20 ../../../../../tools/tools-lib/superH/libc.a(errno.o)
 .comment       0x000000000800db90       0x20 ../../../../../tools/tools-lib/superH/libc.a(impure.o)
 .comment       0x000000000800dbb0       0x20 ../../../../../tools/tools-lib/superH/libc.a(fprintf.o)
 .comment       0x000000000800dbd0       0x20 ../../../../../tools/tools-lib/superH/libc.a(exit.o)
 .comment       0x000000000800dbf0       0x20 ../../../../../tools/tools-lib/superH/libc.a(fopen.o)
 .comment       0x000000000800dc10       0x20 ../../../../../tools/tools-lib/superH/libc.a(fscanf.o)
 .comment       0x000000000800dc30       0x20 ../../../../../tools/tools-lib/superH/libc.a(printf.o)
 .comment       0x000000000800dc50       0x20 ../../../../../tools/tools-lib/superH/libc.a(qsort.o)
 .comment       0x000000000800dc70       0x20 ../../../../../tools/tools-lib/superH/libc.a(vfprintf.o)
 .comment       0x000000000800dc90       0x20 ../../../../../tools/tools-lib/superH/libc.a(syscalls.o)
 .comment       0x000000000800dcb0       0x20 ../../../../../tools/tools-lib/superH/libc.a(flags.o)
 .comment       0x000000000800dcd0       0x20 ../../../../../tools/tools-lib/superH/libc.a(findfp.o)
 .comment       0x000000000800dcf0       0x20 ../../../../../tools/tools-lib/superH/libc.a(openr.o)
 .comment       0x000000000800dd10       0x20 ../../../../../tools/tools-lib/superH/libc.a(stdio.o)
 .comment       0x000000000800dd30       0x20 ../../../../../tools/tools-lib/superH/libc.a(fseek.o)
 .comment       0x000000000800dd50       0x20 ../../../../../tools/tools-lib/superH/libc.a(vfscanf.o)
 .comment       0x000000000800dd70       0x20 ../../../../../tools/tools-lib/superH/libc.a(fvwrite.o)
 .comment       0x000000000800dd90       0x20 ../../../../../tools/tools-lib/superH/libc.a(locale.o)
 .comment       0x000000000800ddb0       0x20 ../../../../../tools/tools-lib/superH/libc.a(wsetup.o)
 .comment       0x000000000800ddd0       0x20 ../../../../../tools/tools-lib/superH/libc.a(fflush.o)
 .comment       0x000000000800ddf0       0x20 ../../../../../tools/tools-lib/superH/libc.a(mbtowc_r.o)
 .comment       0x000000000800de10       0x20 ../../../../../tools/tools-lib/superH/libc.a(s_isinf.o)
 .comment       0x000000000800de30       0x20 ../../../../../tools/tools-lib/superH/libc.a(s_isnan.o)
 .comment       0x000000000800de50       0x20 ../../../../../tools/tools-lib/superH/libc.a(dtoa.o)
 .comment       0x000000000800de70       0x20 ../../../../../tools/tools-lib/superH/libc.a(memchr.o)
 .comment       0x000000000800de90       0x20 ../../../../../tools/tools-lib/superH/libc.a(strlen.o)
 .comment       0x000000000800deb0       0x20 ../../../../../tools/tools-lib/superH/libc.a(abort.o)
 .comment       0x000000000800ded0       0x20 ../../../../../tools/tools-lib/superH/libc.a(fwalk.o)
 .comment       0x000000000800def0       0x20 ../../../../../tools/tools-lib/superH/libc.a(mallocr.o)
 .comment       0x000000000800df10       0x20 ../../../../../tools/tools-lib/superH/libc.a(closer.o)
 .comment       0x000000000800df30       0x20 ../../../../../tools/tools-lib/superH/libc.a(lseekr.o)
 .comment       0x000000000800df50       0x20 ../../../../../tools/tools-lib/superH/libc.a(writer.o)
 .comment       0x000000000800df70       0x20 ../../../../../tools/tools-lib/superH/libc.a(readr.o)
 .comment       0x000000000800df90       0x20 ../../../../../tools/tools-lib/superH/libc.a(makebuf.o)
 .comment       0x000000000800dfb0       0x20 ../../../../../tools/tools-lib/superH/libc.a(fstatr.o)
 .comment       0x000000000800dfd0       0x20 ../../../../../tools/tools-lib/superH/libc.a(freer.o)
 .comment       0x000000000800dff0       0x20 ../../../../../tools/tools-lib/superH/libc.a(refill.o)
 .comment       0x000000000800e010       0x20 ../../../../../tools/tools-lib/superH/libc.a(ctype_.o)
 .comment       0x000000000800e030       0x20 ../../../../../tools/tools-lib/superH/libc.a(strtol.o)
 .comment       0x000000000800e050       0x20 ../../../../../tools/tools-lib/superH/libc.a(strtoul.o)
 .comment       0x000000000800e070       0x20 ../../../../../tools/tools-lib/superH/libc.a(fread.o)
 .comment       0x000000000800e090       0x20 ../../../../../tools/tools-lib/superH/libc.a(ungetc.o)
 .comment       0x000000000800e0b0       0x20 ../../../../../tools/tools-lib/superH/libc.a(atol.o)
 .comment       0x000000000800e0d0       0x20 ../../../../../tools/tools-lib/superH/libc.a(sprintf.o)
 .comment       0x000000000800e0f0       0x20 ../../../../../tools/tools-lib/superH/libc.a(atof.o)
 .comment       0x000000000800e110       0x20 ../../../../../tools/tools-lib/superH/libc.a(memmove.o)
 .comment       0x000000000800e130       0x20 ../../../../../tools/tools-lib/superH/libc.a(mprec.o)
 .comment       0x000000000800e150       0x20 ../../../../../tools/tools-lib/superH/libc.a(signal.o)
 .comment       0x000000000800e170       0x20 ../../../../../tools/tools-lib/superH/libc.a(mlock.o)
 .comment       0x000000000800e190       0x20 ../../../../../tools/tools-lib/superH/libc.a(sbrkr.o)
 .comment       0x000000000800e1b0       0x20 ../../../../../tools/tools-lib/superH/libc.a(reallocr.o)
 .comment       0x000000000800e1d0       0x20 ../../../../../tools/tools-lib/superH/libc.a(strtod.o)
 .comment       0x000000000800e1f0       0x20 ../../../../../tools/tools-lib/superH/libc.a(callocr.o)
 .comment       0x000000000800e210       0x20 ../../../../../tools/tools-lib/superH/libc.a(signalr.o)
 .comment       0x000000000800e230       0x20 ../../../../../tools/tools-lib/superH/libc.a(s_infconst.o)
 .comment       0x000000000800e250       0x20 ../../../../../tools/tools-lib/superH/libgcc.a(_lt_df.o)
 .comment       0x000000000800e270       0x20 ../../../../../tools/tools-lib/superH/libgcc.a(_ne_df.o)
 .comment       0x000000000800e290       0x20 ../../../../../tools/tools-lib/superH/libgcc.a(_eq_df.o)
 .comment       0x000000000800e2b0       0x20 ../../../../../tools/tools-lib/superH/libgcc.a(_df_to_sf.o)
 .comment       0x000000000800e2d0       0x20 ../../../../../tools/tools-lib/superH/libgcc.a(_usi_to_df.o)
 .comment       0x000000000800e2f0       0x20 ../../../../../tools/tools-lib/superH/libgcc.a(_addsub_df.o)
 .comment       0x000000000800e310       0x20 ../../../../../tools/tools-lib/superH/libgcc.a(_mul_df.o)
 .comment       0x000000000800e330       0x20 ../../../../../tools/tools-lib/superH/libgcc.a(_si_to_df.o)
 .comment       0x000000000800e350       0x20 ../../../../../tools/tools-lib/superH/libgcc.a(_df_to_si.o)
 .comment       0x000000000800e370       0x20 ../../../../../tools/tools-lib/superH/libgcc.a(_div_df.o)
 .comment       0x000000000800e390       0x20 ../../../../../tools/tools-lib/superH/libgcc.a(_gt_df.o)
 .comment       0x000000000800e3b0       0x20 ../../../../../tools/tools-lib/superH/libgcc.a(_ge_df.o)
 .comment       0x000000000800e3d0       0x20 ../../../../../tools/tools-lib/superH/libgcc.a(_le_df.o)
 .comment       0x000000000800e3f0       0x20 ../../../../../tools/tools-lib/superH/libgcc.a(_unpack_df.o)
 .comment       0x000000000800e410       0x20 ../../../../../tools/tools-lib/superH/libgcc.a(_fpcmp_parts_df.o)
 .comment       0x000000000800e430       0x20 ../../../../../tools/tools-lib/superH/libgcc.a(_make_sf.o)
 .comment       0x000000000800e450       0x20 ../../../../../tools/tools-lib/superH/libgcc.a(_pack_df.o)
 .comment       0x000000000800e470       0x20 ../../../../../tools/tools-lib/superH/libgcc.a(_clzsi2.o)
 .comment       0x000000000800e490       0x20 ../../../../../tools/tools-lib/superH/libgcc.a(_ashldi3.o)
 .comment       0x000000000800e4b0       0x20 ../../../../../tools/tools-lib/superH/libgcc.a(_lshrdi3.o)
 .comment       0x000000000800e4d0       0x20 ../../../../../tools/tools-lib/superH/libgcc.a(_thenan_df.o)
 .comment       0x000000000800e4f0       0x20 ../../../../../tools/tools-lib/superH/libgcc.a(_muldi3.o)
 .comment       0x000000000800e510       0x20 ../../../../../tools/tools-lib/superH/libgcc.a(_pack_sf.o)
 .comment       0x000000000800e530       0x20 ../../../../../tools/tools-lib/superH/libgcc.a(_clz.o)

.stabstr        0x000000000800e550     0x131b
 .stabstr       0x000000000800e550     0x131b qsort_small.o
