Archive member included because of file (symbol)

../../../../../tools/tools-lib/superH/libc.a(errno.o)
                              init.o (__errno)
../../../../../tools/tools-lib/superH/libc.a(printf.o)
                              dijkstra_small.o (printf)
../../../../../tools/tools-lib/superH/libc.a(impure.o)
                              dijkstra_small.o (_impure_ptr)
../../../../../tools/tools-lib/superH/libc.a(fflush.o)
                              dijkstra_small.o (fflush)
../../../../../tools/tools-lib/superH/libc.a(malloc.o)
                              dijkstra_small.o (free)
../../../../../tools/tools-lib/superH/libc.a(fprintf.o)
                              dijkstra_small.o (fprintf)
../../../../../tools/tools-lib/superH/libc.a(exit.o)
                              dijkstra_small.o (exit)
../../../../../tools/tools-lib/superH/libc.a(fopen.o)
                              dijkstra_small.o (fopen)
../../../../../tools/tools-lib/superH/libc.a(fscanf.o)
                              dijkstra_small.o (fscanf)
../../../../../tools/tools-lib/superH/libc.a(vfprintf.o)
                              ../../../../../tools/tools-lib/superH/libc.a(printf.o) (vfprintf)
../../../../../tools/tools-lib/superH/libc.a(fwalk.o)
                              ../../../../../tools/tools-lib/superH/libc.a(fflush.o) (_fwalk)
../../../../../tools/tools-lib/superH/libc.a(findfp.o)
                              ../../../../../tools/tools-lib/superH/libc.a(fflush.o) (__sinit)
../../../../../tools/tools-lib/superH/libc.a(freer.o)
                              ../../../../../tools/tools-lib/superH/libc.a(malloc.o) (_free_r)
../../../../../tools/tools-lib/superH/libc.a(mallocr.o)
                              ../../../../../tools/tools-lib/superH/libc.a(malloc.o) (_malloc_r)
../../../../../tools/tools-lib/superH/libc.a(syscalls.o)
                              ../../../../../tools/tools-lib/superH/libc.a(exit.o) (_exit)
../../../../../tools/tools-lib/superH/libc.a(flags.o)
                              ../../../../../tools/tools-lib/superH/libc.a(fopen.o) (__sflags)
../../../../../tools/tools-lib/superH/libc.a(openr.o)
                              ../../../../../tools/tools-lib/superH/libc.a(fopen.o) (_open_r)
../../../../../tools/tools-lib/superH/libc.a(stdio.o)
                              ../../../../../tools/tools-lib/superH/libc.a(fopen.o) (__sclose)
../../../../../tools/tools-lib/superH/libc.a(fseek.o)
                              ../../../../../tools/tools-lib/superH/libc.a(fopen.o) (fseek)
../../../../../tools/tools-lib/superH/libc.a(vfscanf.o)
                              ../../../../../tools/tools-lib/superH/libc.a(fscanf.o) (__svfscanf)
../../../../../tools/tools-lib/superH/libc.a(fvwrite.o)
                              ../../../../../tools/tools-lib/superH/libc.a(vfprintf.o) (__sfvwrite)
../../../../../tools/tools-lib/superH/libc.a(locale.o)
                              ../../../../../tools/tools-lib/superH/libc.a(vfprintf.o) (localeconv)
../../../../../tools/tools-lib/superH/libc.a(wsetup.o)
                              ../../../../../tools/tools-lib/superH/libc.a(vfprintf.o) (__swsetup)
../../../../../tools/tools-lib/superH/libc.a(mbtowc_r.o)
                              ../../../../../tools/tools-lib/superH/libc.a(vfprintf.o) (_mbtowc_r)
../../../../../tools/tools-lib/superH/libc.a(s_isinf.o)
                              ../../../../../tools/tools-lib/superH/libc.a(vfprintf.o) (isinf)
../../../../../tools/tools-lib/superH/libc.a(s_isnan.o)
                              ../../../../../tools/tools-lib/superH/libc.a(vfprintf.o) (isnan)
../../../../../tools/tools-lib/superH/libc.a(dtoa.o)
                              ../../../../../tools/tools-lib/superH/libc.a(vfprintf.o) (_dtoa_r)
../../../../../tools/tools-lib/superH/libc.a(memchr.o)
                              ../../../../../tools/tools-lib/superH/libc.a(vfprintf.o) (memchr)
../../../../../tools/tools-lib/superH/libc.a(strlen.o)
                              ../../../../../tools/tools-lib/superH/libc.a(vfprintf.o) (strlen)
../../../../../tools/tools-lib/superH/libc.a(memset.o)
                              ../../../../../tools/tools-lib/superH/libc.a(findfp.o) (memset)
../../../../../tools/tools-lib/superH/libc.a(mlock.o)
                              ../../../../../tools/tools-lib/superH/libc.a(freer.o) (__malloc_lock)
../../../../../tools/tools-lib/superH/libc.a(sbrkr.o)
                              ../../../../../tools/tools-lib/superH/libc.a(freer.o) (_sbrk_r)
../../../../../tools/tools-lib/superH/libc.a(trap.o)
                              ../../../../../tools/tools-lib/superH/libc.a(syscalls.o) (__trap34)
../../../../../tools/tools-lib/superH/libc.a(abort.o)
                              ../../../../../tools/tools-lib/superH/libc.a(syscalls.o) (abort)
../../../../../tools/tools-lib/superH/libc.a(closer.o)
                              ../../../../../tools/tools-lib/superH/libc.a(stdio.o) (_close_r)
../../../../../tools/tools-lib/superH/libc.a(lseekr.o)
                              ../../../../../tools/tools-lib/superH/libc.a(stdio.o) (_lseek_r)
../../../../../tools/tools-lib/superH/libc.a(writer.o)
                              ../../../../../tools/tools-lib/superH/libc.a(stdio.o) (_write_r)
../../../../../tools/tools-lib/superH/libc.a(readr.o)
                              ../../../../../tools/tools-lib/superH/libc.a(stdio.o) (_read_r)
../../../../../tools/tools-lib/superH/libc.a(makebuf.o)
                              ../../../../../tools/tools-lib/superH/libc.a(fseek.o) (__smakebuf)
../../../../../tools/tools-lib/superH/libc.a(fstatr.o)
                              ../../../../../tools/tools-lib/superH/libc.a(fseek.o) (_fstat_r)
../../../../../tools/tools-lib/superH/libc.a(refill.o)
                              ../../../../../tools/tools-lib/superH/libc.a(fseek.o) (__srefill)
../../../../../tools/tools-lib/superH/libc.a(ctype_.o)
                              ../../../../../tools/tools-lib/superH/libc.a(vfscanf.o) (_ctype_)
../../../../../tools/tools-lib/superH/libc.a(strtol.o)
                              ../../../../../tools/tools-lib/superH/libc.a(vfscanf.o) (strtol)
../../../../../tools/tools-lib/superH/libc.a(strtoul.o)
                              ../../../../../tools/tools-lib/superH/libc.a(vfscanf.o) (strtoul)
../../../../../tools/tools-lib/superH/libc.a(fread.o)
                              ../../../../../tools/tools-lib/superH/libc.a(vfscanf.o) (fread)
../../../../../tools/tools-lib/superH/libc.a(ungetc.o)
                              ../../../../../tools/tools-lib/superH/libc.a(vfscanf.o) (ungetc)
../../../../../tools/tools-lib/superH/libc.a(atol.o)
                              ../../../../../tools/tools-lib/superH/libc.a(vfscanf.o) (atol)
../../../../../tools/tools-lib/superH/libc.a(sprintf.o)
                              ../../../../../tools/tools-lib/superH/libc.a(vfscanf.o) (sprintf)
../../../../../tools/tools-lib/superH/libc.a(atof.o)
                              ../../../../../tools/tools-lib/superH/libc.a(vfscanf.o) (atof)
../../../../../tools/tools-lib/superH/libc.a(memmove.o)
                              ../../../../../tools/tools-lib/superH/libc.a(fvwrite.o) (memmove)
../../../../../tools/tools-lib/superH/libc.a(strcmp.o)
                              ../../../../../tools/tools-lib/superH/libc.a(locale.o) (strcmp)
../../../../../tools/tools-lib/superH/libc.a(mprec.o)
                              ../../../../../tools/tools-lib/superH/libc.a(dtoa.o) (_Bfree)
../../../../../tools/tools-lib/superH/libc.a(memcpy.o)
                              ../../../../../tools/tools-lib/superH/libc.a(dtoa.o) (memcpy)
../../../../../tools/tools-lib/superH/libc.a(signal.o)
                              ../../../../../tools/tools-lib/superH/libc.a(abort.o) (raise)
../../../../../tools/tools-lib/superH/libc.a(reallocr.o)
                              ../../../../../tools/tools-lib/superH/libc.a(ungetc.o) (_realloc_r)
../../../../../tools/tools-lib/superH/libc.a(strtod.o)
                              ../../../../../tools/tools-lib/superH/libc.a(atof.o) (strtod)
../../../../../tools/tools-lib/superH/libc.a(callocr.o)
                              ../../../../../tools/tools-lib/superH/libc.a(mprec.o) (_calloc_r)
../../../../../tools/tools-lib/superH/libc.a(signalr.o)
                              ../../../../../tools/tools-lib/superH/libc.a(signal.o) (_getpid_r)
../../../../../tools/tools-lib/superH/libc.a(s_infconst.o)
                              ../../../../../tools/tools-lib/superH/libc.a(strtod.o) (__infinity)
../../../../../tools/tools-lib/superH/libgcc.a(_sdivsi3.o)
                              dijkstra_small.o (__sdivsi3)
../../../../../tools/tools-lib/superH/libgcc.a(_lt_df.o)
                              ../../../../../tools/tools-lib/superH/libc.a(vfprintf.o) (__ltdf2)
../../../../../tools/tools-lib/superH/libgcc.a(_ne_df.o)
                              ../../../../../tools/tools-lib/superH/libc.a(vfprintf.o) (__nedf2)
../../../../../tools/tools-lib/superH/libgcc.a(_eq_df.o)
                              ../../../../../tools/tools-lib/superH/libc.a(vfprintf.o) (__eqdf2)
../../../../../tools/tools-lib/superH/libgcc.a(_udivsi3.o)
                              ../../../../../tools/tools-lib/superH/libc.a(vfprintf.o) (__udivsi3)
../../../../../tools/tools-lib/superH/libgcc.a(_ashiftlt.o)
                              ../../../../../tools/tools-lib/superH/libc.a(freer.o) (__ashlsi3)
../../../../../tools/tools-lib/superH/libgcc.a(_df_to_sf.o)
                              ../../../../../tools/tools-lib/superH/libc.a(vfscanf.o) (__truncdfsf2)
../../../../../tools/tools-lib/superH/libgcc.a(_mulsi3.o)
                              ../../../../../tools/tools-lib/superH/libc.a(dtoa.o) (__mulsi3)
../../../../../tools/tools-lib/superH/libgcc.a(_lshiftrt.o)
                              ../../../../../tools/tools-lib/superH/libc.a(dtoa.o) (__lshrsi3)
../../../../../tools/tools-lib/superH/libgcc.a(_usi_to_df.o)
                              ../../../../../tools/tools-lib/superH/libc.a(dtoa.o) (__floatunsidf)
../../../../../tools/tools-lib/superH/libgcc.a(_addsub_df.o)
                              ../../../../../tools/tools-lib/superH/libc.a(dtoa.o) (__subdf3)
../../../../../tools/tools-lib/superH/libgcc.a(_mul_df.o)
                              ../../../../../tools/tools-lib/superH/libc.a(dtoa.o) (__muldf3)
../../../../../tools/tools-lib/superH/libgcc.a(_si_to_df.o)
                              ../../../../../tools/tools-lib/superH/libc.a(dtoa.o) (__floatsidf)
../../../../../tools/tools-lib/superH/libgcc.a(_df_to_si.o)
                              ../../../../../tools/tools-lib/superH/libc.a(dtoa.o) (__fixdfsi)
../../../../../tools/tools-lib/superH/libgcc.a(_div_df.o)
                              ../../../../../tools/tools-lib/superH/libc.a(dtoa.o) (__divdf3)
../../../../../tools/tools-lib/superH/libgcc.a(_gt_df.o)
                              ../../../../../tools/tools-lib/superH/libc.a(dtoa.o) (__gtdf2)
../../../../../tools/tools-lib/superH/libgcc.a(_ge_df.o)
                              ../../../../../tools/tools-lib/superH/libc.a(dtoa.o) (__gedf2)
../../../../../tools/tools-lib/superH/libgcc.a(_ashiftrt.o)
                              ../../../../../tools/tools-lib/superH/libc.a(mprec.o) (__ashiftrt_r4_20)
../../../../../tools/tools-lib/superH/libgcc.a(_ashiftrt_n.o)
                              ../../../../../tools/tools-lib/superH/libc.a(mprec.o) (__ashrsi3)
../../../../../tools/tools-lib/superH/libgcc.a(_le_df.o)
                              ../../../../../tools/tools-lib/superH/libc.a(strtod.o) (__ledf2)
../../../../../tools/tools-lib/superH/libgcc.a(_unpack_df.o)
                              ../../../../../tools/tools-lib/superH/libgcc.a(_lt_df.o) (__unpack_d)
../../../../../tools/tools-lib/superH/libgcc.a(_fpcmp_parts_df.o)
                              ../../../../../tools/tools-lib/superH/libgcc.a(_lt_df.o) (__fpcmp_parts_d)
../../../../../tools/tools-lib/superH/libgcc.a(_make_sf.o)
                              ../../../../../tools/tools-lib/superH/libgcc.a(_df_to_sf.o) (__make_fp)
../../../../../tools/tools-lib/superH/libgcc.a(_pack_df.o)
                              ../../../../../tools/tools-lib/superH/libgcc.a(_usi_to_df.o) (__pack_d)
../../../../../tools/tools-lib/superH/libgcc.a(_clzsi2.o)
                              ../../../../../tools/tools-lib/superH/libgcc.a(_usi_to_df.o) (__clzsi2)
../../../../../tools/tools-lib/superH/libgcc.a(_ashldi3.o)
                              ../../../../../tools/tools-lib/superH/libgcc.a(_usi_to_df.o) (__ashldi3)
../../../../../tools/tools-lib/superH/libgcc.a(_lshrdi3.o)
                              ../../../../../tools/tools-lib/superH/libgcc.a(_usi_to_df.o) (__lshrdi3)
../../../../../tools/tools-lib/superH/libgcc.a(_thenan_df.o)
                              ../../../../../tools/tools-lib/superH/libgcc.a(_addsub_df.o) (__thenan_df)
../../../../../tools/tools-lib/superH/libgcc.a(_muldi3.o)
                              ../../../../../tools/tools-lib/superH/libgcc.a(_mul_df.o) (__muldi3)
../../../../../tools/tools-lib/superH/libgcc.a(_pack_sf.o)
                              ../../../../../tools/tools-lib/superH/libgcc.a(_make_sf.o) (__pack_f)
../../../../../tools/tools-lib/superH/libgcc.a(_clz.o)
                              ../../../../../tools/tools-lib/superH/libgcc.a(_clzsi2.o) (__clz_tab)

Allocating common symbols
Common symbol       size              file

i                   0x4               dijkstra_small.o
rgnNodes            0x320             dijkstra_small.o
iPrev               0x4               dijkstra_small.o
iNode               0x4               dijkstra_small.o
ch                  0x4               dijkstra_small.o
iCost               0x4               dijkstra_small.o
AdjMatrix           0x9c40            dijkstra_small.o
iDist               0x4               dijkstra_small.o
errno               0x4               ../../../../../tools/tools-lib/superH/libc.a(syscalls.o)

Memory Configuration

Name             Origin             Length             Attributes
*default*        0x0000000000000000 0xffffffffffffffff

Linker script and memory map

Address of section .text set to 0x8004000

.text           0x0000000008004000     0x8f90
                0x0000000008004000                _text = .
 *(.text)
 .text          0x0000000008004000       0x20 init.o
 .text          0x0000000008004020      0x720 dijkstra_small.o
                0x00000000080042de                dijkstra
                0x0000000008004584                startup
                0x0000000008004260                qcount
                0x00000000080040cc                enqueue
                0x00000000080041cc                dequeue
                0x0000000008004024                print_path
 .text          0x0000000008004740       0x20 ../../../../../tools/tools-lib/superH/libc.a(errno.o)
                0x0000000008004740                __errno
 .text          0x0000000008004760       0x80 ../../../../../tools/tools-lib/superH/libc.a(printf.o)
                0x00000000080047a4                _printf_r
                0x0000000008004760                printf
 .text          0x00000000080047e0       0x10 ../../../../../tools/tools-lib/superH/libc.a(impure.o)
 .text          0x00000000080047f0       0xc0 ../../../../../tools/tools-lib/superH/libc.a(fflush.o)
                0x00000000080047f0                fflush
 .text          0x00000000080048b0       0x40 ../../../../../tools/tools-lib/superH/libc.a(malloc.o)
                0x00000000080048b0                free
                0x00000000080048cc                malloc
 .text          0x00000000080048f0       0x30 ../../../../../tools/tools-lib/superH/libc.a(fprintf.o)
                0x00000000080048f0                fprintf
 .text          0x0000000008004920       0x60 ../../../../../tools/tools-lib/superH/libc.a(exit.o)
                0x0000000008004920                exit
 .text          0x0000000008004980       0xe0 ../../../../../tools/tools-lib/superH/libc.a(fopen.o)
                0x0000000008004980                _fopen_r
                0x0000000008004a38                fopen
 .text          0x0000000008004a60       0x30 ../../../../../tools/tools-lib/superH/libc.a(fscanf.o)
                0x0000000008004a60                fscanf
 .text          0x0000000008004a90     0x1280 ../../../../../tools/tools-lib/superH/libc.a(vfprintf.o)
                0x0000000008004b72                _vfprintf_r
                0x0000000008004ac0                vfprintf
 .text          0x0000000008005d10       0x60 ../../../../../tools/tools-lib/superH/libc.a(fwalk.o)
                0x0000000008005d10                _fwalk
 .text          0x0000000008005d70      0x1e0 ../../../../../tools/tools-lib/superH/libc.a(findfp.o)
                0x0000000008005eb0                __sfp
                0x0000000008005db8                __sinit
                0x0000000008005e40                _cleanup
                0x0000000008005e28                _cleanup_r
                0x0000000008005e58                __sfmoreglue
 .text          0x0000000008005f50      0x2d0 ../../../../../tools/tools-lib/superH/libc.a(freer.o)
                0x0000000008005f50                _malloc_trim_r
                0x0000000008006018                _free_r
 .text          0x0000000008006220      0x4f0 ../../../../../tools/tools-lib/superH/libc.a(mallocr.o)
                0x0000000008006220                _malloc_r
 .text          0x0000000008006710      0x280 ../../../../../tools/tools-lib/superH/libc.a(syscalls.o)
                0x0000000008006854                _exit
                0x0000000008006746                _getpid
                0x00000000080067cc                _utime
                0x00000000080068bc                _write
                0x00000000080068f4                _read
                0x000000000800672e                _unlink
                0x0000000008006888                _open
                0x000000000800681c                _stat
                0x000000000800673a                isatty
                0x00000000080067a4                _wait
                0x0000000008006838                _kill
                0x0000000008006804                _chmod
                0x0000000008006770                _execv
                0x0000000008006788                _execve
                0x0000000008006710                _link
                0x0000000008006752                _raise
                0x000000000800686c                _creat
                0x000000000800675c                _pipe
                0x00000000080067e8                _chown
                0x00000000080068d8                _lseek
                0x00000000080068a4                _close
                0x000000000800671c                _fstat
                0x00000000080067b8                _fork
                0x000000000800692a                _sbrk
 .text          0x0000000008006990       0x60 ../../../../../tools/tools-lib/superH/libc.a(flags.o)
                0x0000000008006990                __sflags
 .text          0x00000000080069f0       0x40 ../../../../../tools/tools-lib/superH/libc.a(openr.o)
                0x00000000080069f0                _open_r
 .text          0x0000000008006a30      0x120 ../../../../../tools/tools-lib/superH/libc.a(stdio.o)
                0x0000000008006a9c                __swrite
                0x0000000008006a30                __sclose
                0x0000000008006b04                __sread
                0x0000000008006a4c                __sseek
 .text          0x0000000008006b50      0x300 ../../../../../tools/tools-lib/superH/libc.a(fseek.o)
                0x0000000008006b50                fseek
 .text          0x0000000008006e50      0x8f0 ../../../../../tools/tools-lib/superH/libc.a(vfscanf.o)
                0x0000000008006ed2                __svfscanf
                0x0000000008006e50                __sccl
 .text          0x0000000008007740      0x240 ../../../../../tools/tools-lib/superH/libc.a(fvwrite.o)
                0x0000000008007740                __sfvwrite
 .text          0x0000000008007980       0xd0 ../../../../../tools/tools-lib/superH/libc.a(locale.o)
                0x00000000080079ec                setlocale
                0x0000000008007996                _setlocale_r
                0x0000000008007a0c                localeconv
                0x0000000008007980                _localeconv_r
 .text          0x0000000008007a50       0xd0 ../../../../../tools/tools-lib/superH/libc.a(wsetup.o)
                0x0000000008007a50                __swsetup
 .text          0x0000000008007b20       0x40 ../../../../../tools/tools-lib/superH/libc.a(mbtowc_r.o)
                0x0000000008007b20                _mbtowc_r
 .text          0x0000000008007b60       0x30 ../../../../../tools/tools-lib/superH/libc.a(s_isinf.o)
                0x0000000008007b60                isinf
 .text          0x0000000008007b90       0x30 ../../../../../tools/tools-lib/superH/libc.a(s_isnan.o)
                0x0000000008007b90                isnan
 .text          0x0000000008007bc0     0x1020 ../../../../../tools/tools-lib/superH/libc.a(dtoa.o)
                0x0000000008007d5a                _dtoa_r
 .text          0x0000000008008be0       0x30 ../../../../../tools/tools-lib/superH/libc.a(memchr.o)
                0x0000000008008be0                memchr
 .text          0x0000000008008c10       0x20 ../../../../../tools/tools-lib/superH/libc.a(strlen.o)
                0x0000000008008c10                strlen
 .text          0x0000000008008c30       0x40 ../../../../../tools/tools-lib/superH/libc.a(memset.o)
                0x0000000008008c30                memset
 .text          0x0000000008008c70       0x20 ../../../../../tools/tools-lib/superH/libc.a(mlock.o)
                0x0000000008008c70                __malloc_lock
                0x0000000008008c7a                __malloc_unlock
 .text          0x0000000008008c90       0x40 ../../../../../tools/tools-lib/superH/libc.a(sbrkr.o)
                0x0000000008008c90                _sbrk_r
 .text          0x0000000008008cd0       0x20 ../../../../../tools/tools-lib/superH/libc.a(trap.o)
                0x0000000008008cd0                __trap34
 .text          0x0000000008008cf0       0x20 ../../../../../tools/tools-lib/superH/libc.a(abort.o)
                0x0000000008008cf0                abort
 .text          0x0000000008008d10       0x40 ../../../../../tools/tools-lib/superH/libc.a(closer.o)
                0x0000000008008d10                _close_r
 .text          0x0000000008008d50       0x40 ../../../../../tools/tools-lib/superH/libc.a(lseekr.o)
                0x0000000008008d50                _lseek_r
 .text          0x0000000008008d90       0x40 ../../../../../tools/tools-lib/superH/libc.a(writer.o)
                0x0000000008008d90                _write_r
 .text          0x0000000008008dd0       0x40 ../../../../../tools/tools-lib/superH/libc.a(readr.o)
                0x0000000008008dd0                _read_r
 .text          0x0000000008008e10      0x110 ../../../../../tools/tools-lib/superH/libc.a(makebuf.o)
                0x0000000008008e10                __smakebuf
 .text          0x0000000008008f20       0x40 ../../../../../tools/tools-lib/superH/libc.a(fstatr.o)
                0x0000000008008f20                _fstat_r
 .text          0x0000000008008f60      0x140 ../../../../../tools/tools-lib/superH/libc.a(refill.o)
                0x0000000008008f84                __srefill
 .text          0x00000000080090a0      0x110 ../../../../../tools/tools-lib/superH/libc.a(ctype_.o)
                0x00000000080090a0                _ctype_
 .text          0x00000000080091b0      0x170 ../../../../../tools/tools-lib/superH/libc.a(strtol.o)
                0x00000000080092f4                strtol
                0x00000000080091b0                _strtol_r
 .text          0x0000000008009320      0x150 ../../../../../tools/tools-lib/superH/libc.a(strtoul.o)
                0x0000000008009320                _strtoul_r
                0x000000000800944c                strtoul
 .text          0x0000000008009470       0xb0 ../../../../../tools/tools-lib/superH/libc.a(fread.o)
                0x0000000008009470                fread
 .text          0x0000000008009520      0x1a0 ../../../../../tools/tools-lib/superH/libc.a(ungetc.o)
                0x00000000080095c4                ungetc
                0x0000000008009520                __submore
 .text          0x00000000080096c0       0x20 ../../../../../tools/tools-lib/superH/libc.a(atol.o)
                0x00000000080096c0                atol
 .text          0x00000000080096e0       0xb0 ../../../../../tools/tools-lib/superH/libc.a(sprintf.o)
                0x00000000080096e0                sprintf
                0x000000000800973c                _sprintf_r
 .text          0x0000000008009790       0x20 ../../../../../tools/tools-lib/superH/libc.a(atof.o)
                0x0000000008009790                atof
 .text          0x00000000080097b0       0x50 ../../../../../tools/tools-lib/superH/libc.a(memmove.o)
                0x00000000080097b0                memmove
 .text          0x0000000008009800       0x30 ../../../../../tools/tools-lib/superH/libc.a(strcmp.o)
                0x0000000008009800                strcmp
 .text          0x0000000008009830      0xbe0 ../../../../../tools/tools-lib/superH/libc.a(mprec.o)
                0x0000000008009926                __mcmp
                0x0000000008009acc                _ratio
                0x000000000800a080                _i2b
                0x00000000080099d4                _b2d
                0x000000000800a228                _s2b
                0x000000000800984e                _hi0bits
                0x000000000800a168                _pow5mult
                0x0000000008009d44                __mdiff
                0x0000000008009e34                _lshift
                0x0000000008009f10                _multiply
                0x0000000008009c34                _d2b
                0x0000000008009bac                _Balloc
                0x000000000800a3d0                __mprec_tinytens
                0x0000000008009b4c                _mprec_log10
                0x000000000800a3a8                __mprec_bigtens
                0x0000000008009960                _ulp
                0x0000000008009830                _Bfree
                0x000000000800a2e0                __mprec_tens
                0x00000000080098a8                _lo0bits
                0x000000000800a0a4                _multadd
 .text          0x000000000800a410       0xa0 ../../../../../tools/tools-lib/superH/libc.a(memcpy.o)
                0x000000000800a410                memcpy
 .text          0x000000000800a4b0      0x210 ../../../../../tools/tools-lib/superH/libc.a(signal.o)
                0x000000000800a590                _raise_r
                0x000000000800a574                __sigtramp
                0x000000000800a624                raise
                0x000000000800a4f8                _init_signal
                0x000000000800a510                __sigtramp_r
                0x000000000800a698                signal
                0x000000000800a640                _signal_r
                0x000000000800a4b0                _init_signal_r
 .text          0x000000000800a6c0      0x340 ../../../../../tools/tools-lib/superH/libc.a(reallocr.o)
                0x000000000800a6c0                _realloc_r
 .text          0x000000000800aa00      0xb80 ../../../../../tools/tools-lib/superH/libc.a(strtod.o)
                0x000000000800b55c                strtodf
                0x000000000800b53c                strtod
                0x000000000800aa00                _strtod_r
 .text          0x000000000800b580       0x90 ../../../../../tools/tools-lib/superH/libc.a(callocr.o)
                0x000000000800b580                _calloc_r
 .text          0x000000000800b610       0x50 ../../../../../tools/tools-lib/superH/libc.a(signalr.o)
                0x000000000800b610                _getpid_r
                0x000000000800b620                _kill_r
 .text          0x000000000800b660       0x10 ../../../../../tools/tools-lib/superH/libc.a(s_infconst.o)
                0x000000000800b660                __infinity
 .text          0x000000000800b670       0xa0 ../../../../../tools/tools-lib/superH/libgcc.a(_sdivsi3.o)
                0x000000000800b670                __sdivsi3
 .text          0x000000000800b710       0x70 ../../../../../tools/tools-lib/superH/libgcc.a(_lt_df.o)
                0x000000000800b710                __ltdf2
 .text          0x000000000800b780       0x70 ../../../../../tools/tools-lib/superH/libgcc.a(_ne_df.o)
                0x000000000800b780                __nedf2
 .text          0x000000000800b7f0       0x70 ../../../../../tools/tools-lib/superH/libgcc.a(_eq_df.o)
                0x000000000800b7f0                __eqdf2
 .text          0x000000000800b860       0x70 ../../../../../tools/tools-lib/superH/libgcc.a(_udivsi3.o)
                0x000000000800b882                __udivsi3
 .text          0x000000000800b8d0       0x90 ../../../../../tools/tools-lib/superH/libgcc.a(_ashiftlt.o)
                0x000000000800b8d0                __ashlsi3
 .text          0x000000000800b960       0x70 ../../../../../tools/tools-lib/superH/libgcc.a(_df_to_sf.o)
                0x000000000800b960                __truncdfsf2
 .text          0x000000000800b9d0       0x30 ../../../../../tools/tools-lib/superH/libgcc.a(_mulsi3.o)
                0x000000000800b9d0                __mulsi3
 .text          0x000000000800ba00       0x90 ../../../../../tools/tools-lib/superH/libgcc.a(_lshiftrt.o)
                0x000000000800ba00                __lshrsi3
 .text          0x000000000800ba90       0xd0 ../../../../../tools/tools-lib/superH/libgcc.a(_usi_to_df.o)
                0x000000000800ba90                __floatunsidf
 .text          0x000000000800bb60      0x390 ../../../../../tools/tools-lib/superH/libgcc.a(_addsub_df.o)
                0x000000000800be28                __subdf3
                0x000000000800be90                __adddf3
 .text          0x000000000800bef0      0x300 ../../../../../tools/tools-lib/superH/libgcc.a(_mul_df.o)
                0x000000000800bef0                __muldf3
 .text          0x000000000800c1f0       0xa0 ../../../../../tools/tools-lib/superH/libgcc.a(_si_to_df.o)
                0x000000000800c1f0                __floatsidf
 .text          0x000000000800c290       0x90 ../../../../../tools/tools-lib/superH/libgcc.a(_df_to_si.o)
                0x000000000800c290                __fixdfsi
 .text          0x000000000800c320      0x190 ../../../../../tools/tools-lib/superH/libgcc.a(_div_df.o)
                0x000000000800c320                __divdf3
 .text          0x000000000800c4b0       0x70 ../../../../../tools/tools-lib/superH/libgcc.a(_gt_df.o)
                0x000000000800c4b0                __gtdf2
 .text          0x000000000800c520       0x70 ../../../../../tools/tools-lib/superH/libgcc.a(_ge_df.o)
                0x000000000800c520                __gedf2
 .text          0x000000000800c590       0x60 ../../../../../tools/tools-lib/superH/libgcc.a(_ashiftrt.o)
                0x000000000800c59c                __ashiftrt_r4_27
                0x000000000800c5d0                __ashiftrt_r4_6
                0x000000000800c5c0                __ashiftrt_r4_14
                0x000000000800c5b2                __ashiftrt_r4_19
                0x000000000800c5ca                __ashiftrt_r4_9
                0x000000000800c5de                __ashiftrt_r4_0
                0x000000000800c590                __ashiftrt_r4_31
                0x000000000800c59e                __ashiftrt_r4_26
                0x000000000800c5ac                __ashiftrt_r4_22
                0x000000000800c5b8                __ashiftrt_r4_16
                0x000000000800c5c4                __ashiftrt_r4_12
                0x000000000800c598                __ashiftrt_r4_29
                0x000000000800c5b6                __ashiftrt_r4_17
                0x000000000800c596                __ashiftrt_r4_30
                0x000000000800c5d2                __ashiftrt_r4_5
                0x000000000800c5cc                __ashiftrt_r4_8
                0x000000000800c590                __ashiftrt_r4_32
                0x000000000800c5a0                __ashiftrt_r4_25
                0x000000000800c5d8                __ashiftrt_r4_2
                0x000000000800c5a2                __ashiftrt_r4_24
                0x000000000800c5be                __ashiftrt_r4_15
                0x000000000800c5c8                __ashiftrt_r4_10
                0x000000000800c5da                __ashiftrt_r4_1
                0x000000000800c59a                __ashiftrt_r4_28
                0x000000000800c5b0                __ashiftrt_r4_20
                0x000000000800c5ce                __ashiftrt_r4_7
                0x000000000800c5c2                __ashiftrt_r4_13
                0x000000000800c5c6                __ashiftrt_r4_11
                0x000000000800c5d4                __ashiftrt_r4_4
                0x000000000800c5aa                __ashiftrt_r4_23
                0x000000000800c5b4                __ashiftrt_r4_18
                0x000000000800c5ae                __ashiftrt_r4_21
                0x000000000800c5d6                __ashiftrt_r4_3
 .text          0x000000000800c5f0       0x90 ../../../../../tools/tools-lib/superH/libgcc.a(_ashiftrt_n.o)
                0x000000000800c5f0                __ashrsi3
 .text          0x000000000800c680       0x70 ../../../../../tools/tools-lib/superH/libgcc.a(_le_df.o)
                0x000000000800c680                __ledf2
 .text          0x000000000800c6f0      0x100 ../../../../../tools/tools-lib/superH/libgcc.a(_unpack_df.o)
                0x000000000800c6f0                __unpack_d
 .text          0x000000000800c7f0       0xc0 ../../../../../tools/tools-lib/superH/libgcc.a(_fpcmp_parts_df.o)
                0x000000000800c7f0                __fpcmp_parts_d
 .text          0x000000000800c8b0       0x30 ../../../../../tools/tools-lib/superH/libgcc.a(_make_sf.o)
                0x000000000800c8b0                __make_fp
 .text          0x000000000800c8e0      0x1f0 ../../../../../tools/tools-lib/superH/libgcc.a(_pack_df.o)
                0x000000000800c8e0                __pack_d
 .text          0x000000000800cad0       0xa0 ../../../../../tools/tools-lib/superH/libgcc.a(_clzsi2.o)
                0x000000000800cad0                __clzsi2
 .text          0x000000000800cb70       0x80 ../../../../../tools/tools-lib/superH/libgcc.a(_ashldi3.o)
                0x000000000800cb70                __ashldi3
 .text          0x000000000800cbf0       0x80 ../../../../../tools/tools-lib/superH/libgcc.a(_lshrdi3.o)
                0x000000000800cbf0                __lshrdi3
 .text          0x000000000800cc70       0x20 ../../../../../tools/tools-lib/superH/libgcc.a(_thenan_df.o)
                0x000000000800cc70                __thenan_df
 .text          0x000000000800cc90       0xd0 ../../../../../tools/tools-lib/superH/libgcc.a(_muldi3.o)
                0x000000000800cc90                __muldi3
 .text          0x000000000800cd60      0x130 ../../../../../tools/tools-lib/superH/libgcc.a(_pack_sf.o)
                0x000000000800cd60                __pack_f
 .text          0x000000000800ce90      0x100 ../../../../../tools/tools-lib/superH/libgcc.a(_clz.o)
                0x000000000800ce90                __clz_tab
 *(.strings)
                0x000000000800cf90                _etext = .

.data           0x000000000800cf90      0x710
                0x000000000800cf90                _data = .
 *(.data)
 .data          0x000000000800cf90      0x2f0 ../../../../../tools/tools-lib/superH/libc.a(impure.o)
                0x000000000800cf90                _impure_ptr
 .data          0x000000000800d280      0x410 ../../../../../tools/tools-lib/superH/libc.a(mallocr.o)
                0x000000000800d280                __malloc_av_
                0x000000000800d688                __malloc_trim_threshold
                0x000000000800d68c                __malloc_sbrk_base
 .data          0x000000000800d690       0x10 ../../../../../tools/tools-lib/superH/libc.a(locale.o)
                0x000000000800d690                __mb_cur_max
                0x000000000800d6a0                _edata = .

.bss            0x000000000800d6a0     0x9ff4
                0x000000000800d6a0                _bss = .
 *(.bss)
 .bss           0x000000000800d6a0       0x10 dijkstra_small.o
                0x000000000800d6a0                qHead
                0x000000000800d6a4                g_qCount
 .bss           0x000000000800d6b0       0x40 ../../../../../tools/tools-lib/superH/libc.a(mallocr.o)
                0x000000000800d6b0                __malloc_top_pad
                0x000000000800d6bc                __malloc_current_mallinfo
                0x000000000800d6b4                __malloc_max_sbrked_mem
                0x000000000800d6b8                __malloc_max_total_mem
 .bss           0x000000000800d6f0       0x10 ../../../../../tools/tools-lib/superH/libc.a(syscalls.o)
 *(COMMON)
 COMMON         0x000000000800d700     0x9f84 dijkstra_small.o
                0x000000000800d700                i
                0x000000000800d710                rgnNodes
                0x000000000800da30                iPrev
                0x000000000800da34                iNode
                0x000000000800da38                ch
                0x000000000800da3c                iCost
                0x000000000800da40                AdjMatrix
                0x0000000008017680                iDist
 *fill*         0x0000000008017684        0xc 00
 COMMON         0x0000000008017690        0x4 ../../../../../tools/tools-lib/superH/libc.a(syscalls.o)
                0x0000000008017690                errno
                0x0000000008017694                _ebss = .
                0x0000000008017694                _end = .
LOAD init.o
LOAD dijkstra_small.o
LOAD ../../../../../tools/tools-lib/superH/libc.a
LOAD ../../../../../tools/tools-lib/superH/libm.a
LOAD ../../../../../tools/tools-lib/superH/libgcc.a
LOAD ../../../../../sys/libOS/eOS/libeOS-superH.a
OUTPUT(dijkstra_small coff-sh)

.stab           0x0000000008017694      0x970
 .stab          0x0000000008017694      0x96c dijkstra_small.o

.comment        0x0000000008018000      0xa00
 .comment       0x0000000008018000       0x20 dijkstra_small.o
 .comment       0x0000000008018020       0x20 ../../../../../tools/tools-lib/superH/libc.a(errno.o)
 .comment       0x0000000008018040       0x20 ../../../../../tools/tools-lib/superH/libc.a(printf.o)
 .comment       0x0000000008018060       0x20 ../../../../../tools/tools-lib/superH/libc.a(impure.o)
 .comment       0x0000000008018080       0x20 ../../../../../tools/tools-lib/superH/libc.a(fflush.o)
 .comment       0x00000000080180a0       0x20 ../../../../../tools/tools-lib/superH/libc.a(malloc.o)
 .comment       0x00000000080180c0       0x20 ../../../../../tools/tools-lib/superH/libc.a(fprintf.o)
 .comment       0x00000000080180e0       0x20 ../../../../../tools/tools-lib/superH/libc.a(exit.o)
 .comment       0x0000000008018100       0x20 ../../../../../tools/tools-lib/superH/libc.a(fopen.o)
 .comment       0x0000000008018120       0x20 ../../../../../tools/tools-lib/superH/libc.a(fscanf.o)
 .comment       0x0000000008018140       0x20 ../../../../../tools/tools-lib/superH/libc.a(vfprintf.o)
 .comment       0x0000000008018160       0x20 ../../../../../tools/tools-lib/superH/libc.a(fwalk.o)
 .comment       0x0000000008018180       0x20 ../../../../../tools/tools-lib/superH/libc.a(findfp.o)
 .comment       0x00000000080181a0       0x20 ../../../../../tools/tools-lib/superH/libc.a(freer.o)
 .comment       0x00000000080181c0       0x20 ../../../../../tools/tools-lib/superH/libc.a(mallocr.o)
 .comment       0x00000000080181e0       0x20 ../../../../../tools/tools-lib/superH/libc.a(syscalls.o)
 .comment       0x0000000008018200       0x20 ../../../../../tools/tools-lib/superH/libc.a(flags.o)
 .comment       0x0000000008018220       0x20 ../../../../../tools/tools-lib/superH/libc.a(openr.o)
 .comment       0x0000000008018240       0x20 ../../../../../tools/tools-lib/superH/libc.a(stdio.o)
 .comment       0x0000000008018260       0x20 ../../../../../tools/tools-lib/superH/libc.a(fseek.o)
 .comment       0x0000000008018280       0x20 ../../../../../tools/tools-lib/superH/libc.a(vfscanf.o)
 .comment       0x00000000080182a0       0x20 ../../../../../tools/tools-lib/superH/libc.a(fvwrite.o)
 .comment       0x00000000080182c0       0x20 ../../../../../tools/tools-lib/superH/libc.a(locale.o)
 .comment       0x00000000080182e0       0x20 ../../../../../tools/tools-lib/superH/libc.a(wsetup.o)
 .comment       0x0000000008018300       0x20 ../../../../../tools/tools-lib/superH/libc.a(mbtowc_r.o)
 .comment       0x0000000008018320       0x20 ../../../../../tools/tools-lib/superH/libc.a(s_isinf.o)
 .comment       0x0000000008018340       0x20 ../../../../../tools/tools-lib/superH/libc.a(s_isnan.o)
 .comment       0x0000000008018360       0x20 ../../../../../tools/tools-lib/superH/libc.a(dtoa.o)
 .comment       0x0000000008018380       0x20 ../../../../../tools/tools-lib/superH/libc.a(memchr.o)
 .comment       0x00000000080183a0       0x20 ../../../../../tools/tools-lib/superH/libc.a(strlen.o)
 .comment       0x00000000080183c0       0x20 ../../../../../tools/tools-lib/superH/libc.a(mlock.o)
 .comment       0x00000000080183e0       0x20 ../../../../../tools/tools-lib/superH/libc.a(sbrkr.o)
 .comment       0x0000000008018400       0x20 ../../../../../tools/tools-lib/superH/libc.a(abort.o)
 .comment       0x0000000008018420       0x20 ../../../../../tools/tools-lib/superH/libc.a(closer.o)
 .comment       0x0000000008018440       0x20 ../../../../../tools/tools-lib/superH/libc.a(lseekr.o)
 .comment       0x0000000008018460       0x20 ../../../../../tools/tools-lib/superH/libc.a(writer.o)
 .comment       0x0000000008018480       0x20 ../../../../../tools/tools-lib/superH/libc.a(readr.o)
 .comment       0x00000000080184a0       0x20 ../../../../../tools/tools-lib/superH/libc.a(makebuf.o)
 .comment       0x00000000080184c0       0x20 ../../../../../tools/tools-lib/superH/libc.a(fstatr.o)
 .comment       0x00000000080184e0       0x20 ../../../../../tools/tools-lib/superH/libc.a(refill.o)
 .comment       0x0000000008018500       0x20 ../../../../../tools/tools-lib/superH/libc.a(ctype_.o)
 .comment       0x0000000008018520       0x20 ../../../../../tools/tools-lib/superH/libc.a(strtol.o)
 .comment       0x0000000008018540       0x20 ../../../../../tools/tools-lib/superH/libc.a(strtoul.o)
 .comment       0x0000000008018560       0x20 ../../../../../tools/tools-lib/superH/libc.a(fread.o)
 .comment       0x0000000008018580       0x20 ../../../../../tools/tools-lib/superH/libc.a(ungetc.o)
 .comment       0x00000000080185a0       0x20 ../../../../../tools/tools-lib/superH/libc.a(atol.o)
 .comment       0x00000000080185c0       0x20 ../../../../../tools/tools-lib/superH/libc.a(sprintf.o)
 .comment       0x00000000080185e0       0x20 ../../../../../tools/tools-lib/superH/libc.a(atof.o)
 .comment       0x0000000008018600       0x20 ../../../../../tools/tools-lib/superH/libc.a(memmove.o)
 .comment       0x0000000008018620       0x20 ../../../../../tools/tools-lib/superH/libc.a(mprec.o)
 .comment       0x0000000008018640       0x20 ../../../../../tools/tools-lib/superH/libc.a(signal.o)
 .comment       0x0000000008018660       0x20 ../../../../../tools/tools-lib/superH/libc.a(reallocr.o)
 .comment       0x0000000008018680       0x20 ../../../../../tools/tools-lib/superH/libc.a(strtod.o)
 .comment       0x00000000080186a0       0x20 ../../../../../tools/tools-lib/superH/libc.a(callocr.o)
 .comment       0x00000000080186c0       0x20 ../../../../../tools/tools-lib/superH/libc.a(signalr.o)
 .comment       0x00000000080186e0       0x20 ../../../../../tools/tools-lib/superH/libc.a(s_infconst.o)
 .comment       0x0000000008018700       0x20 ../../../../../tools/tools-lib/superH/libgcc.a(_lt_df.o)
 .comment       0x0000000008018720       0x20 ../../../../../tools/tools-lib/superH/libgcc.a(_ne_df.o)
 .comment       0x0000000008018740       0x20 ../../../../../tools/tools-lib/superH/libgcc.a(_eq_df.o)
 .comment       0x0000000008018760       0x20 ../../../../../tools/tools-lib/superH/libgcc.a(_df_to_sf.o)
 .comment       0x0000000008018780       0x20 ../../../../../tools/tools-lib/superH/libgcc.a(_usi_to_df.o)
 .comment       0x00000000080187a0       0x20 ../../../../../tools/tools-lib/superH/libgcc.a(_addsub_df.o)
 .comment       0x00000000080187c0       0x20 ../../../../../tools/tools-lib/superH/libgcc.a(_mul_df.o)
 .comment       0x00000000080187e0       0x20 ../../../../../tools/tools-lib/superH/libgcc.a(_si_to_df.o)
 .comment       0x0000000008018800       0x20 ../../../../../tools/tools-lib/superH/libgcc.a(_df_to_si.o)
 .comment       0x0000000008018820       0x20 ../../../../../tools/tools-lib/superH/libgcc.a(_div_df.o)
 .comment       0x0000000008018840       0x20 ../../../../../tools/tools-lib/superH/libgcc.a(_gt_df.o)
 .comment       0x0000000008018860       0x20 ../../../../../tools/tools-lib/superH/libgcc.a(_ge_df.o)
 .comment       0x0000000008018880       0x20 ../../../../../tools/tools-lib/superH/libgcc.a(_le_df.o)
 .comment       0x00000000080188a0       0x20 ../../../../../tools/tools-lib/superH/libgcc.a(_unpack_df.o)
 .comment       0x00000000080188c0       0x20 ../../../../../tools/tools-lib/superH/libgcc.a(_fpcmp_parts_df.o)
 .comment       0x00000000080188e0       0x20 ../../../../../tools/tools-lib/superH/libgcc.a(_make_sf.o)
 .comment       0x0000000008018900       0x20 ../../../../../tools/tools-lib/superH/libgcc.a(_pack_df.o)
 .comment       0x0000000008018920       0x20 ../../../../../tools/tools-lib/superH/libgcc.a(_clzsi2.o)
 .comment       0x0000000008018940       0x20 ../../../../../tools/tools-lib/superH/libgcc.a(_ashldi3.o)
 .comment       0x0000000008018960       0x20 ../../../../../tools/tools-lib/superH/libgcc.a(_lshrdi3.o)
 .comment       0x0000000008018980       0x20 ../../../../../tools/tools-lib/superH/libgcc.a(_thenan_df.o)
 .comment       0x00000000080189a0       0x20 ../../../../../tools/tools-lib/superH/libgcc.a(_muldi3.o)
 .comment       0x00000000080189c0       0x20 ../../../../../tools/tools-lib/superH/libgcc.a(_pack_sf.o)
 .comment       0x00000000080189e0       0x20 ../../../../../tools/tools-lib/superH/libgcc.a(_clz.o)

.stabstr        0x0000000008018a00     0x143b
 .stabstr       0x0000000008018a00     0x143b dijkstra_small.o
