Archive member included because of file (symbol)

../../../../../tools/tools-lib/superH/libc.a(errno.o)
                              init.o (__errno)
../../../../../tools/tools-lib/superH/libc.a(memcpy.o)
                              isqrt.o (memcpy)
../../../../../tools/tools-lib/superH/libc.a(printf.o)
                              basicmath_small.o (printf)
../../../../../tools/tools-lib/superH/libc.a(puts.o)
                              basicmath_small.o (puts)
../../../../../tools/tools-lib/superH/libc.a(impure.o)
                              ../../../../../tools/tools-lib/superH/libc.a(errno.o) (_impure_ptr)
../../../../../tools/tools-lib/superH/libc.a(vfprintf.o)
                              ../../../../../tools/tools-lib/superH/libc.a(printf.o) (vfprintf)
../../../../../tools/tools-lib/superH/libc.a(strlen.o)
                              ../../../../../tools/tools-lib/superH/libc.a(puts.o) (strlen)
../../../../../tools/tools-lib/superH/libc.a(fvwrite.o)
                              ../../../../../tools/tools-lib/superH/libc.a(puts.o) (__sfvwrite)
../../../../../tools/tools-lib/superH/libc.a(findfp.o)
                              ../../../../../tools/tools-lib/superH/libc.a(vfprintf.o) (__sinit)
../../../../../tools/tools-lib/superH/libc.a(locale.o)
                              ../../../../../tools/tools-lib/superH/libc.a(vfprintf.o) (localeconv)
../../../../../tools/tools-lib/superH/libc.a(wsetup.o)
                              ../../../../../tools/tools-lib/superH/libc.a(vfprintf.o) (__swsetup)
../../../../../tools/tools-lib/superH/libc.a(fflush.o)
                              ../../../../../tools/tools-lib/superH/libc.a(vfprintf.o) (fflush)
../../../../../tools/tools-lib/superH/libc.a(mbtowc_r.o)
                              ../../../../../tools/tools-lib/superH/libc.a(vfprintf.o) (_mbtowc_r)
../../../../../tools/tools-lib/superH/libc.a(s_isinf.o)
                              ../../../../../tools/tools-lib/superH/libc.a(vfprintf.o) (isinf)
../../../../../tools/tools-lib/superH/libc.a(s_isnan.o)
                              ../../../../../tools/tools-lib/superH/libc.a(vfprintf.o) (isnan)
../../../../../tools/tools-lib/superH/libc.a(dtoa.o)
                              ../../../../../tools/tools-lib/superH/libc.a(vfprintf.o) (_dtoa_r)
../../../../../tools/tools-lib/superH/libc.a(memchr.o)
                              ../../../../../tools/tools-lib/superH/libc.a(vfprintf.o) (memchr)
../../../../../tools/tools-lib/superH/libc.a(memmove.o)
                              ../../../../../tools/tools-lib/superH/libc.a(fvwrite.o) (memmove)
../../../../../tools/tools-lib/superH/libc.a(stdio.o)
                              ../../../../../tools/tools-lib/superH/libc.a(findfp.o) (__sclose)
../../../../../tools/tools-lib/superH/libc.a(fwalk.o)
                              ../../../../../tools/tools-lib/superH/libc.a(findfp.o) (_fwalk)
../../../../../tools/tools-lib/superH/libc.a(mallocr.o)
                              ../../../../../tools/tools-lib/superH/libc.a(findfp.o) (_malloc_r)
../../../../../tools/tools-lib/superH/libc.a(memset.o)
                              ../../../../../tools/tools-lib/superH/libc.a(findfp.o) (memset)
../../../../../tools/tools-lib/superH/libc.a(strcmp.o)
                              ../../../../../tools/tools-lib/superH/libc.a(locale.o) (strcmp)
../../../../../tools/tools-lib/superH/libc.a(freer.o)
                              ../../../../../tools/tools-lib/superH/libc.a(wsetup.o) (_free_r)
../../../../../tools/tools-lib/superH/libc.a(makebuf.o)
                              ../../../../../tools/tools-lib/superH/libc.a(wsetup.o) (__smakebuf)
../../../../../tools/tools-lib/superH/libc.a(mprec.o)
                              ../../../../../tools/tools-lib/superH/libc.a(dtoa.o) (_Bfree)
../../../../../tools/tools-lib/superH/libc.a(closer.o)
                              ../../../../../tools/tools-lib/superH/libc.a(stdio.o) (_close_r)
../../../../../tools/tools-lib/superH/libc.a(lseekr.o)
                              ../../../../../tools/tools-lib/superH/libc.a(stdio.o) (_lseek_r)
../../../../../tools/tools-lib/superH/libc.a(writer.o)
                              ../../../../../tools/tools-lib/superH/libc.a(stdio.o) (_write_r)
../../../../../tools/tools-lib/superH/libc.a(readr.o)
                              ../../../../../tools/tools-lib/superH/libc.a(stdio.o) (_read_r)
../../../../../tools/tools-lib/superH/libc.a(mlock.o)
                              ../../../../../tools/tools-lib/superH/libc.a(mallocr.o) (__malloc_lock)
../../../../../tools/tools-lib/superH/libc.a(sbrkr.o)
                              ../../../../../tools/tools-lib/superH/libc.a(mallocr.o) (_sbrk_r)
../../../../../tools/tools-lib/superH/libc.a(fstatr.o)
                              ../../../../../tools/tools-lib/superH/libc.a(makebuf.o) (_fstat_r)
../../../../../tools/tools-lib/superH/libc.a(syscalls.o)
                              ../../../../../tools/tools-lib/superH/libc.a(fstatr.o) (_fstat)
../../../../../tools/tools-lib/superH/libc.a(callocr.o)
                              ../../../../../tools/tools-lib/superH/libc.a(mprec.o) (_calloc_r)
../../../../../tools/tools-lib/superH/libc.a(trap.o)
                              ../../../../../tools/tools-lib/superH/libc.a(syscalls.o) (__trap34)
../../../../../tools/tools-lib/superH/libc.a(abort.o)
                              ../../../../../tools/tools-lib/superH/libc.a(syscalls.o) (abort)
../../../../../tools/tools-lib/superH/libc.a(signal.o)
                              ../../../../../tools/tools-lib/superH/libc.a(abort.o) (raise)
../../../../../tools/tools-lib/superH/libc.a(signalr.o)
                              ../../../../../tools/tools-lib/superH/libc.a(signal.o) (_getpid_r)
../../../../../tools/tools-lib/superH/libm.a(s_atan.o)
                              rad2deg.o (atan)
../../../../../tools/tools-lib/superH/libm.a(w_sqrt.o)
                              cubic.o (sqrt)
../../../../../tools/tools-lib/superH/libm.a(w_acos.o)
                              cubic.o (acos)
../../../../../tools/tools-lib/superH/libm.a(s_cos.o)
                              cubic.o (cos)
../../../../../tools/tools-lib/superH/libm.a(s_fabs.o)
                              cubic.o (fabs)
../../../../../tools/tools-lib/superH/libm.a(w_pow.o)
                              cubic.o (pow)
../../../../../tools/tools-lib/superH/libm.a(e_sqrt.o)
                              ../../../../../tools/tools-lib/superH/libm.a(w_sqrt.o) (__ieee754_sqrt)
../../../../../tools/tools-lib/superH/libm.a(s_lib_ver.o)
                              ../../../../../tools/tools-lib/superH/libm.a(w_sqrt.o) (__fdlib_version)
../../../../../tools/tools-lib/superH/libm.a(s_matherr.o)
                              ../../../../../tools/tools-lib/superH/libm.a(w_sqrt.o) (matherr)
../../../../../tools/tools-lib/superH/libm.a(e_acos.o)
                              ../../../../../tools/tools-lib/superH/libm.a(w_acos.o) (__ieee754_acos)
../../../../../tools/tools-lib/superH/libm.a(e_rem_pio2.o)
                              ../../../../../tools/tools-lib/superH/libm.a(s_cos.o) (__ieee754_rem_pio2)
../../../../../tools/tools-lib/superH/libm.a(k_cos.o)
                              ../../../../../tools/tools-lib/superH/libm.a(s_cos.o) (__kernel_cos)
../../../../../tools/tools-lib/superH/libm.a(k_sin.o)
                              ../../../../../tools/tools-lib/superH/libm.a(s_cos.o) (__kernel_sin)
../../../../../tools/tools-lib/superH/libm.a(e_pow.o)
                              ../../../../../tools/tools-lib/superH/libm.a(w_pow.o) (__ieee754_pow)
../../../../../tools/tools-lib/superH/libm.a(s_finite.o)
                              ../../../../../tools/tools-lib/superH/libm.a(w_pow.o) (finite)
../../../../../tools/tools-lib/superH/libm.a(s_infconst.o)
                              ../../../../../tools/tools-lib/superH/libm.a(w_pow.o) (__infinity)
../../../../../tools/tools-lib/superH/libm.a(s_rint.o)
                              ../../../../../tools/tools-lib/superH/libm.a(w_pow.o) (rint)
../../../../../tools/tools-lib/superH/libm.a(k_rem_pio2.o)
                              ../../../../../tools/tools-lib/superH/libm.a(e_rem_pio2.o) (__kernel_rem_pio2)
../../../../../tools/tools-lib/superH/libm.a(s_scalbn.o)
                              ../../../../../tools/tools-lib/superH/libm.a(e_pow.o) (scalbn)
../../../../../tools/tools-lib/superH/libm.a(s_floor.o)
                              ../../../../../tools/tools-lib/superH/libm.a(k_rem_pio2.o) (floor)
../../../../../tools/tools-lib/superH/libm.a(s_copysign.o)
                              ../../../../../tools/tools-lib/superH/libm.a(s_scalbn.o) (copysign)
../../../../../tools/tools-lib/superH/libgcc.a(_mul_df.o)
                              rad2deg.o (__muldf3)
../../../../../tools/tools-lib/superH/libgcc.a(_div_df.o)
                              rad2deg.o (__divdf3)
../../../../../tools/tools-lib/superH/libgcc.a(_addsub_df.o)
                              cubic.o (__subdf3)
../../../../../tools/tools-lib/superH/libgcc.a(_le_df.o)
                              cubic.o (__ledf2)
../../../../../tools/tools-lib/superH/libgcc.a(_lt_df.o)
                              cubic.o (__ltdf2)
../../../../../tools/tools-lib/superH/libgcc.a(_gt_df.o)
                              basicmath_small.o (__gtdf2)
../../../../../tools/tools-lib/superH/libgcc.a(_ge_df.o)
                              basicmath_small.o (__gedf2)
../../../../../tools/tools-lib/superH/libgcc.a(_ne_df.o)
                              ../../../../../tools/tools-lib/superH/libc.a(vfprintf.o) (__nedf2)
../../../../../tools/tools-lib/superH/libgcc.a(_eq_df.o)
                              ../../../../../tools/tools-lib/superH/libc.a(vfprintf.o) (__eqdf2)
../../../../../tools/tools-lib/superH/libgcc.a(_sdivsi3.o)
                              ../../../../../tools/tools-lib/superH/libc.a(vfprintf.o) (__sdivsi3)
../../../../../tools/tools-lib/superH/libgcc.a(_udivsi3.o)
                              ../../../../../tools/tools-lib/superH/libc.a(vfprintf.o) (__udivsi3)
../../../../../tools/tools-lib/superH/libgcc.a(_mulsi3.o)
                              ../../../../../tools/tools-lib/superH/libc.a(dtoa.o) (__mulsi3)
../../../../../tools/tools-lib/superH/libgcc.a(_ashiftlt.o)
                              ../../../../../tools/tools-lib/superH/libc.a(dtoa.o) (__ashlsi3)
../../../../../tools/tools-lib/superH/libgcc.a(_lshiftrt.o)
                              ../../../../../tools/tools-lib/superH/libc.a(dtoa.o) (__lshrsi3)
../../../../../tools/tools-lib/superH/libgcc.a(_usi_to_df.o)
                              ../../../../../tools/tools-lib/superH/libc.a(dtoa.o) (__floatunsidf)
../../../../../tools/tools-lib/superH/libgcc.a(_si_to_df.o)
                              ../../../../../tools/tools-lib/superH/libc.a(dtoa.o) (__floatsidf)
../../../../../tools/tools-lib/superH/libgcc.a(_df_to_si.o)
                              ../../../../../tools/tools-lib/superH/libc.a(dtoa.o) (__fixdfsi)
../../../../../tools/tools-lib/superH/libgcc.a(_ashiftrt.o)
                              ../../../../../tools/tools-lib/superH/libc.a(mprec.o) (__ashiftrt_r4_20)
../../../../../tools/tools-lib/superH/libgcc.a(_ashiftrt_n.o)
                              ../../../../../tools/tools-lib/superH/libc.a(mprec.o) (__ashrsi3)
../../../../../tools/tools-lib/superH/libgcc.a(_unpack_df.o)
                              ../../../../../tools/tools-lib/superH/libgcc.a(_mul_df.o) (__unpack_d)
../../../../../tools/tools-lib/superH/libgcc.a(_pack_df.o)
                              ../../../../../tools/tools-lib/superH/libgcc.a(_mul_df.o) (__pack_d)
../../../../../tools/tools-lib/superH/libgcc.a(_muldi3.o)
                              ../../../../../tools/tools-lib/superH/libgcc.a(_mul_df.o) (__muldi3)
../../../../../tools/tools-lib/superH/libgcc.a(_thenan_df.o)
                              ../../../../../tools/tools-lib/superH/libgcc.a(_mul_df.o) (__thenan_df)
../../../../../tools/tools-lib/superH/libgcc.a(_ashldi3.o)
                              ../../../../../tools/tools-lib/superH/libgcc.a(_addsub_df.o) (__ashldi3)
../../../../../tools/tools-lib/superH/libgcc.a(_lshrdi3.o)
                              ../../../../../tools/tools-lib/superH/libgcc.a(_addsub_df.o) (__lshrdi3)
../../../../../tools/tools-lib/superH/libgcc.a(_fpcmp_parts_df.o)
                              ../../../../../tools/tools-lib/superH/libgcc.a(_le_df.o) (__fpcmp_parts_d)
../../../../../tools/tools-lib/superH/libgcc.a(_clzsi2.o)
                              ../../../../../tools/tools-lib/superH/libgcc.a(_usi_to_df.o) (__clzsi2)
../../../../../tools/tools-lib/superH/libgcc.a(_clz.o)
                              ../../../../../tools/tools-lib/superH/libgcc.a(_clzsi2.o) (__clz_tab)

Allocating common symbols
Common symbol       size              file

errno               0x4               ../../../../../tools/tools-lib/superH/libc.a(sbrkr.o)

Memory Configuration

Name             Origin             Length             Attributes
*default*        0x0000000000000000 0xffffffffffffffff

Linker script and memory map

Address of section .text set to 0x8004000

.text           0x0000000008004000     0xae70
                0x0000000008004000                _text = .
 *(.text)
 .text          0x0000000008004000       0x20 init.o
 .text          0x0000000008004020      0x120 rad2deg.o
                0x0000000008004020                rad2deg
                0x00000000080040b0                deg2rad
 .text          0x0000000008004140      0x6e0 cubic.o
                0x0000000008004140                SolveCubic
 .text          0x0000000008004820      0x110 isqrt.o
                0x0000000008004820                usqrt
 .text          0x0000000008004930      0xb20 basicmath_small.o
                0x0000000008004a2c                startup
 .text          0x0000000008005450       0x20 ../../../../../tools/tools-lib/superH/libc.a(errno.o)
                0x0000000008005450                __errno
 .text          0x0000000008005470       0xa0 ../../../../../tools/tools-lib/superH/libc.a(memcpy.o)
                0x0000000008005470                memcpy
 .text          0x0000000008005510       0x80 ../../../../../tools/tools-lib/superH/libc.a(printf.o)
                0x0000000008005554                _printf_r
                0x0000000008005510                printf
 .text          0x0000000008005590       0x80 ../../../../../tools/tools-lib/superH/libc.a(puts.o)
                0x00000000080055ec                puts
                0x0000000008005592                _puts_r
 .text          0x0000000008005610       0x10 ../../../../../tools/tools-lib/superH/libc.a(impure.o)
 .text          0x0000000008005620     0x1280 ../../../../../tools/tools-lib/superH/libc.a(vfprintf.o)
                0x0000000008005702                _vfprintf_r
                0x0000000008005650                vfprintf
 .text          0x00000000080068a0       0x20 ../../../../../tools/tools-lib/superH/libc.a(strlen.o)
                0x00000000080068a0                strlen
 .text          0x00000000080068c0      0x240 ../../../../../tools/tools-lib/superH/libc.a(fvwrite.o)
                0x00000000080068c0                __sfvwrite
 .text          0x0000000008006b00      0x1e0 ../../../../../tools/tools-lib/superH/libc.a(findfp.o)
                0x0000000008006c40                __sfp
                0x0000000008006b48                __sinit
                0x0000000008006bd0                _cleanup
                0x0000000008006bb8                _cleanup_r
                0x0000000008006be8                __sfmoreglue
 .text          0x0000000008006ce0       0xd0 ../../../../../tools/tools-lib/superH/libc.a(locale.o)
                0x0000000008006d4c                setlocale
                0x0000000008006cf6                _setlocale_r
                0x0000000008006d6c                localeconv
                0x0000000008006ce0                _localeconv_r
 .text          0x0000000008006db0       0xd0 ../../../../../tools/tools-lib/superH/libc.a(wsetup.o)
                0x0000000008006db0                __swsetup
 .text          0x0000000008006e80       0xc0 ../../../../../tools/tools-lib/superH/libc.a(fflush.o)
                0x0000000008006e80                fflush
 .text          0x0000000008006f40       0x40 ../../../../../tools/tools-lib/superH/libc.a(mbtowc_r.o)
                0x0000000008006f40                _mbtowc_r
 .text          0x0000000008006f80       0x30 ../../../../../tools/tools-lib/superH/libc.a(s_isinf.o)
                0x0000000008006f80                isinf
 .text          0x0000000008006fb0       0x30 ../../../../../tools/tools-lib/superH/libc.a(s_isnan.o)
                0x0000000008006fb0                isnan
 .text          0x0000000008006fe0     0x1020 ../../../../../tools/tools-lib/superH/libc.a(dtoa.o)
                0x000000000800717a                _dtoa_r
 .text          0x0000000008008000       0x30 ../../../../../tools/tools-lib/superH/libc.a(memchr.o)
                0x0000000008008000                memchr
 .text          0x0000000008008030       0x50 ../../../../../tools/tools-lib/superH/libc.a(memmove.o)
                0x0000000008008030                memmove
 .text          0x0000000008008080      0x120 ../../../../../tools/tools-lib/superH/libc.a(stdio.o)
                0x00000000080080ec                __swrite
                0x0000000008008080                __sclose
                0x0000000008008154                __sread
                0x000000000800809c                __sseek
 .text          0x00000000080081a0       0x60 ../../../../../tools/tools-lib/superH/libc.a(fwalk.o)
                0x00000000080081a0                _fwalk
 .text          0x0000000008008200      0x4f0 ../../../../../tools/tools-lib/superH/libc.a(mallocr.o)
                0x0000000008008200                _malloc_r
 .text          0x00000000080086f0       0x40 ../../../../../tools/tools-lib/superH/libc.a(memset.o)
                0x00000000080086f0                memset
 .text          0x0000000008008730       0x30 ../../../../../tools/tools-lib/superH/libc.a(strcmp.o)
                0x0000000008008730                strcmp
 .text          0x0000000008008760      0x2d0 ../../../../../tools/tools-lib/superH/libc.a(freer.o)
                0x0000000008008760                _malloc_trim_r
                0x0000000008008828                _free_r
 .text          0x0000000008008a30      0x110 ../../../../../tools/tools-lib/superH/libc.a(makebuf.o)
                0x0000000008008a30                __smakebuf
 .text          0x0000000008008b40      0xbe0 ../../../../../tools/tools-lib/superH/libc.a(mprec.o)
                0x0000000008008c36                __mcmp
                0x0000000008008ddc                _ratio
                0x0000000008009390                _i2b
                0x0000000008008ce4                _b2d
                0x0000000008009538                _s2b
                0x0000000008008b5e                _hi0bits
                0x0000000008009478                _pow5mult
                0x0000000008009054                __mdiff
                0x0000000008009144                _lshift
                0x0000000008009220                _multiply
                0x0000000008008f44                _d2b
                0x0000000008008ebc                _Balloc
                0x00000000080096e0                __mprec_tinytens
                0x0000000008008e5c                _mprec_log10
                0x00000000080096b8                __mprec_bigtens
                0x0000000008008c70                _ulp
                0x0000000008008b40                _Bfree
                0x00000000080095f0                __mprec_tens
                0x0000000008008bb8                _lo0bits
                0x00000000080093b4                _multadd
 .text          0x0000000008009720       0x40 ../../../../../tools/tools-lib/superH/libc.a(closer.o)
                0x0000000008009720                _close_r
 .text          0x0000000008009760       0x40 ../../../../../tools/tools-lib/superH/libc.a(lseekr.o)
                0x0000000008009760                _lseek_r
 .text          0x00000000080097a0       0x40 ../../../../../tools/tools-lib/superH/libc.a(writer.o)
                0x00000000080097a0                _write_r
 .text          0x00000000080097e0       0x40 ../../../../../tools/tools-lib/superH/libc.a(readr.o)
                0x00000000080097e0                _read_r
 .text          0x0000000008009820       0x20 ../../../../../tools/tools-lib/superH/libc.a(mlock.o)
                0x0000000008009820                __malloc_lock
                0x000000000800982a                __malloc_unlock
 .text          0x0000000008009840       0x40 ../../../../../tools/tools-lib/superH/libc.a(sbrkr.o)
                0x0000000008009840                _sbrk_r
 .text          0x0000000008009880       0x40 ../../../../../tools/tools-lib/superH/libc.a(fstatr.o)
                0x0000000008009880                _fstat_r
 .text          0x00000000080098c0      0x280 ../../../../../tools/tools-lib/superH/libc.a(syscalls.o)
                0x0000000008009a04                _exit
                0x00000000080098f6                _getpid
                0x000000000800997c                _utime
                0x0000000008009a6c                _write
                0x0000000008009aa4                _read
                0x00000000080098de                _unlink
                0x0000000008009a38                _open
                0x00000000080099cc                _stat
                0x00000000080098ea                isatty
                0x0000000008009954                _wait
                0x00000000080099e8                _kill
                0x00000000080099b4                _chmod
                0x0000000008009920                _execv
                0x0000000008009938                _execve
                0x00000000080098c0                _link
                0x0000000008009902                _raise
                0x0000000008009a1c                _creat
                0x000000000800990c                _pipe
                0x0000000008009998                _chown
                0x0000000008009a88                _lseek
                0x0000000008009a54                _close
                0x00000000080098cc                _fstat
                0x0000000008009968                _fork
                0x0000000008009ada                _sbrk
 .text          0x0000000008009b40       0x90 ../../../../../tools/tools-lib/superH/libc.a(callocr.o)
                0x0000000008009b40                _calloc_r
 .text          0x0000000008009bd0       0x20 ../../../../../tools/tools-lib/superH/libc.a(trap.o)
                0x0000000008009bd0                __trap34
 .text          0x0000000008009bf0       0x20 ../../../../../tools/tools-lib/superH/libc.a(abort.o)
                0x0000000008009bf0                abort
 .text          0x0000000008009c10      0x210 ../../../../../tools/tools-lib/superH/libc.a(signal.o)
                0x0000000008009cf0                _raise_r
                0x0000000008009cd4                __sigtramp
                0x0000000008009d84                raise
                0x0000000008009c58                _init_signal
                0x0000000008009c70                __sigtramp_r
                0x0000000008009df8                signal
                0x0000000008009da0                _signal_r
                0x0000000008009c10                _init_signal_r
 .text          0x0000000008009e20       0x50 ../../../../../tools/tools-lib/superH/libc.a(signalr.o)
                0x0000000008009e20                _getpid_r
                0x0000000008009e30                _kill_r
 .text          0x0000000008009e70      0x410 ../../../../../tools/tools-lib/superH/libm.a(s_atan.o)
                0x0000000008009e70                atan
 .text          0x000000000800a280      0x100 ../../../../../tools/tools-lib/superH/libm.a(w_sqrt.o)
                0x000000000800a286                sqrt
 .text          0x000000000800a380       0xe0 ../../../../../tools/tools-lib/superH/libm.a(w_acos.o)
                0x000000000800a386                acos
 .text          0x000000000800a460       0xd0 ../../../../../tools/tools-lib/superH/libm.a(s_cos.o)
                0x000000000800a460                cos
 .text          0x000000000800a530       0x20 ../../../../../tools/tools-lib/superH/libm.a(s_fabs.o)
                0x000000000800a530                fabs
 .text          0x000000000800a550      0x350 ../../../../../tools/tools-lib/superH/libm.a(w_pow.o)
                0x000000000800a554                pow
 .text          0x000000000800a8a0      0x200 ../../../../../tools/tools-lib/superH/libm.a(e_sqrt.o)
                0x000000000800a8a0                __ieee754_sqrt
 .text          0x000000000800aaa0       0x10 ../../../../../tools/tools-lib/superH/libm.a(s_lib_ver.o)
                0x000000000800aaa0                __fdlib_version
 .text          0x000000000800aab0       0x10 ../../../../../tools/tools-lib/superH/libm.a(s_matherr.o)
                0x000000000800aab0                matherr
 .text          0x000000000800aac0      0x530 ../../../../../tools/tools-lib/superH/libm.a(e_acos.o)
                0x000000000800aac0                __ieee754_acos
 .text          0x000000000800aff0      0x650 ../../../../../tools/tools-lib/superH/libm.a(e_rem_pio2.o)
                0x000000000800aff0                __ieee754_rem_pio2
 .text          0x000000000800b640      0x200 ../../../../../tools/tools-lib/superH/libm.a(k_cos.o)
                0x000000000800b640                __kernel_cos
 .text          0x000000000800b840      0x1d0 ../../../../../tools/tools-lib/superH/libm.a(k_sin.o)
                0x000000000800b840                __kernel_sin
 .text          0x000000000800ba10      0xdc0 ../../../../../tools/tools-lib/superH/libm.a(e_pow.o)
                0x000000000800ba10                __ieee754_pow
 .text          0x000000000800c7d0       0x20 ../../../../../tools/tools-lib/superH/libm.a(s_finite.o)
                0x000000000800c7d0                finite
 .text          0x000000000800c7f0       0x10 ../../../../../tools/tools-lib/superH/libm.a(s_infconst.o)
                0x000000000800c7f0                __infinity
 .text          0x000000000800c800      0x1c0 ../../../../../tools/tools-lib/superH/libm.a(s_rint.o)
                0x000000000800c800                rint
 .text          0x000000000800c9c0      0xa60 ../../../../../tools/tools-lib/superH/libm.a(k_rem_pio2.o)
                0x000000000800c9c0                __kernel_rem_pio2
 .text          0x000000000800d420      0x160 ../../../../../tools/tools-lib/superH/libm.a(s_scalbn.o)
                0x000000000800d420                scalbn
 .text          0x000000000800d580      0x170 ../../../../../tools/tools-lib/superH/libm.a(s_floor.o)
                0x000000000800d580                floor
 .text          0x000000000800d6f0       0x30 ../../../../../tools/tools-lib/superH/libm.a(s_copysign.o)
                0x000000000800d6f0                copysign
 .text          0x000000000800d720      0x300 ../../../../../tools/tools-lib/superH/libgcc.a(_mul_df.o)
                0x000000000800d720                __muldf3
 .text          0x000000000800da20      0x190 ../../../../../tools/tools-lib/superH/libgcc.a(_div_df.o)
                0x000000000800da20                __divdf3
 .text          0x000000000800dbb0      0x390 ../../../../../tools/tools-lib/superH/libgcc.a(_addsub_df.o)
                0x000000000800de78                __subdf3
                0x000000000800dee0                __adddf3
 .text          0x000000000800df40       0x70 ../../../../../tools/tools-lib/superH/libgcc.a(_le_df.o)
                0x000000000800df40                __ledf2
 .text          0x000000000800dfb0       0x70 ../../../../../tools/tools-lib/superH/libgcc.a(_lt_df.o)
                0x000000000800dfb0                __ltdf2
 .text          0x000000000800e020       0x70 ../../../../../tools/tools-lib/superH/libgcc.a(_gt_df.o)
                0x000000000800e020                __gtdf2
 .text          0x000000000800e090       0x70 ../../../../../tools/tools-lib/superH/libgcc.a(_ge_df.o)
                0x000000000800e090                __gedf2
 .text          0x000000000800e100       0x70 ../../../../../tools/tools-lib/superH/libgcc.a(_ne_df.o)
                0x000000000800e100                __nedf2
 .text          0x000000000800e170       0x70 ../../../../../tools/tools-lib/superH/libgcc.a(_eq_df.o)
                0x000000000800e170                __eqdf2
 .text          0x000000000800e1e0       0xa0 ../../../../../tools/tools-lib/superH/libgcc.a(_sdivsi3.o)
                0x000000000800e1e0                __sdivsi3
 .text          0x000000000800e280       0x70 ../../../../../tools/tools-lib/superH/libgcc.a(_udivsi3.o)
                0x000000000800e2a2                __udivsi3
 .text          0x000000000800e2f0       0x30 ../../../../../tools/tools-lib/superH/libgcc.a(_mulsi3.o)
                0x000000000800e2f0                __mulsi3
 .text          0x000000000800e320       0x90 ../../../../../tools/tools-lib/superH/libgcc.a(_ashiftlt.o)
                0x000000000800e320                __ashlsi3
 .text          0x000000000800e3b0       0x90 ../../../../../tools/tools-lib/superH/libgcc.a(_lshiftrt.o)
                0x000000000800e3b0                __lshrsi3
 .text          0x000000000800e440       0xd0 ../../../../../tools/tools-lib/superH/libgcc.a(_usi_to_df.o)
                0x000000000800e440                __floatunsidf
 .text          0x000000000800e510       0xa0 ../../../../../tools/tools-lib/superH/libgcc.a(_si_to_df.o)
                0x000000000800e510                __floatsidf
 .text          0x000000000800e5b0       0x90 ../../../../../tools/tools-lib/superH/libgcc.a(_df_to_si.o)
                0x000000000800e5b0                __fixdfsi
 .text          0x000000000800e640       0x60 ../../../../../tools/tools-lib/superH/libgcc.a(_ashiftrt.o)
                0x000000000800e64c                __ashiftrt_r4_27
                0x000000000800e680                __ashiftrt_r4_6
                0x000000000800e670                __ashiftrt_r4_14
                0x000000000800e662                __ashiftrt_r4_19
                0x000000000800e67a                __ashiftrt_r4_9
                0x000000000800e68e                __ashiftrt_r4_0
                0x000000000800e640                __ashiftrt_r4_31
                0x000000000800e64e                __ashiftrt_r4_26
                0x000000000800e65c                __ashiftrt_r4_22
                0x000000000800e668                __ashiftrt_r4_16
                0x000000000800e674                __ashiftrt_r4_12
                0x000000000800e648                __ashiftrt_r4_29
                0x000000000800e666                __ashiftrt_r4_17
                0x000000000800e646                __ashiftrt_r4_30
                0x000000000800e682                __ashiftrt_r4_5
                0x000000000800e67c                __ashiftrt_r4_8
                0x000000000800e640                __ashiftrt_r4_32
                0x000000000800e650                __ashiftrt_r4_25
                0x000000000800e688                __ashiftrt_r4_2
                0x000000000800e652                __ashiftrt_r4_24
                0x000000000800e66e                __ashiftrt_r4_15
                0x000000000800e678                __ashiftrt_r4_10
                0x000000000800e68a                __ashiftrt_r4_1
                0x000000000800e64a                __ashiftrt_r4_28
                0x000000000800e660                __ashiftrt_r4_20
                0x000000000800e67e                __ashiftrt_r4_7
                0x000000000800e672                __ashiftrt_r4_13
                0x000000000800e676                __ashiftrt_r4_11
                0x000000000800e684                __ashiftrt_r4_4
                0x000000000800e65a                __ashiftrt_r4_23
                0x000000000800e664                __ashiftrt_r4_18
                0x000000000800e65e                __ashiftrt_r4_21
                0x000000000800e686                __ashiftrt_r4_3
 .text          0x000000000800e6a0       0x90 ../../../../../tools/tools-lib/superH/libgcc.a(_ashiftrt_n.o)
                0x000000000800e6a0                __ashrsi3
 .text          0x000000000800e730      0x100 ../../../../../tools/tools-lib/superH/libgcc.a(_unpack_df.o)
                0x000000000800e730                __unpack_d
 .text          0x000000000800e830      0x1f0 ../../../../../tools/tools-lib/superH/libgcc.a(_pack_df.o)
                0x000000000800e830                __pack_d
 .text          0x000000000800ea20       0xd0 ../../../../../tools/tools-lib/superH/libgcc.a(_muldi3.o)
                0x000000000800ea20                __muldi3
 .text          0x000000000800eaf0       0x20 ../../../../../tools/tools-lib/superH/libgcc.a(_thenan_df.o)
                0x000000000800eaf0                __thenan_df
 .text          0x000000000800eb10       0x80 ../../../../../tools/tools-lib/superH/libgcc.a(_ashldi3.o)
                0x000000000800eb10                __ashldi3
 .text          0x000000000800eb90       0x80 ../../../../../tools/tools-lib/superH/libgcc.a(_lshrdi3.o)
                0x000000000800eb90                __lshrdi3
 .text          0x000000000800ec10       0xc0 ../../../../../tools/tools-lib/superH/libgcc.a(_fpcmp_parts_df.o)
                0x000000000800ec10                __fpcmp_parts_d
 .text          0x000000000800ecd0       0xa0 ../../../../../tools/tools-lib/superH/libgcc.a(_clzsi2.o)
                0x000000000800ecd0                __clzsi2
 .text          0x000000000800ed70      0x100 ../../../../../tools/tools-lib/superH/libgcc.a(_clz.o)
                0x000000000800ed70                __clz_tab
 *(.strings)
                0x000000000800ee70                _etext = .

.data           0x000000000800ee70      0x710
                0x000000000800ee70                _data = .
 *(.data)
 .data          0x000000000800ee70      0x2f0 ../../../../../tools/tools-lib/superH/libc.a(impure.o)
                0x000000000800ee70                _impure_ptr
 .data          0x000000000800f160       0x10 ../../../../../tools/tools-lib/superH/libc.a(locale.o)
                0x000000000800f160                __mb_cur_max
 .data          0x000000000800f170      0x410 ../../../../../tools/tools-lib/superH/libc.a(mallocr.o)
                0x000000000800f170                __malloc_av_
                0x000000000800f578                __malloc_trim_threshold
                0x000000000800f57c                __malloc_sbrk_base
                0x000000000800f580                _edata = .

.bss            0x000000000800f580       0x54
                0x000000000800f580                _bss = .
 *(.bss)
 .bss           0x000000000800f580       0x40 ../../../../../tools/tools-lib/superH/libc.a(mallocr.o)
                0x000000000800f580                __malloc_top_pad
                0x000000000800f58c                __malloc_current_mallinfo
                0x000000000800f584                __malloc_max_sbrked_mem
                0x000000000800f588                __malloc_max_total_mem
 .bss           0x000000000800f5c0       0x10 ../../../../../tools/tools-lib/superH/libc.a(syscalls.o)
 *(COMMON)
 COMMON         0x000000000800f5d0        0x4 ../../../../../tools/tools-lib/superH/libc.a(sbrkr.o)
                0x000000000800f5d0                errno
                0x000000000800f5d4                _ebss = .
                0x000000000800f5d4                _end = .

.stab           0x0000000000000000      0xfb4
 *(.stab)
 .stab          0x0000000000000000      0x4bc rad2deg.o
 .stab          0x00000000000004bc      0x2e8 cubic.o
                                        0x5d0 (size before relaxing)
 .stab          0x00000000000007a4      0x288 isqrt.o
                                        0x570 (size before relaxing)
 .stab          0x0000000000000a2c      0x588 basicmath_small.o
                                        0x870 (size before relaxing)

.stabstr        0x0000000000000000     0x161c
 *(.stabstr)
 .stabstr       0x0000000000000000     0x1616 rad2deg.o
LOAD init.o
LOAD rad2deg.o
LOAD cubic.o
LOAD isqrt.o
LOAD basicmath_small.o
LOAD ../../../../../tools/tools-lib/superH/libc.a
LOAD ../../../../../tools/tools-lib/superH/libm.a
LOAD ../../../../../tools/tools-lib/superH/libgcc.a
LOAD ../../../../../sys/libOS/eOS/libeOS-superH.a
OUTPUT(basicmath_small coff-sh)

.comment        0x0000000000001620      0xa20
 .comment       0x0000000000001620       0x20 rad2deg.o
 .comment       0x0000000000001640       0x20 cubic.o
 .comment       0x0000000000001660       0x20 isqrt.o
 .comment       0x0000000000001680       0x20 basicmath_small.o
 .comment       0x00000000000016a0       0x20 ../../../../../tools/tools-lib/superH/libc.a(errno.o)
 .comment       0x00000000000016c0       0x20 ../../../../../tools/tools-lib/superH/libc.a(printf.o)
 .comment       0x00000000000016e0       0x20 ../../../../../tools/tools-lib/superH/libc.a(puts.o)
 .comment       0x0000000000001700       0x20 ../../../../../tools/tools-lib/superH/libc.a(impure.o)
 .comment       0x0000000000001720       0x20 ../../../../../tools/tools-lib/superH/libc.a(vfprintf.o)
 .comment       0x0000000000001740       0x20 ../../../../../tools/tools-lib/superH/libc.a(strlen.o)
 .comment       0x0000000000001760       0x20 ../../../../../tools/tools-lib/superH/libc.a(fvwrite.o)
 .comment       0x0000000000001780       0x20 ../../../../../tools/tools-lib/superH/libc.a(findfp.o)
 .comment       0x00000000000017a0       0x20 ../../../../../tools/tools-lib/superH/libc.a(locale.o)
 .comment       0x00000000000017c0       0x20 ../../../../../tools/tools-lib/superH/libc.a(wsetup.o)
 .comment       0x00000000000017e0       0x20 ../../../../../tools/tools-lib/superH/libc.a(fflush.o)
 .comment       0x0000000000001800       0x20 ../../../../../tools/tools-lib/superH/libc.a(mbtowc_r.o)
 .comment       0x0000000000001820       0x20 ../../../../../tools/tools-lib/superH/libc.a(s_isinf.o)
 .comment       0x0000000000001840       0x20 ../../../../../tools/tools-lib/superH/libc.a(s_isnan.o)
 .comment       0x0000000000001860       0x20 ../../../../../tools/tools-lib/superH/libc.a(dtoa.o)
 .comment       0x0000000000001880       0x20 ../../../../../tools/tools-lib/superH/libc.a(memchr.o)
 .comment       0x00000000000018a0       0x20 ../../../../../tools/tools-lib/superH/libc.a(memmove.o)
 .comment       0x00000000000018c0       0x20 ../../../../../tools/tools-lib/superH/libc.a(stdio.o)
 .comment       0x00000000000018e0       0x20 ../../../../../tools/tools-lib/superH/libc.a(fwalk.o)
 .comment       0x0000000000001900       0x20 ../../../../../tools/tools-lib/superH/libc.a(mallocr.o)
 .comment       0x0000000000001920       0x20 ../../../../../tools/tools-lib/superH/libc.a(freer.o)
 .comment       0x0000000000001940       0x20 ../../../../../tools/tools-lib/superH/libc.a(makebuf.o)
 .comment       0x0000000000001960       0x20 ../../../../../tools/tools-lib/superH/libc.a(mprec.o)
 .comment       0x0000000000001980       0x20 ../../../../../tools/tools-lib/superH/libc.a(closer.o)
 .comment       0x00000000000019a0       0x20 ../../../../../tools/tools-lib/superH/libc.a(lseekr.o)
 .comment       0x00000000000019c0       0x20 ../../../../../tools/tools-lib/superH/libc.a(writer.o)
 .comment       0x00000000000019e0       0x20 ../../../../../tools/tools-lib/superH/libc.a(readr.o)
 .comment       0x0000000000001a00       0x20 ../../../../../tools/tools-lib/superH/libc.a(mlock.o)
 .comment       0x0000000000001a20       0x20 ../../../../../tools/tools-lib/superH/libc.a(sbrkr.o)
 .comment       0x0000000000001a40       0x20 ../../../../../tools/tools-lib/superH/libc.a(fstatr.o)
 .comment       0x0000000000001a60       0x20 ../../../../../tools/tools-lib/superH/libc.a(syscalls.o)
 .comment       0x0000000000001a80       0x20 ../../../../../tools/tools-lib/superH/libc.a(callocr.o)
 .comment       0x0000000000001aa0       0x20 ../../../../../tools/tools-lib/superH/libc.a(abort.o)
 .comment       0x0000000000001ac0       0x20 ../../../../../tools/tools-lib/superH/libc.a(signal.o)
 .comment       0x0000000000001ae0       0x20 ../../../../../tools/tools-lib/superH/libc.a(signalr.o)
 .comment       0x0000000000001b00       0x20 ../../../../../tools/tools-lib/superH/libm.a(s_atan.o)
 .comment       0x0000000000001b20       0x20 ../../../../../tools/tools-lib/superH/libm.a(w_sqrt.o)
 .comment       0x0000000000001b40       0x20 ../../../../../tools/tools-lib/superH/libm.a(w_acos.o)
 .comment       0x0000000000001b60       0x20 ../../../../../tools/tools-lib/superH/libm.a(s_cos.o)
 .comment       0x0000000000001b80       0x20 ../../../../../tools/tools-lib/superH/libm.a(s_fabs.o)
 .comment       0x0000000000001ba0       0x20 ../../../../../tools/tools-lib/superH/libm.a(w_pow.o)
 .comment       0x0000000000001bc0       0x20 ../../../../../tools/tools-lib/superH/libm.a(e_sqrt.o)
 .comment       0x0000000000001be0       0x20 ../../../../../tools/tools-lib/superH/libm.a(s_lib_ver.o)
 .comment       0x0000000000001c00       0x20 ../../../../../tools/tools-lib/superH/libm.a(s_matherr.o)
 .comment       0x0000000000001c20       0x20 ../../../../../tools/tools-lib/superH/libm.a(e_acos.o)
 .comment       0x0000000000001c40       0x20 ../../../../../tools/tools-lib/superH/libm.a(e_rem_pio2.o)
 .comment       0x0000000000001c60       0x20 ../../../../../tools/tools-lib/superH/libm.a(k_cos.o)
 .comment       0x0000000000001c80       0x20 ../../../../../tools/tools-lib/superH/libm.a(k_sin.o)
 .comment       0x0000000000001ca0       0x20 ../../../../../tools/tools-lib/superH/libm.a(e_pow.o)
 .comment       0x0000000000001cc0       0x20 ../../../../../tools/tools-lib/superH/libm.a(s_finite.o)
 .comment       0x0000000000001ce0       0x20 ../../../../../tools/tools-lib/superH/libm.a(s_infconst.o)
 .comment       0x0000000000001d00       0x20 ../../../../../tools/tools-lib/superH/libm.a(s_rint.o)
 .comment       0x0000000000001d20       0x20 ../../../../../tools/tools-lib/superH/libm.a(k_rem_pio2.o)
 .comment       0x0000000000001d40       0x20 ../../../../../tools/tools-lib/superH/libm.a(s_scalbn.o)
 .comment       0x0000000000001d60       0x20 ../../../../../tools/tools-lib/superH/libm.a(s_floor.o)
 .comment       0x0000000000001d80       0x20 ../../../../../tools/tools-lib/superH/libm.a(s_copysign.o)
 .comment       0x0000000000001da0       0x20 ../../../../../tools/tools-lib/superH/libgcc.a(_mul_df.o)
 .comment       0x0000000000001dc0       0x20 ../../../../../tools/tools-lib/superH/libgcc.a(_div_df.o)
 .comment       0x0000000000001de0       0x20 ../../../../../tools/tools-lib/superH/libgcc.a(_addsub_df.o)
 .comment       0x0000000000001e00       0x20 ../../../../../tools/tools-lib/superH/libgcc.a(_le_df.o)
 .comment       0x0000000000001e20       0x20 ../../../../../tools/tools-lib/superH/libgcc.a(_lt_df.o)
 .comment       0x0000000000001e40       0x20 ../../../../../tools/tools-lib/superH/libgcc.a(_gt_df.o)
 .comment       0x0000000000001e60       0x20 ../../../../../tools/tools-lib/superH/libgcc.a(_ge_df.o)
 .comment       0x0000000000001e80       0x20 ../../../../../tools/tools-lib/superH/libgcc.a(_ne_df.o)
 .comment       0x0000000000001ea0       0x20 ../../../../../tools/tools-lib/superH/libgcc.a(_eq_df.o)
 .comment       0x0000000000001ec0       0x20 ../../../../../tools/tools-lib/superH/libgcc.a(_usi_to_df.o)
 .comment       0x0000000000001ee0       0x20 ../../../../../tools/tools-lib/superH/libgcc.a(_si_to_df.o)
 .comment       0x0000000000001f00       0x20 ../../../../../tools/tools-lib/superH/libgcc.a(_df_to_si.o)
 .comment       0x0000000000001f20       0x20 ../../../../../tools/tools-lib/superH/libgcc.a(_unpack_df.o)
 .comment       0x0000000000001f40       0x20 ../../../../../tools/tools-lib/superH/libgcc.a(_pack_df.o)
 .comment       0x0000000000001f60       0x20 ../../../../../tools/tools-lib/superH/libgcc.a(_muldi3.o)
 .comment       0x0000000000001f80       0x20 ../../../../../tools/tools-lib/superH/libgcc.a(_thenan_df.o)
 .comment       0x0000000000001fa0       0x20 ../../../../../tools/tools-lib/superH/libgcc.a(_ashldi3.o)
 .comment       0x0000000000001fc0       0x20 ../../../../../tools/tools-lib/superH/libgcc.a(_lshrdi3.o)
 .comment       0x0000000000001fe0       0x20 ../../../../../tools/tools-lib/superH/libgcc.a(_fpcmp_parts_df.o)
 .comment       0x0000000000002000       0x20 ../../../../../tools/tools-lib/superH/libgcc.a(_clzsi2.o)
 .comment       0x0000000000002020       0x20 ../../../../../tools/tools-lib/superH/libgcc.a(_clz.o)
