Archive member included because of file (symbol)

../../../../../tools/tools-lib/superH/libc.a(errno.o)
                              init.o (__errno)
../../../../../tools/tools-lib/superH/libc.a(memcpy.o)
                              isqrt.o (memcpy)
../../../../../tools/tools-lib/superH/libc.a(printf.o)
                              basicmath_large.o (printf)
../../../../../tools/tools-lib/superH/libc.a(puts.o)
                              basicmath_large.o (puts)
../../../../../tools/tools-lib/superH/libc.a(impure.o)
                              ../../../../../tools/tools-lib/superH/libc.a(errno.o) (_impure_ptr)
../../../../../tools/tools-lib/superH/libc.a(vfprintf.o)
                              ../../../../../tools/tools-lib/superH/libc.a(printf.o) (vfprintf)
../../../../../tools/tools-lib/superH/libc.a(strlen.o)
                              ../../../../../tools/tools-lib/superH/libc.a(puts.o) (strlen)
../../../../../tools/tools-lib/superH/libc.a(fvwrite.o)
                              ../../../../../tools/tools-lib/superH/libc.a(puts.o) (__sfvwrite)
../../../../../tools/tools-lib/superH/libc.a(findfp.o)
                              ../../../../../tools/tools-lib/superH/libc.a(vfprintf.o) (__sinit)
../../../../../tools/tools-lib/superH/libc.a(locale.o)
                              ../../../../../tools/tools-lib/superH/libc.a(vfprintf.o) (localeconv)
../../../../../tools/tools-lib/superH/libc.a(wsetup.o)
                              ../../../../../tools/tools-lib/superH/libc.a(vfprintf.o) (__swsetup)
../../../../../tools/tools-lib/superH/libc.a(fflush.o)
                              ../../../../../tools/tools-lib/superH/libc.a(vfprintf.o) (fflush)
../../../../../tools/tools-lib/superH/libc.a(mbtowc_r.o)
                              ../../../../../tools/tools-lib/superH/libc.a(vfprintf.o) (_mbtowc_r)
../../../../../tools/tools-lib/superH/libc.a(s_isinf.o)
                              ../../../../../tools/tools-lib/superH/libc.a(vfprintf.o) (isinf)
../../../../../tools/tools-lib/superH/libc.a(s_isnan.o)
                              ../../../../../tools/tools-lib/superH/libc.a(vfprintf.o) (isnan)
../../../../../tools/tools-lib/superH/libc.a(dtoa.o)
                              ../../../../../tools/tools-lib/superH/libc.a(vfprintf.o) (_dtoa_r)
../../../../../tools/tools-lib/superH/libc.a(memchr.o)
                              ../../../../../tools/tools-lib/superH/libc.a(vfprintf.o) (memchr)
../../../../../tools/tools-lib/superH/libc.a(memmove.o)
                              ../../../../../tools/tools-lib/superH/libc.a(fvwrite.o) (memmove)
../../../../../tools/tools-lib/superH/libc.a(stdio.o)
                              ../../../../../tools/tools-lib/superH/libc.a(findfp.o) (__sclose)
../../../../../tools/tools-lib/superH/libc.a(fwalk.o)
                              ../../../../../tools/tools-lib/superH/libc.a(findfp.o) (_fwalk)
../../../../../tools/tools-lib/superH/libc.a(mallocr.o)
                              ../../../../../tools/tools-lib/superH/libc.a(findfp.o) (_malloc_r)
../../../../../tools/tools-lib/superH/libc.a(memset.o)
                              ../../../../../tools/tools-lib/superH/libc.a(findfp.o) (memset)
../../../../../tools/tools-lib/superH/libc.a(strcmp.o)
                              ../../../../../tools/tools-lib/superH/libc.a(locale.o) (strcmp)
../../../../../tools/tools-lib/superH/libc.a(freer.o)
                              ../../../../../tools/tools-lib/superH/libc.a(wsetup.o) (_free_r)
../../../../../tools/tools-lib/superH/libc.a(makebuf.o)
                              ../../../../../tools/tools-lib/superH/libc.a(wsetup.o) (__smakebuf)
../../../../../tools/tools-lib/superH/libc.a(mprec.o)
                              ../../../../../tools/tools-lib/superH/libc.a(dtoa.o) (_Bfree)
../../../../../tools/tools-lib/superH/libc.a(closer.o)
                              ../../../../../tools/tools-lib/superH/libc.a(stdio.o) (_close_r)
../../../../../tools/tools-lib/superH/libc.a(lseekr.o)
                              ../../../../../tools/tools-lib/superH/libc.a(stdio.o) (_lseek_r)
../../../../../tools/tools-lib/superH/libc.a(writer.o)
                              ../../../../../tools/tools-lib/superH/libc.a(stdio.o) (_write_r)
../../../../../tools/tools-lib/superH/libc.a(readr.o)
                              ../../../../../tools/tools-lib/superH/libc.a(stdio.o) (_read_r)
../../../../../tools/tools-lib/superH/libc.a(mlock.o)
                              ../../../../../tools/tools-lib/superH/libc.a(mallocr.o) (__malloc_lock)
../../../../../tools/tools-lib/superH/libc.a(sbrkr.o)
                              ../../../../../tools/tools-lib/superH/libc.a(mallocr.o) (_sbrk_r)
../../../../../tools/tools-lib/superH/libc.a(fstatr.o)
                              ../../../../../tools/tools-lib/superH/libc.a(makebuf.o) (_fstat_r)
../../../../../tools/tools-lib/superH/libc.a(syscalls.o)
                              ../../../../../tools/tools-lib/superH/libc.a(fstatr.o) (_fstat)
../../../../../tools/tools-lib/superH/libc.a(callocr.o)
                              ../../../../../tools/tools-lib/superH/libc.a(mprec.o) (_calloc_r)
../../../../../tools/tools-lib/superH/libc.a(trap.o)
                              ../../../../../tools/tools-lib/superH/libc.a(syscalls.o) (__trap34)
../../../../../tools/tools-lib/superH/libc.a(abort.o)
                              ../../../../../tools/tools-lib/superH/libc.a(syscalls.o) (abort)
../../../../../tools/tools-lib/superH/libc.a(signal.o)
                              ../../../../../tools/tools-lib/superH/libc.a(abort.o) (raise)
../../../../../tools/tools-lib/superH/libc.a(signalr.o)
                              ../../../../../tools/tools-lib/superH/libc.a(signal.o) (_getpid_r)
../../../../../tools/tools-lib/superH/libm.a(s_atan.o)
                              rad2deg.o (atan)
../../../../../tools/tools-lib/superH/libm.a(w_sqrt.o)
                              cubic.o (sqrt)
../../../../../tools/tools-lib/superH/libm.a(w_acos.o)
                              cubic.o (acos)
../../../../../tools/tools-lib/superH/libm.a(s_cos.o)
                              cubic.o (cos)
../../../../../tools/tools-lib/superH/libm.a(s_fabs.o)
                              cubic.o (fabs)
../../../../../tools/tools-lib/superH/libm.a(w_pow.o)
                              cubic.o (pow)
../../../../../tools/tools-lib/superH/libm.a(e_sqrt.o)
                              ../../../../../tools/tools-lib/superH/libm.a(w_sqrt.o) (__ieee754_sqrt)
../../../../../tools/tools-lib/superH/libm.a(s_lib_ver.o)
                              ../../../../../tools/tools-lib/superH/libm.a(w_sqrt.o) (__fdlib_version)
../../../../../tools/tools-lib/superH/libm.a(s_matherr.o)
                              ../../../../../tools/tools-lib/superH/libm.a(w_sqrt.o) (matherr)
../../../../../tools/tools-lib/superH/libm.a(e_acos.o)
                              ../../../../../tools/tools-lib/superH/libm.a(w_acos.o) (__ieee754_acos)
../../../../../tools/tools-lib/superH/libm.a(e_rem_pio2.o)
                              ../../../../../tools/tools-lib/superH/libm.a(s_cos.o) (__ieee754_rem_pio2)
../../../../../tools/tools-lib/superH/libm.a(k_cos.o)
                              ../../../../../tools/tools-lib/superH/libm.a(s_cos.o) (__kernel_cos)
../../../../../tools/tools-lib/superH/libm.a(k_sin.o)
                              ../../../../../tools/tools-lib/superH/libm.a(s_cos.o) (__kernel_sin)
../../../../../tools/tools-lib/superH/libm.a(e_pow.o)
                              ../../../../../tools/tools-lib/superH/libm.a(w_pow.o) (__ieee754_pow)
../../../../../tools/tools-lib/superH/libm.a(s_finite.o)
                              ../../../../../tools/tools-lib/superH/libm.a(w_pow.o) (finite)
../../../../../tools/tools-lib/superH/libm.a(s_infconst.o)
                              ../../../../../tools/tools-lib/superH/libm.a(w_pow.o) (__infinity)
../../../../../tools/tools-lib/superH/libm.a(s_rint.o)
                              ../../../../../tools/tools-lib/superH/libm.a(w_pow.o) (rint)
../../../../../tools/tools-lib/superH/libm.a(k_rem_pio2.o)
                              ../../../../../tools/tools-lib/superH/libm.a(e_rem_pio2.o) (__kernel_rem_pio2)
../../../../../tools/tools-lib/superH/libm.a(s_scalbn.o)
                              ../../../../../tools/tools-lib/superH/libm.a(e_pow.o) (scalbn)
../../../../../tools/tools-lib/superH/libm.a(s_floor.o)
                              ../../../../../tools/tools-lib/superH/libm.a(k_rem_pio2.o) (floor)
../../../../../tools/tools-lib/superH/libm.a(s_copysign.o)
                              ../../../../../tools/tools-lib/superH/libm.a(s_scalbn.o) (copysign)
../../../../../tools/tools-lib/superH/libgcc.a(_mul_df.o)
                              rad2deg.o (__muldf3)
../../../../../tools/tools-lib/superH/libgcc.a(_div_df.o)
                              rad2deg.o (__divdf3)
../../../../../tools/tools-lib/superH/libgcc.a(_addsub_df.o)
                              cubic.o (__subdf3)
../../../../../tools/tools-lib/superH/libgcc.a(_le_df.o)
                              cubic.o (__ledf2)
../../../../../tools/tools-lib/superH/libgcc.a(_lt_df.o)
                              cubic.o (__ltdf2)
../../../../../tools/tools-lib/superH/libgcc.a(_gt_df.o)
                              basicmath_large.o (__gtdf2)
../../../../../tools/tools-lib/superH/libgcc.a(_ge_df.o)
                              basicmath_large.o (__gedf2)
../../../../../tools/tools-lib/superH/libgcc.a(_ne_df.o)
                              ../../../../../tools/tools-lib/superH/libc.a(vfprintf.o) (__nedf2)
../../../../../tools/tools-lib/superH/libgcc.a(_eq_df.o)
                              ../../../../../tools/tools-lib/superH/libc.a(vfprintf.o) (__eqdf2)
../../../../../tools/tools-lib/superH/libgcc.a(_sdivsi3.o)
                              ../../../../../tools/tools-lib/superH/libc.a(vfprintf.o) (__sdivsi3)
../../../../../tools/tools-lib/superH/libgcc.a(_udivsi3.o)
                              ../../../../../tools/tools-lib/superH/libc.a(vfprintf.o) (__udivsi3)
../../../../../tools/tools-lib/superH/libgcc.a(_mulsi3.o)
                              ../../../../../tools/tools-lib/superH/libc.a(dtoa.o) (__mulsi3)
../../../../../tools/tools-lib/superH/libgcc.a(_ashiftlt.o)
                              ../../../../../tools/tools-lib/superH/libc.a(dtoa.o) (__ashlsi3)
../../../../../tools/tools-lib/superH/libgcc.a(_lshiftrt.o)
                              ../../../../../tools/tools-lib/superH/libc.a(dtoa.o) (__lshrsi3)
../../../../../tools/tools-lib/superH/libgcc.a(_usi_to_df.o)
                              ../../../../../tools/tools-lib/superH/libc.a(dtoa.o) (__floatunsidf)
../../../../../tools/tools-lib/superH/libgcc.a(_si_to_df.o)
                              ../../../../../tools/tools-lib/superH/libc.a(dtoa.o) (__floatsidf)
../../../../../tools/tools-lib/superH/libgcc.a(_df_to_si.o)
                              ../../../../../tools/tools-lib/superH/libc.a(dtoa.o) (__fixdfsi)
../../../../../tools/tools-lib/superH/libgcc.a(_ashiftrt.o)
                              ../../../../../tools/tools-lib/superH/libc.a(mprec.o) (__ashiftrt_r4_20)
../../../../../tools/tools-lib/superH/libgcc.a(_ashiftrt_n.o)
                              ../../../../../tools/tools-lib/superH/libc.a(mprec.o) (__ashrsi3)
../../../../../tools/tools-lib/superH/libgcc.a(_unpack_df.o)
                              ../../../../../tools/tools-lib/superH/libgcc.a(_mul_df.o) (__unpack_d)
../../../../../tools/tools-lib/superH/libgcc.a(_pack_df.o)
                              ../../../../../tools/tools-lib/superH/libgcc.a(_mul_df.o) (__pack_d)
../../../../../tools/tools-lib/superH/libgcc.a(_muldi3.o)
                              ../../../../../tools/tools-lib/superH/libgcc.a(_mul_df.o) (__muldi3)
../../../../../tools/tools-lib/superH/libgcc.a(_thenan_df.o)
                              ../../../../../tools/tools-lib/superH/libgcc.a(_mul_df.o) (__thenan_df)
../../../../../tools/tools-lib/superH/libgcc.a(_ashldi3.o)
                              ../../../../../tools/tools-lib/superH/libgcc.a(_addsub_df.o) (__ashldi3)
../../../../../tools/tools-lib/superH/libgcc.a(_lshrdi3.o)
                              ../../../../../tools/tools-lib/superH/libgcc.a(_addsub_df.o) (__lshrdi3)
../../../../../tools/tools-lib/superH/libgcc.a(_fpcmp_parts_df.o)
                              ../../../../../tools/tools-lib/superH/libgcc.a(_le_df.o) (__fpcmp_parts_d)
../../../../../tools/tools-lib/superH/libgcc.a(_clzsi2.o)
                              ../../../../../tools/tools-lib/superH/libgcc.a(_usi_to_df.o) (__clzsi2)
../../../../../tools/tools-lib/superH/libgcc.a(_clz.o)
                              ../../../../../tools/tools-lib/superH/libgcc.a(_clzsi2.o) (__clz_tab)

Allocating common symbols
Common symbol       size              file

errno               0x4               ../../../../../tools/tools-lib/superH/libc.a(sbrkr.o)

Memory Configuration

Name             Origin             Length             Attributes
*default*        0x0000000000000000 0xffffffffffffffff

Linker script and memory map

Address of section .text set to 0x8004000

.text           0x0000000008004000     0xb170
                0x0000000008004000                _text = .
 *(.text)
 .text          0x0000000008004000       0x20 init.o
 .text          0x0000000008004020      0x120 rad2deg.o
                0x0000000008004020                rad2deg
                0x00000000080040b0                deg2rad
 .text          0x0000000008004140      0x6e0 cubic.o
                0x0000000008004140                SolveCubic
 .text          0x0000000008004820      0x110 isqrt.o
                0x0000000008004820                usqrt
 .text          0x0000000008004930      0xe20 basicmath_large.o
                0x0000000008004a28                startup
 .text          0x0000000008005750       0x20 ../../../../../tools/tools-lib/superH/libc.a(errno.o)
                0x0000000008005750                __errno
 .text          0x0000000008005770       0xa0 ../../../../../tools/tools-lib/superH/libc.a(memcpy.o)
                0x0000000008005770                memcpy
 .text          0x0000000008005810       0x80 ../../../../../tools/tools-lib/superH/libc.a(printf.o)
                0x0000000008005854                _printf_r
                0x0000000008005810                printf
 .text          0x0000000008005890       0x80 ../../../../../tools/tools-lib/superH/libc.a(puts.o)
                0x00000000080058ec                puts
                0x0000000008005892                _puts_r
 .text          0x0000000008005910       0x10 ../../../../../tools/tools-lib/superH/libc.a(impure.o)
 .text          0x0000000008005920     0x1280 ../../../../../tools/tools-lib/superH/libc.a(vfprintf.o)
                0x0000000008005a02                _vfprintf_r
                0x0000000008005950                vfprintf
 .text          0x0000000008006ba0       0x20 ../../../../../tools/tools-lib/superH/libc.a(strlen.o)
                0x0000000008006ba0                strlen
 .text          0x0000000008006bc0      0x240 ../../../../../tools/tools-lib/superH/libc.a(fvwrite.o)
                0x0000000008006bc0                __sfvwrite
 .text          0x0000000008006e00      0x1e0 ../../../../../tools/tools-lib/superH/libc.a(findfp.o)
                0x0000000008006f40                __sfp
                0x0000000008006e48                __sinit
                0x0000000008006ed0                _cleanup
                0x0000000008006eb8                _cleanup_r
                0x0000000008006ee8                __sfmoreglue
 .text          0x0000000008006fe0       0xd0 ../../../../../tools/tools-lib/superH/libc.a(locale.o)
                0x000000000800704c                setlocale
                0x0000000008006ff6                _setlocale_r
                0x000000000800706c                localeconv
                0x0000000008006fe0                _localeconv_r
 .text          0x00000000080070b0       0xd0 ../../../../../tools/tools-lib/superH/libc.a(wsetup.o)
                0x00000000080070b0                __swsetup
 .text          0x0000000008007180       0xc0 ../../../../../tools/tools-lib/superH/libc.a(fflush.o)
                0x0000000008007180                fflush
 .text          0x0000000008007240       0x40 ../../../../../tools/tools-lib/superH/libc.a(mbtowc_r.o)
                0x0000000008007240                _mbtowc_r
 .text          0x0000000008007280       0x30 ../../../../../tools/tools-lib/superH/libc.a(s_isinf.o)
                0x0000000008007280                isinf
 .text          0x00000000080072b0       0x30 ../../../../../tools/tools-lib/superH/libc.a(s_isnan.o)
                0x00000000080072b0                isnan
 .text          0x00000000080072e0     0x1020 ../../../../../tools/tools-lib/superH/libc.a(dtoa.o)
                0x000000000800747a                _dtoa_r
 .text          0x0000000008008300       0x30 ../../../../../tools/tools-lib/superH/libc.a(memchr.o)
                0x0000000008008300                memchr
 .text          0x0000000008008330       0x50 ../../../../../tools/tools-lib/superH/libc.a(memmove.o)
                0x0000000008008330                memmove
 .text          0x0000000008008380      0x120 ../../../../../tools/tools-lib/superH/libc.a(stdio.o)
                0x00000000080083ec                __swrite
                0x0000000008008380                __sclose
                0x0000000008008454                __sread
                0x000000000800839c                __sseek
 .text          0x00000000080084a0       0x60 ../../../../../tools/tools-lib/superH/libc.a(fwalk.o)
                0x00000000080084a0                _fwalk
 .text          0x0000000008008500      0x4f0 ../../../../../tools/tools-lib/superH/libc.a(mallocr.o)
                0x0000000008008500                _malloc_r
 .text          0x00000000080089f0       0x40 ../../../../../tools/tools-lib/superH/libc.a(memset.o)
                0x00000000080089f0                memset
 .text          0x0000000008008a30       0x30 ../../../../../tools/tools-lib/superH/libc.a(strcmp.o)
                0x0000000008008a30                strcmp
 .text          0x0000000008008a60      0x2d0 ../../../../../tools/tools-lib/superH/libc.a(freer.o)
                0x0000000008008a60                _malloc_trim_r
                0x0000000008008b28                _free_r
 .text          0x0000000008008d30      0x110 ../../../../../tools/tools-lib/superH/libc.a(makebuf.o)
                0x0000000008008d30                __smakebuf
 .text          0x0000000008008e40      0xbe0 ../../../../../tools/tools-lib/superH/libc.a(mprec.o)
                0x0000000008008f36                __mcmp
                0x00000000080090dc                _ratio
                0x0000000008009690                _i2b
                0x0000000008008fe4                _b2d
                0x0000000008009838                _s2b
                0x0000000008008e5e                _hi0bits
                0x0000000008009778                _pow5mult
                0x0000000008009354                __mdiff
                0x0000000008009444                _lshift
                0x0000000008009520                _multiply
                0x0000000008009244                _d2b
                0x00000000080091bc                _Balloc
                0x00000000080099e0                __mprec_tinytens
                0x000000000800915c                _mprec_log10
                0x00000000080099b8                __mprec_bigtens
                0x0000000008008f70                _ulp
                0x0000000008008e40                _Bfree
                0x00000000080098f0                __mprec_tens
                0x0000000008008eb8                _lo0bits
                0x00000000080096b4                _multadd
 .text          0x0000000008009a20       0x40 ../../../../../tools/tools-lib/superH/libc.a(closer.o)
                0x0000000008009a20                _close_r
 .text          0x0000000008009a60       0x40 ../../../../../tools/tools-lib/superH/libc.a(lseekr.o)
                0x0000000008009a60                _lseek_r
 .text          0x0000000008009aa0       0x40 ../../../../../tools/tools-lib/superH/libc.a(writer.o)
                0x0000000008009aa0                _write_r
 .text          0x0000000008009ae0       0x40 ../../../../../tools/tools-lib/superH/libc.a(readr.o)
                0x0000000008009ae0                _read_r
 .text          0x0000000008009b20       0x20 ../../../../../tools/tools-lib/superH/libc.a(mlock.o)
                0x0000000008009b20                __malloc_lock
                0x0000000008009b2a                __malloc_unlock
 .text          0x0000000008009b40       0x40 ../../../../../tools/tools-lib/superH/libc.a(sbrkr.o)
                0x0000000008009b40                _sbrk_r
 .text          0x0000000008009b80       0x40 ../../../../../tools/tools-lib/superH/libc.a(fstatr.o)
                0x0000000008009b80                _fstat_r
 .text          0x0000000008009bc0      0x280 ../../../../../tools/tools-lib/superH/libc.a(syscalls.o)
                0x0000000008009d04                _exit
                0x0000000008009bf6                _getpid
                0x0000000008009c7c                _utime
                0x0000000008009d6c                _write
                0x0000000008009da4                _read
                0x0000000008009bde                _unlink
                0x0000000008009d38                _open
                0x0000000008009ccc                _stat
                0x0000000008009bea                isatty
                0x0000000008009c54                _wait
                0x0000000008009ce8                _kill
                0x0000000008009cb4                _chmod
                0x0000000008009c20                _execv
                0x0000000008009c38                _execve
                0x0000000008009bc0                _link
                0x0000000008009c02                _raise
                0x0000000008009d1c                _creat
                0x0000000008009c0c                _pipe
                0x0000000008009c98                _chown
                0x0000000008009d88                _lseek
                0x0000000008009d54                _close
                0x0000000008009bcc                _fstat
                0x0000000008009c68                _fork
                0x0000000008009dda                _sbrk
 .text          0x0000000008009e40       0x90 ../../../../../tools/tools-lib/superH/libc.a(callocr.o)
                0x0000000008009e40                _calloc_r
 .text          0x0000000008009ed0       0x20 ../../../../../tools/tools-lib/superH/libc.a(trap.o)
                0x0000000008009ed0                __trap34
 .text          0x0000000008009ef0       0x20 ../../../../../tools/tools-lib/superH/libc.a(abort.o)
                0x0000000008009ef0                abort
 .text          0x0000000008009f10      0x210 ../../../../../tools/tools-lib/superH/libc.a(signal.o)
                0x0000000008009ff0                _raise_r
                0x0000000008009fd4                __sigtramp
                0x000000000800a084                raise
                0x0000000008009f58                _init_signal
                0x0000000008009f70                __sigtramp_r
                0x000000000800a0f8                signal
                0x000000000800a0a0                _signal_r
                0x0000000008009f10                _init_signal_r
 .text          0x000000000800a120       0x50 ../../../../../tools/tools-lib/superH/libc.a(signalr.o)
                0x000000000800a120                _getpid_r
                0x000000000800a130                _kill_r
 .text          0x000000000800a170      0x410 ../../../../../tools/tools-lib/superH/libm.a(s_atan.o)
                0x000000000800a170                atan
 .text          0x000000000800a580      0x100 ../../../../../tools/tools-lib/superH/libm.a(w_sqrt.o)
                0x000000000800a586                sqrt
 .text          0x000000000800a680       0xe0 ../../../../../tools/tools-lib/superH/libm.a(w_acos.o)
                0x000000000800a686                acos
 .text          0x000000000800a760       0xd0 ../../../../../tools/tools-lib/superH/libm.a(s_cos.o)
                0x000000000800a760                cos
 .text          0x000000000800a830       0x20 ../../../../../tools/tools-lib/superH/libm.a(s_fabs.o)
                0x000000000800a830                fabs
 .text          0x000000000800a850      0x350 ../../../../../tools/tools-lib/superH/libm.a(w_pow.o)
                0x000000000800a854                pow
 .text          0x000000000800aba0      0x200 ../../../../../tools/tools-lib/superH/libm.a(e_sqrt.o)
                0x000000000800aba0                __ieee754_sqrt
 .text          0x000000000800ada0       0x10 ../../../../../tools/tools-lib/superH/libm.a(s_lib_ver.o)
                0x000000000800ada0                __fdlib_version
 .text          0x000000000800adb0       0x10 ../../../../../tools/tools-lib/superH/libm.a(s_matherr.o)
                0x000000000800adb0                matherr
 .text          0x000000000800adc0      0x530 ../../../../../tools/tools-lib/superH/libm.a(e_acos.o)
                0x000000000800adc0                __ieee754_acos
 .text          0x000000000800b2f0      0x650 ../../../../../tools/tools-lib/superH/libm.a(e_rem_pio2.o)
                0x000000000800b2f0                __ieee754_rem_pio2
 .text          0x000000000800b940      0x200 ../../../../../tools/tools-lib/superH/libm.a(k_cos.o)
                0x000000000800b940                __kernel_cos
 .text          0x000000000800bb40      0x1d0 ../../../../../tools/tools-lib/superH/libm.a(k_sin.o)
                0x000000000800bb40                __kernel_sin
 .text          0x000000000800bd10      0xdc0 ../../../../../tools/tools-lib/superH/libm.a(e_pow.o)
                0x000000000800bd10                __ieee754_pow
 .text          0x000000000800cad0       0x20 ../../../../../tools/tools-lib/superH/libm.a(s_finite.o)
                0x000000000800cad0                finite
 .text          0x000000000800caf0       0x10 ../../../../../tools/tools-lib/superH/libm.a(s_infconst.o)
                0x000000000800caf0                __infinity
 .text          0x000000000800cb00      0x1c0 ../../../../../tools/tools-lib/superH/libm.a(s_rint.o)
                0x000000000800cb00                rint
 .text          0x000000000800ccc0      0xa60 ../../../../../tools/tools-lib/superH/libm.a(k_rem_pio2.o)
                0x000000000800ccc0                __kernel_rem_pio2
 .text          0x000000000800d720      0x160 ../../../../../tools/tools-lib/superH/libm.a(s_scalbn.o)
                0x000000000800d720                scalbn
 .text          0x000000000800d880      0x170 ../../../../../tools/tools-lib/superH/libm.a(s_floor.o)
                0x000000000800d880                floor
 .text          0x000000000800d9f0       0x30 ../../../../../tools/tools-lib/superH/libm.a(s_copysign.o)
                0x000000000800d9f0                copysign
 .text          0x000000000800da20      0x300 ../../../../../tools/tools-lib/superH/libgcc.a(_mul_df.o)
                0x000000000800da20                __muldf3
 .text          0x000000000800dd20      0x190 ../../../../../tools/tools-lib/superH/libgcc.a(_div_df.o)
                0x000000000800dd20                __divdf3
 .text          0x000000000800deb0      0x390 ../../../../../tools/tools-lib/superH/libgcc.a(_addsub_df.o)
                0x000000000800e178                __subdf3
                0x000000000800e1e0                __adddf3
 .text          0x000000000800e240       0x70 ../../../../../tools/tools-lib/superH/libgcc.a(_le_df.o)
                0x000000000800e240                __ledf2
 .text          0x000000000800e2b0       0x70 ../../../../../tools/tools-lib/superH/libgcc.a(_lt_df.o)
                0x000000000800e2b0                __ltdf2
 .text          0x000000000800e320       0x70 ../../../../../tools/tools-lib/superH/libgcc.a(_gt_df.o)
                0x000000000800e320                __gtdf2
 .text          0x000000000800e390       0x70 ../../../../../tools/tools-lib/superH/libgcc.a(_ge_df.o)
                0x000000000800e390                __gedf2
 .text          0x000000000800e400       0x70 ../../../../../tools/tools-lib/superH/libgcc.a(_ne_df.o)
                0x000000000800e400                __nedf2
 .text          0x000000000800e470       0x70 ../../../../../tools/tools-lib/superH/libgcc.a(_eq_df.o)
                0x000000000800e470                __eqdf2
 .text          0x000000000800e4e0       0xa0 ../../../../../tools/tools-lib/superH/libgcc.a(_sdivsi3.o)
                0x000000000800e4e0                __sdivsi3
 .text          0x000000000800e580       0x70 ../../../../../tools/tools-lib/superH/libgcc.a(_udivsi3.o)
                0x000000000800e5a2                __udivsi3
 .text          0x000000000800e5f0       0x30 ../../../../../tools/tools-lib/superH/libgcc.a(_mulsi3.o)
                0x000000000800e5f0                __mulsi3
 .text          0x000000000800e620       0x90 ../../../../../tools/tools-lib/superH/libgcc.a(_ashiftlt.o)
                0x000000000800e620                __ashlsi3
 .text          0x000000000800e6b0       0x90 ../../../../../tools/tools-lib/superH/libgcc.a(_lshiftrt.o)
                0x000000000800e6b0                __lshrsi3
 .text          0x000000000800e740       0xd0 ../../../../../tools/tools-lib/superH/libgcc.a(_usi_to_df.o)
                0x000000000800e740                __floatunsidf
 .text          0x000000000800e810       0xa0 ../../../../../tools/tools-lib/superH/libgcc.a(_si_to_df.o)
                0x000000000800e810                __floatsidf
 .text          0x000000000800e8b0       0x90 ../../../../../tools/tools-lib/superH/libgcc.a(_df_to_si.o)
                0x000000000800e8b0                __fixdfsi
 .text          0x000000000800e940       0x60 ../../../../../tools/tools-lib/superH/libgcc.a(_ashiftrt.o)
                0x000000000800e94c                __ashiftrt_r4_27
                0x000000000800e980                __ashiftrt_r4_6
                0x000000000800e970                __ashiftrt_r4_14
                0x000000000800e962                __ashiftrt_r4_19
                0x000000000800e97a                __ashiftrt_r4_9
                0x000000000800e98e                __ashiftrt_r4_0
                0x000000000800e940                __ashiftrt_r4_31
                0x000000000800e94e                __ashiftrt_r4_26
                0x000000000800e95c                __ashiftrt_r4_22
                0x000000000800e968                __ashiftrt_r4_16
                0x000000000800e974                __ashiftrt_r4_12
                0x000000000800e948                __ashiftrt_r4_29
                0x000000000800e966                __ashiftrt_r4_17
                0x000000000800e946                __ashiftrt_r4_30
                0x000000000800e982                __ashiftrt_r4_5
                0x000000000800e97c                __ashiftrt_r4_8
                0x000000000800e940                __ashiftrt_r4_32
                0x000000000800e950                __ashiftrt_r4_25
                0x000000000800e988                __ashiftrt_r4_2
                0x000000000800e952                __ashiftrt_r4_24
                0x000000000800e96e                __ashiftrt_r4_15
                0x000000000800e978                __ashiftrt_r4_10
                0x000000000800e98a                __ashiftrt_r4_1
                0x000000000800e94a                __ashiftrt_r4_28
                0x000000000800e960                __ashiftrt_r4_20
                0x000000000800e97e                __ashiftrt_r4_7
                0x000000000800e972                __ashiftrt_r4_13
                0x000000000800e976                __ashiftrt_r4_11
                0x000000000800e984                __ashiftrt_r4_4
                0x000000000800e95a                __ashiftrt_r4_23
                0x000000000800e964                __ashiftrt_r4_18
                0x000000000800e95e                __ashiftrt_r4_21
                0x000000000800e986                __ashiftrt_r4_3
 .text          0x000000000800e9a0       0x90 ../../../../../tools/tools-lib/superH/libgcc.a(_ashiftrt_n.o)
                0x000000000800e9a0                __ashrsi3
 .text          0x000000000800ea30      0x100 ../../../../../tools/tools-lib/superH/libgcc.a(_unpack_df.o)
                0x000000000800ea30                __unpack_d
 .text          0x000000000800eb30      0x1f0 ../../../../../tools/tools-lib/superH/libgcc.a(_pack_df.o)
                0x000000000800eb30                __pack_d
 .text          0x000000000800ed20       0xd0 ../../../../../tools/tools-lib/superH/libgcc.a(_muldi3.o)
                0x000000000800ed20                __muldi3
 .text          0x000000000800edf0       0x20 ../../../../../tools/tools-lib/superH/libgcc.a(_thenan_df.o)
                0x000000000800edf0                __thenan_df
 .text          0x000000000800ee10       0x80 ../../../../../tools/tools-lib/superH/libgcc.a(_ashldi3.o)
                0x000000000800ee10                __ashldi3
 .text          0x000000000800ee90       0x80 ../../../../../tools/tools-lib/superH/libgcc.a(_lshrdi3.o)
                0x000000000800ee90                __lshrdi3
 .text          0x000000000800ef10       0xc0 ../../../../../tools/tools-lib/superH/libgcc.a(_fpcmp_parts_df.o)
                0x000000000800ef10                __fpcmp_parts_d
 .text          0x000000000800efd0       0xa0 ../../../../../tools/tools-lib/superH/libgcc.a(_clzsi2.o)
                0x000000000800efd0                __clzsi2
 .text          0x000000000800f070      0x100 ../../../../../tools/tools-lib/superH/libgcc.a(_clz.o)
                0x000000000800f070                __clz_tab
 *(.strings)
                0x000000000800f170                _etext = .

.data           0x000000000800f170      0x710
                0x000000000800f170                _data = .
 *(.data)
 .data          0x000000000800f170      0x2f0 ../../../../../tools/tools-lib/superH/libc.a(impure.o)
                0x000000000800f170                _impure_ptr
 .data          0x000000000800f460       0x10 ../../../../../tools/tools-lib/superH/libc.a(locale.o)
                0x000000000800f460                __mb_cur_max
 .data          0x000000000800f470      0x410 ../../../../../tools/tools-lib/superH/libc.a(mallocr.o)
                0x000000000800f470                __malloc_av_
                0x000000000800f878                __malloc_trim_threshold
                0x000000000800f87c                __malloc_sbrk_base
                0x000000000800f880                _edata = .

.bss            0x000000000800f880       0x54
                0x000000000800f880                _bss = .
 *(.bss)
 .bss           0x000000000800f880       0x40 ../../../../../tools/tools-lib/superH/libc.a(mallocr.o)
                0x000000000800f880                __malloc_top_pad
                0x000000000800f88c                __malloc_current_mallinfo
                0x000000000800f884                __malloc_max_sbrked_mem
                0x000000000800f888                __malloc_max_total_mem
 .bss           0x000000000800f8c0       0x10 ../../../../../tools/tools-lib/superH/libc.a(syscalls.o)
 *(COMMON)
 COMMON         0x000000000800f8d0        0x4 ../../../../../tools/tools-lib/superH/libc.a(sbrkr.o)
                0x000000000800f8d0                errno
                0x000000000800f8d4                _ebss = .
                0x000000000800f8d4                _end = .

.stab           0x0000000000000000     0x1098
 *(.stab)
 .stab          0x0000000000000000      0x4bc rad2deg.o
 .stab          0x00000000000004bc      0x2e8 cubic.o
                                        0x5d0 (size before relaxing)
 .stab          0x00000000000007a4      0x288 isqrt.o
                                        0x570 (size before relaxing)
 .stab          0x0000000000000a2c      0x66c basicmath_large.o
                                        0x954 (size before relaxing)

.stabstr        0x0000000000000000     0x15a8
 *(.stabstr)
 .stabstr       0x0000000000000000     0x159e rad2deg.o
LOAD init.o
LOAD rad2deg.o
LOAD cubic.o
LOAD isqrt.o
LOAD basicmath_large.o
LOAD ../../../../../tools/tools-lib/superH/libc.a
LOAD ../../../../../tools/tools-lib/superH/libm.a
LOAD ../../../../../tools/tools-lib/superH/libgcc.a
LOAD ../../../../../sys/libOS/eOS/libeOS-superH.a
OUTPUT(basicmath_large coff-sh)

.comment        0x00000000000015a0      0xa20
 .comment       0x00000000000015a0       0x20 rad2deg.o
 .comment       0x00000000000015c0       0x20 cubic.o
 .comment       0x00000000000015e0       0x20 isqrt.o
 .comment       0x0000000000001600       0x20 basicmath_large.o
 .comment       0x0000000000001620       0x20 ../../../../../tools/tools-lib/superH/libc.a(errno.o)
 .comment       0x0000000000001640       0x20 ../../../../../tools/tools-lib/superH/libc.a(printf.o)
 .comment       0x0000000000001660       0x20 ../../../../../tools/tools-lib/superH/libc.a(puts.o)
 .comment       0x0000000000001680       0x20 ../../../../../tools/tools-lib/superH/libc.a(impure.o)
 .comment       0x00000000000016a0       0x20 ../../../../../tools/tools-lib/superH/libc.a(vfprintf.o)
 .comment       0x00000000000016c0       0x20 ../../../../../tools/tools-lib/superH/libc.a(strlen.o)
 .comment       0x00000000000016e0       0x20 ../../../../../tools/tools-lib/superH/libc.a(fvwrite.o)
 .comment       0x0000000000001700       0x20 ../../../../../tools/tools-lib/superH/libc.a(findfp.o)
 .comment       0x0000000000001720       0x20 ../../../../../tools/tools-lib/superH/libc.a(locale.o)
 .comment       0x0000000000001740       0x20 ../../../../../tools/tools-lib/superH/libc.a(wsetup.o)
 .comment       0x0000000000001760       0x20 ../../../../../tools/tools-lib/superH/libc.a(fflush.o)
 .comment       0x0000000000001780       0x20 ../../../../../tools/tools-lib/superH/libc.a(mbtowc_r.o)
 .comment       0x00000000000017a0       0x20 ../../../../../tools/tools-lib/superH/libc.a(s_isinf.o)
 .comment       0x00000000000017c0       0x20 ../../../../../tools/tools-lib/superH/libc.a(s_isnan.o)
 .comment       0x00000000000017e0       0x20 ../../../../../tools/tools-lib/superH/libc.a(dtoa.o)
 .comment       0x0000000000001800       0x20 ../../../../../tools/tools-lib/superH/libc.a(memchr.o)
 .comment       0x0000000000001820       0x20 ../../../../../tools/tools-lib/superH/libc.a(memmove.o)
 .comment       0x0000000000001840       0x20 ../../../../../tools/tools-lib/superH/libc.a(stdio.o)
 .comment       0x0000000000001860       0x20 ../../../../../tools/tools-lib/superH/libc.a(fwalk.o)
 .comment       0x0000000000001880       0x20 ../../../../../tools/tools-lib/superH/libc.a(mallocr.o)
 .comment       0x00000000000018a0       0x20 ../../../../../tools/tools-lib/superH/libc.a(freer.o)
 .comment       0x00000000000018c0       0x20 ../../../../../tools/tools-lib/superH/libc.a(makebuf.o)
 .comment       0x00000000000018e0       0x20 ../../../../../tools/tools-lib/superH/libc.a(mprec.o)
 .comment       0x0000000000001900       0x20 ../../../../../tools/tools-lib/superH/libc.a(closer.o)
 .comment       0x0000000000001920       0x20 ../../../../../tools/tools-lib/superH/libc.a(lseekr.o)
 .comment       0x0000000000001940       0x20 ../../../../../tools/tools-lib/superH/libc.a(writer.o)
 .comment       0x0000000000001960       0x20 ../../../../../tools/tools-lib/superH/libc.a(readr.o)
 .comment       0x0000000000001980       0x20 ../../../../../tools/tools-lib/superH/libc.a(mlock.o)
 .comment       0x00000000000019a0       0x20 ../../../../../tools/tools-lib/superH/libc.a(sbrkr.o)
 .comment       0x00000000000019c0       0x20 ../../../../../tools/tools-lib/superH/libc.a(fstatr.o)
 .comment       0x00000000000019e0       0x20 ../../../../../tools/tools-lib/superH/libc.a(syscalls.o)
 .comment       0x0000000000001a00       0x20 ../../../../../tools/tools-lib/superH/libc.a(callocr.o)
 .comment       0x0000000000001a20       0x20 ../../../../../tools/tools-lib/superH/libc.a(abort.o)
 .comment       0x0000000000001a40       0x20 ../../../../../tools/tools-lib/superH/libc.a(signal.o)
 .comment       0x0000000000001a60       0x20 ../../../../../tools/tools-lib/superH/libc.a(signalr.o)
 .comment       0x0000000000001a80       0x20 ../../../../../tools/tools-lib/superH/libm.a(s_atan.o)
 .comment       0x0000000000001aa0       0x20 ../../../../../tools/tools-lib/superH/libm.a(w_sqrt.o)
 .comment       0x0000000000001ac0       0x20 ../../../../../tools/tools-lib/superH/libm.a(w_acos.o)
 .comment       0x0000000000001ae0       0x20 ../../../../../tools/tools-lib/superH/libm.a(s_cos.o)
 .comment       0x0000000000001b00       0x20 ../../../../../tools/tools-lib/superH/libm.a(s_fabs.o)
 .comment       0x0000000000001b20       0x20 ../../../../../tools/tools-lib/superH/libm.a(w_pow.o)
 .comment       0x0000000000001b40       0x20 ../../../../../tools/tools-lib/superH/libm.a(e_sqrt.o)
 .comment       0x0000000000001b60       0x20 ../../../../../tools/tools-lib/superH/libm.a(s_lib_ver.o)
 .comment       0x0000000000001b80       0x20 ../../../../../tools/tools-lib/superH/libm.a(s_matherr.o)
 .comment       0x0000000000001ba0       0x20 ../../../../../tools/tools-lib/superH/libm.a(e_acos.o)
 .comment       0x0000000000001bc0       0x20 ../../../../../tools/tools-lib/superH/libm.a(e_rem_pio2.o)
 .comment       0x0000000000001be0       0x20 ../../../../../tools/tools-lib/superH/libm.a(k_cos.o)
 .comment       0x0000000000001c00       0x20 ../../../../../tools/tools-lib/superH/libm.a(k_sin.o)
 .comment       0x0000000000001c20       0x20 ../../../../../tools/tools-lib/superH/libm.a(e_pow.o)
 .comment       0x0000000000001c40       0x20 ../../../../../tools/tools-lib/superH/libm.a(s_finite.o)
 .comment       0x0000000000001c60       0x20 ../../../../../tools/tools-lib/superH/libm.a(s_infconst.o)
 .comment       0x0000000000001c80       0x20 ../../../../../tools/tools-lib/superH/libm.a(s_rint.o)
 .comment       0x0000000000001ca0       0x20 ../../../../../tools/tools-lib/superH/libm.a(k_rem_pio2.o)
 .comment       0x0000000000001cc0       0x20 ../../../../../tools/tools-lib/superH/libm.a(s_scalbn.o)
 .comment       0x0000000000001ce0       0x20 ../../../../../tools/tools-lib/superH/libm.a(s_floor.o)
 .comment       0x0000000000001d00       0x20 ../../../../../tools/tools-lib/superH/libm.a(s_copysign.o)
 .comment       0x0000000000001d20       0x20 ../../../../../tools/tools-lib/superH/libgcc.a(_mul_df.o)
 .comment       0x0000000000001d40       0x20 ../../../../../tools/tools-lib/superH/libgcc.a(_div_df.o)
 .comment       0x0000000000001d60       0x20 ../../../../../tools/tools-lib/superH/libgcc.a(_addsub_df.o)
 .comment       0x0000000000001d80       0x20 ../../../../../tools/tools-lib/superH/libgcc.a(_le_df.o)
 .comment       0x0000000000001da0       0x20 ../../../../../tools/tools-lib/superH/libgcc.a(_lt_df.o)
 .comment       0x0000000000001dc0       0x20 ../../../../../tools/tools-lib/superH/libgcc.a(_gt_df.o)
 .comment       0x0000000000001de0       0x20 ../../../../../tools/tools-lib/superH/libgcc.a(_ge_df.o)
 .comment       0x0000000000001e00       0x20 ../../../../../tools/tools-lib/superH/libgcc.a(_ne_df.o)
 .comment       0x0000000000001e20       0x20 ../../../../../tools/tools-lib/superH/libgcc.a(_eq_df.o)
 .comment       0x0000000000001e40       0x20 ../../../../../tools/tools-lib/superH/libgcc.a(_usi_to_df.o)
 .comment       0x0000000000001e60       0x20 ../../../../../tools/tools-lib/superH/libgcc.a(_si_to_df.o)
 .comment       0x0000000000001e80       0x20 ../../../../../tools/tools-lib/superH/libgcc.a(_df_to_si.o)
 .comment       0x0000000000001ea0       0x20 ../../../../../tools/tools-lib/superH/libgcc.a(_unpack_df.o)
 .comment       0x0000000000001ec0       0x20 ../../../../../tools/tools-lib/superH/libgcc.a(_pack_df.o)
 .comment       0x0000000000001ee0       0x20 ../../../../../tools/tools-lib/superH/libgcc.a(_muldi3.o)
 .comment       0x0000000000001f00       0x20 ../../../../../tools/tools-lib/superH/libgcc.a(_thenan_df.o)
 .comment       0x0000000000001f20       0x20 ../../../../../tools/tools-lib/superH/libgcc.a(_ashldi3.o)
 .comment       0x0000000000001f40       0x20 ../../../../../tools/tools-lib/superH/libgcc.a(_lshrdi3.o)
 .comment       0x0000000000001f60       0x20 ../../../../../tools/tools-lib/superH/libgcc.a(_fpcmp_parts_df.o)
 .comment       0x0000000000001f80       0x20 ../../../../../tools/tools-lib/superH/libgcc.a(_clzsi2.o)
 .comment       0x0000000000001fa0       0x20 ../../../../../tools/tools-lib/superH/libgcc.a(_clz.o)
