Archive member included because of file (symbol)

../../../../../tools/tools-lib/superH/libc.a(errno.o)
                              init.o (__errno)
../../../../../tools/tools-lib/superH/libc.a(printf.o)
                              susan.o (printf)
../../../../../tools/tools-lib/superH/libc.a(exit.o)
                              susan.o (exit)
../../../../../tools/tools-lib/superH/libc.a(rget.o)
                              susan.o (__srget)
../../../../../tools/tools-lib/superH/libc.a(fgets.o)
                              susan.o (fgets)
../../../../../tools/tools-lib/superH/libc.a(impure.o)
                              susan.o (_impure_ptr)
../../../../../tools/tools-lib/superH/libc.a(fprintf.o)
                              susan.o (fprintf)
../../../../../tools/tools-lib/superH/libc.a(fopen.o)
                              susan.o (fopen)
../../../../../tools/tools-lib/superH/libc.a(fgetc.o)
                              susan.o (fgetc)
../../../../../tools/tools-lib/superH/libc.a(malloc.o)
                              susan.o (free)
../../../../../tools/tools-lib/superH/libc.a(fread.o)
                              susan.o (fread)
../../../../../tools/tools-lib/superH/libc.a(fclose.o)
                              susan.o (fclose)
../../../../../tools/tools-lib/superH/libc.a(fwrite.o)
                              susan.o (fwrite)
../../../../../tools/tools-lib/superH/libc.a(memset.o)
                              susan.o (memset)
../../../../../tools/tools-lib/superH/libc.a(memcpy.o)
                              susan.o (memcpy)
../../../../../tools/tools-lib/superH/libc.a(abs.o)
                              susan.o (abs)
../../../../../tools/tools-lib/superH/libc.a(atof.o)
                              susan.o (atof)
../../../../../tools/tools-lib/superH/libc.a(atoi.o)
                              susan.o (atoi)
../../../../../tools/tools-lib/superH/libc.a(vfprintf.o)
                              ../../../../../tools/tools-lib/superH/libc.a(printf.o) (vfprintf)
../../../../../tools/tools-lib/superH/libc.a(syscalls.o)
                              ../../../../../tools/tools-lib/superH/libc.a(exit.o) (_exit)
../../../../../tools/tools-lib/superH/libc.a(refill.o)
                              ../../../../../tools/tools-lib/superH/libc.a(rget.o) (__srefill)
../../../../../tools/tools-lib/superH/libc.a(memchr.o)
                              ../../../../../tools/tools-lib/superH/libc.a(fgets.o) (memchr)
../../../../../tools/tools-lib/superH/libc.a(flags.o)
                              ../../../../../tools/tools-lib/superH/libc.a(fopen.o) (__sflags)
../../../../../tools/tools-lib/superH/libc.a(findfp.o)
                              ../../../../../tools/tools-lib/superH/libc.a(fclose.o) (__sinit)
../../../../../tools/tools-lib/superH/libc.a(openr.o)
                              ../../../../../tools/tools-lib/superH/libc.a(fopen.o) (_open_r)
../../../../../tools/tools-lib/superH/libc.a(stdio.o)
                              ../../../../../tools/tools-lib/superH/libc.a(fopen.o) (__sclose)
../../../../../tools/tools-lib/superH/libc.a(fseek.o)
                              ../../../../../tools/tools-lib/superH/libc.a(fopen.o) (fseek)
../../../../../tools/tools-lib/superH/libc.a(freer.o)
                              ../../../../../tools/tools-lib/superH/libc.a(malloc.o) (_free_r)
../../../../../tools/tools-lib/superH/libc.a(mallocr.o)
                              ../../../../../tools/tools-lib/superH/libc.a(malloc.o) (_malloc_r)
../../../../../tools/tools-lib/superH/libc.a(fflush.o)
                              ../../../../../tools/tools-lib/superH/libc.a(fclose.o) (fflush)
../../../../../tools/tools-lib/superH/libc.a(fvwrite.o)
                              ../../../../../tools/tools-lib/superH/libc.a(fwrite.o) (__sfvwrite)
../../../../../tools/tools-lib/superH/libc.a(strtod.o)
                              ../../../../../tools/tools-lib/superH/libc.a(atof.o) (strtod)
../../../../../tools/tools-lib/superH/libc.a(strtol.o)
                              ../../../../../tools/tools-lib/superH/libc.a(atoi.o) (strtol)
../../../../../tools/tools-lib/superH/libc.a(locale.o)
                              ../../../../../tools/tools-lib/superH/libc.a(vfprintf.o) (localeconv)
../../../../../tools/tools-lib/superH/libc.a(wsetup.o)
                              ../../../../../tools/tools-lib/superH/libc.a(vfprintf.o) (__swsetup)
../../../../../tools/tools-lib/superH/libc.a(mbtowc_r.o)
                              ../../../../../tools/tools-lib/superH/libc.a(vfprintf.o) (_mbtowc_r)
../../../../../tools/tools-lib/superH/libc.a(s_isinf.o)
                              ../../../../../tools/tools-lib/superH/libc.a(vfprintf.o) (isinf)
../../../../../tools/tools-lib/superH/libc.a(s_isnan.o)
                              ../../../../../tools/tools-lib/superH/libc.a(vfprintf.o) (isnan)
../../../../../tools/tools-lib/superH/libc.a(dtoa.o)
                              ../../../../../tools/tools-lib/superH/libc.a(vfprintf.o) (_dtoa_r)
../../../../../tools/tools-lib/superH/libc.a(strlen.o)
                              ../../../../../tools/tools-lib/superH/libc.a(vfprintf.o) (strlen)
../../../../../tools/tools-lib/superH/libc.a(sbrkr.o)
                              ../../../../../tools/tools-lib/superH/libc.a(freer.o) (_sbrk_r)
../../../../../tools/tools-lib/superH/libc.a(trap.o)
                              ../../../../../tools/tools-lib/superH/libc.a(syscalls.o) (__trap34)
../../../../../tools/tools-lib/superH/libc.a(abort.o)
                              ../../../../../tools/tools-lib/superH/libc.a(syscalls.o) (abort)
../../../../../tools/tools-lib/superH/libc.a(makebuf.o)
                              ../../../../../tools/tools-lib/superH/libc.a(refill.o) (__smakebuf)
../../../../../tools/tools-lib/superH/libc.a(fwalk.o)
                              ../../../../../tools/tools-lib/superH/libc.a(refill.o) (_fwalk)
../../../../../tools/tools-lib/superH/libc.a(closer.o)
                              ../../../../../tools/tools-lib/superH/libc.a(stdio.o) (_close_r)
../../../../../tools/tools-lib/superH/libc.a(lseekr.o)
                              ../../../../../tools/tools-lib/superH/libc.a(stdio.o) (_lseek_r)
../../../../../tools/tools-lib/superH/libc.a(writer.o)
                              ../../../../../tools/tools-lib/superH/libc.a(stdio.o) (_write_r)
../../../../../tools/tools-lib/superH/libc.a(readr.o)
                              ../../../../../tools/tools-lib/superH/libc.a(stdio.o) (_read_r)
../../../../../tools/tools-lib/superH/libc.a(fstatr.o)
                              ../../../../../tools/tools-lib/superH/libc.a(fseek.o) (_fstat_r)
../../../../../tools/tools-lib/superH/libc.a(mlock.o)
                              ../../../../../tools/tools-lib/superH/libc.a(freer.o) (__malloc_lock)
../../../../../tools/tools-lib/superH/libc.a(memmove.o)
                              ../../../../../tools/tools-lib/superH/libc.a(fvwrite.o) (memmove)
../../../../../tools/tools-lib/superH/libc.a(mprec.o)
                              ../../../../../tools/tools-lib/superH/libc.a(strtod.o) (_Bfree)
../../../../../tools/tools-lib/superH/libc.a(s_infconst.o)
                              ../../../../../tools/tools-lib/superH/libc.a(strtod.o) (__infinity)
../../../../../tools/tools-lib/superH/libc.a(ctype_.o)
                              ../../../../../tools/tools-lib/superH/libc.a(strtol.o) (_ctype_)
../../../../../tools/tools-lib/superH/libc.a(strcmp.o)
                              ../../../../../tools/tools-lib/superH/libc.a(locale.o) (strcmp)
../../../../../tools/tools-lib/superH/libc.a(signal.o)
                              ../../../../../tools/tools-lib/superH/libc.a(abort.o) (raise)
../../../../../tools/tools-lib/superH/libc.a(callocr.o)
                              ../../../../../tools/tools-lib/superH/libc.a(mprec.o) (_calloc_r)
../../../../../tools/tools-lib/superH/libc.a(signalr.o)
                              ../../../../../tools/tools-lib/superH/libc.a(signal.o) (_getpid_r)
../../../../../tools/tools-lib/superH/libm.a(w_exp.o)
                              susan.o (exp)
../../../../../tools/tools-lib/superH/libm.a(w_sqrt.o)
                              susan.o (sqrt)
../../../../../tools/tools-lib/superH/libm.a(e_exp.o)
                              ../../../../../tools/tools-lib/superH/libm.a(w_exp.o) (__ieee754_exp)
../../../../../tools/tools-lib/superH/libm.a(s_lib_ver.o)
                              ../../../../../tools/tools-lib/superH/libm.a(w_exp.o) (__fdlib_version)
../../../../../tools/tools-lib/superH/libm.a(s_finite.o)
                              ../../../../../tools/tools-lib/superH/libm.a(w_exp.o) (finite)
../../../../../tools/tools-lib/superH/libm.a(s_matherr.o)
                              ../../../../../tools/tools-lib/superH/libm.a(w_exp.o) (matherr)
../../../../../tools/tools-lib/superH/libm.a(e_sqrt.o)
                              ../../../../../tools/tools-lib/superH/libm.a(w_sqrt.o) (__ieee754_sqrt)
../../../../../tools/tools-lib/superH/libgcc.a(_mulsi3.o)
                              susan.o (__mulsi3)
../../../../../tools/tools-lib/superH/libgcc.a(_sdivsi3.o)
                              susan.o (__sdivsi3)
../../../../../tools/tools-lib/superH/libgcc.a(_si_to_sf.o)
                              susan.o (__floatsisf)
../../../../../tools/tools-lib/superH/libgcc.a(_div_sf.o)
                              susan.o (__divsf3)
../../../../../tools/tools-lib/superH/libgcc.a(_mul_sf.o)
                              susan.o (__mulsf3)
../../../../../tools/tools-lib/superH/libgcc.a(_sf_to_df.o)
                              susan.o (__extendsfdf2)
../../../../../tools/tools-lib/superH/libgcc.a(_mul_df.o)
                              susan.o (__muldf3)
../../../../../tools/tools-lib/superH/libgcc.a(_df_to_sf.o)
                              susan.o (__truncdfsf2)
../../../../../tools/tools-lib/superH/libgcc.a(_fixunssfsi.o)
                              susan.o (__fixunssfsi)
../../../../../tools/tools-lib/superH/libgcc.a(_df_to_si.o)
                              susan.o (__fixdfsi)
../../../../../tools/tools-lib/superH/libgcc.a(_gt_sf.o)
                              susan.o (__gtsf2)
../../../../../tools/tools-lib/superH/libgcc.a(_gt_df.o)
                              susan.o (__gtdf2)
../../../../../tools/tools-lib/superH/libgcc.a(_lt_sf.o)
                              susan.o (__ltsf2)
../../../../../tools/tools-lib/superH/libgcc.a(_addsub_df.o)
                              susan.o (__subdf3)
../../../../../tools/tools-lib/superH/libgcc.a(_addsub_sf.o)
                              ../../../../../tools/tools-lib/superH/libgcc.a(_fixunssfsi.o) (__subsf3)
../../../../../tools/tools-lib/superH/libgcc.a(_udivsi3.o)
                              ../../../../../tools/tools-lib/superH/libc.a(fread.o) (__udivsi3)
../../../../../tools/tools-lib/superH/libgcc.a(_lt_df.o)
                              ../../../../../tools/tools-lib/superH/libc.a(vfprintf.o) (__ltdf2)
../../../../../tools/tools-lib/superH/libgcc.a(_ne_df.o)
                              ../../../../../tools/tools-lib/superH/libc.a(vfprintf.o) (__nedf2)
../../../../../tools/tools-lib/superH/libgcc.a(_eq_df.o)
                              ../../../../../tools/tools-lib/superH/libc.a(vfprintf.o) (__eqdf2)
../../../../../tools/tools-lib/superH/libgcc.a(_ashiftlt.o)
                              ../../../../../tools/tools-lib/superH/libc.a(freer.o) (__ashlsi3)
../../../../../tools/tools-lib/superH/libgcc.a(_usi_to_df.o)
                              ../../../../../tools/tools-lib/superH/libc.a(strtod.o) (__floatunsidf)
../../../../../tools/tools-lib/superH/libgcc.a(_div_df.o)
                              ../../../../../tools/tools-lib/superH/libc.a(strtod.o) (__divdf3)
../../../../../tools/tools-lib/superH/libgcc.a(_le_df.o)
                              ../../../../../tools/tools-lib/superH/libc.a(strtod.o) (__ledf2)
../../../../../tools/tools-lib/superH/libgcc.a(_ge_df.o)
                              ../../../../../tools/tools-lib/superH/libc.a(strtod.o) (__gedf2)
../../../../../tools/tools-lib/superH/libgcc.a(_si_to_df.o)
                              ../../../../../tools/tools-lib/superH/libc.a(strtod.o) (__floatsidf)
../../../../../tools/tools-lib/superH/libgcc.a(_lshiftrt.o)
                              ../../../../../tools/tools-lib/superH/libc.a(dtoa.o) (__lshrsi3)
../../../../../tools/tools-lib/superH/libgcc.a(_ashiftrt.o)
                              ../../../../../tools/tools-lib/superH/libc.a(mprec.o) (__ashiftrt_r4_20)
../../../../../tools/tools-lib/superH/libgcc.a(_ashiftrt_n.o)
                              ../../../../../tools/tools-lib/superH/libc.a(mprec.o) (__ashrsi3)
../../../../../tools/tools-lib/superH/libgcc.a(_pack_sf.o)
                              ../../../../../tools/tools-lib/superH/libgcc.a(_si_to_sf.o) (__pack_f)
../../../../../tools/tools-lib/superH/libgcc.a(_clzsi2.o)
                              ../../../../../tools/tools-lib/superH/libgcc.a(_si_to_sf.o) (__clzsi2)
../../../../../tools/tools-lib/superH/libgcc.a(_unpack_sf.o)
                              ../../../../../tools/tools-lib/superH/libgcc.a(_div_sf.o) (__unpack_f)
../../../../../tools/tools-lib/superH/libgcc.a(_thenan_sf.o)
                              ../../../../../tools/tools-lib/superH/libgcc.a(_div_sf.o) (__thenan_sf)
../../../../../tools/tools-lib/superH/libgcc.a(_muldi3.o)
                              ../../../../../tools/tools-lib/superH/libgcc.a(_mul_sf.o) (__muldi3)
../../../../../tools/tools-lib/superH/libgcc.a(_make_df.o)
                              ../../../../../tools/tools-lib/superH/libgcc.a(_sf_to_df.o) (__make_dp)
../../../../../tools/tools-lib/superH/libgcc.a(_unpack_df.o)
                              ../../../../../tools/tools-lib/superH/libgcc.a(_mul_df.o) (__unpack_d)
../../../../../tools/tools-lib/superH/libgcc.a(_pack_df.o)
                              ../../../../../tools/tools-lib/superH/libgcc.a(_mul_df.o) (__pack_d)
../../../../../tools/tools-lib/superH/libgcc.a(_thenan_df.o)
                              ../../../../../tools/tools-lib/superH/libgcc.a(_mul_df.o) (__thenan_df)
../../../../../tools/tools-lib/superH/libgcc.a(_make_sf.o)
                              ../../../../../tools/tools-lib/superH/libgcc.a(_df_to_sf.o) (__make_fp)
../../../../../tools/tools-lib/superH/libgcc.a(_ge_sf.o)
                              ../../../../../tools/tools-lib/superH/libgcc.a(_fixunssfsi.o) (__gesf2)
../../../../../tools/tools-lib/superH/libgcc.a(_sf_to_si.o)
                              ../../../../../tools/tools-lib/superH/libgcc.a(_fixunssfsi.o) (__fixsfsi)
../../../../../tools/tools-lib/superH/libgcc.a(_lshrdi3.o)
                              ../../../../../tools/tools-lib/superH/libgcc.a(_df_to_si.o) (__lshrdi3)
../../../../../tools/tools-lib/superH/libgcc.a(_fpcmp_parts_sf.o)
                              ../../../../../tools/tools-lib/superH/libgcc.a(_gt_sf.o) (__fpcmp_parts_f)
../../../../../tools/tools-lib/superH/libgcc.a(_fpcmp_parts_df.o)
                              ../../../../../tools/tools-lib/superH/libgcc.a(_gt_df.o) (__fpcmp_parts_d)
../../../../../tools/tools-lib/superH/libgcc.a(_ashldi3.o)
                              ../../../../../tools/tools-lib/superH/libgcc.a(_addsub_df.o) (__ashldi3)
../../../../../tools/tools-lib/superH/libgcc.a(_clz.o)
                              ../../../../../tools/tools-lib/superH/libgcc.a(_clzsi2.o) (__clz_tab)

Allocating common symbols
Common symbol       size              file

errno               0x4               ../../../../../tools/tools-lib/superH/libc.a(syscalls.o)

Memory Configuration

Name             Origin             Length             Attributes
*default*        0x0000000000000000 0xffffffffffffffff

Linker script and memory map

Address of section .text set to 0x8004000

.text           0x0000000008004000    0x16fb0
                0x0000000008004000                _text = .
 *(.text)
 .text          0x0000000008004000       0x20 init.o
 .text          0x0000000008004020     0xe2b0 susan.o
                0x000000000800c5e8                corner_draw
                0x0000000008004db4                susan_principle
                0x000000000800b730                susan_edges_small
                0x0000000008011886                startup
                0x0000000008006fa0                susan_thin
                0x0000000008005a04                median
                0x000000000800c830                susan_corners
                0x0000000008004c2c                setup_brightness_lut
                0x000000000800f528                susan_corners_quick
                0x0000000008004742                get_image
                0x0000000008006166                susan_smoothing
                0x0000000008004974                put_image
                0x0000000008006d78                edge_draw
                0x000000000800438a                usage
                0x0000000008008bd0                susan_edges
                0x0000000008004478                getint
                0x0000000008005ce0                enlarge
                0x0000000008004ac4                int_to_uchar
                0x00000000080056d8                susan_principle_small
 .text          0x00000000080122d0       0x20 ../../../../../tools/tools-lib/superH/libc.a(errno.o)
                0x00000000080122d0                __errno
 .text          0x00000000080122f0       0x80 ../../../../../tools/tools-lib/superH/libc.a(printf.o)
                0x0000000008012334                _printf_r
                0x00000000080122f0                printf
 .text          0x0000000008012370       0x60 ../../../../../tools/tools-lib/superH/libc.a(exit.o)
                0x0000000008012370                exit
 .text          0x00000000080123d0       0x30 ../../../../../tools/tools-lib/superH/libc.a(rget.o)
                0x00000000080123d0                __srget
 .text          0x0000000008012400       0xd0 ../../../../../tools/tools-lib/superH/libc.a(fgets.o)
                0x0000000008012400                fgets
 .text          0x00000000080124d0       0x10 ../../../../../tools/tools-lib/superH/libc.a(impure.o)
 .text          0x00000000080124e0       0x30 ../../../../../tools/tools-lib/superH/libc.a(fprintf.o)
                0x00000000080124e0                fprintf
 .text          0x0000000008012510       0xe0 ../../../../../tools/tools-lib/superH/libc.a(fopen.o)
                0x0000000008012510                _fopen_r
                0x00000000080125c8                fopen
 .text          0x00000000080125f0       0x30 ../../../../../tools/tools-lib/superH/libc.a(fgetc.o)
                0x00000000080125f0                fgetc
 .text          0x0000000008012620       0x40 ../../../../../tools/tools-lib/superH/libc.a(malloc.o)
                0x0000000008012620                free
                0x000000000801263c                malloc
 .text          0x0000000008012660       0xb0 ../../../../../tools/tools-lib/superH/libc.a(fread.o)
                0x0000000008012660                fread
 .text          0x0000000008012710       0xd0 ../../../../../tools/tools-lib/superH/libc.a(fclose.o)
                0x0000000008012710                fclose
 .text          0x00000000080127e0       0x70 ../../../../../tools/tools-lib/superH/libc.a(fwrite.o)
                0x00000000080127e0                fwrite
 .text          0x0000000008012850       0x40 ../../../../../tools/tools-lib/superH/libc.a(memset.o)
                0x0000000008012850                memset
 .text          0x0000000008012890       0xa0 ../../../../../tools/tools-lib/superH/libc.a(memcpy.o)
                0x0000000008012890                memcpy
 .text          0x0000000008012930       0x20 ../../../../../tools/tools-lib/superH/libc.a(abs.o)
                0x0000000008012930                abs
 .text          0x0000000008012950       0x20 ../../../../../tools/tools-lib/superH/libc.a(atof.o)
                0x0000000008012950                atof
 .text          0x0000000008012970       0x20 ../../../../../tools/tools-lib/superH/libc.a(atoi.o)
                0x0000000008012970                atoi
 .text          0x0000000008012990     0x1280 ../../../../../tools/tools-lib/superH/libc.a(vfprintf.o)
                0x0000000008012a72                _vfprintf_r
                0x00000000080129c0                vfprintf
 .text          0x0000000008013c10      0x280 ../../../../../tools/tools-lib/superH/libc.a(syscalls.o)
                0x0000000008013d54                _exit
                0x0000000008013c46                _getpid
                0x0000000008013ccc                _utime
                0x0000000008013dbc                _write
                0x0000000008013df4                _read
                0x0000000008013c2e                _unlink
                0x0000000008013d88                _open
                0x0000000008013d1c                _stat
                0x0000000008013c3a                isatty
                0x0000000008013ca4                _wait
                0x0000000008013d38                _kill
                0x0000000008013d04                _chmod
                0x0000000008013c70                _execv
                0x0000000008013c88                _execve
                0x0000000008013c10                _link
                0x0000000008013c52                _raise
                0x0000000008013d6c                _creat
                0x0000000008013c5c                _pipe
                0x0000000008013ce8                _chown
                0x0000000008013dd8                _lseek
                0x0000000008013da4                _close
                0x0000000008013c1c                _fstat
                0x0000000008013cb8                _fork
                0x0000000008013e2a                _sbrk
 .text          0x0000000008013e90      0x140 ../../../../../tools/tools-lib/superH/libc.a(refill.o)
                0x0000000008013eb4                __srefill
 .text          0x0000000008013fd0       0x30 ../../../../../tools/tools-lib/superH/libc.a(memchr.o)
                0x0000000008013fd0                memchr
 .text          0x0000000008014000       0x60 ../../../../../tools/tools-lib/superH/libc.a(flags.o)
                0x0000000008014000                __sflags
 .text          0x0000000008014060      0x1e0 ../../../../../tools/tools-lib/superH/libc.a(findfp.o)
                0x00000000080141a0                __sfp
                0x00000000080140a8                __sinit
                0x0000000008014130                _cleanup
                0x0000000008014118                _cleanup_r
                0x0000000008014148                __sfmoreglue
 .text          0x0000000008014240       0x40 ../../../../../tools/tools-lib/superH/libc.a(openr.o)
                0x0000000008014240                _open_r
 .text          0x0000000008014280      0x120 ../../../../../tools/tools-lib/superH/libc.a(stdio.o)
                0x00000000080142ec                __swrite
                0x0000000008014280                __sclose
                0x0000000008014354                __sread
                0x000000000801429c                __sseek
 .text          0x00000000080143a0      0x300 ../../../../../tools/tools-lib/superH/libc.a(fseek.o)
                0x00000000080143a0                fseek
 .text          0x00000000080146a0      0x2d0 ../../../../../tools/tools-lib/superH/libc.a(freer.o)
                0x00000000080146a0                _malloc_trim_r
                0x0000000008014768                _free_r
 .text          0x0000000008014970      0x4f0 ../../../../../tools/tools-lib/superH/libc.a(mallocr.o)
                0x0000000008014970                _malloc_r
 .text          0x0000000008014e60       0xc0 ../../../../../tools/tools-lib/superH/libc.a(fflush.o)
                0x0000000008014e60                fflush
 .text          0x0000000008014f20      0x240 ../../../../../tools/tools-lib/superH/libc.a(fvwrite.o)
                0x0000000008014f20                __sfvwrite
 .text          0x0000000008015160      0xb80 ../../../../../tools/tools-lib/superH/libc.a(strtod.o)
                0x0000000008015cbc                strtodf
                0x0000000008015c9c                strtod
                0x0000000008015160                _strtod_r
 .text          0x0000000008015ce0      0x170 ../../../../../tools/tools-lib/superH/libc.a(strtol.o)
                0x0000000008015e24                strtol
                0x0000000008015ce0                _strtol_r
 .text          0x0000000008015e50       0xd0 ../../../../../tools/tools-lib/superH/libc.a(locale.o)
                0x0000000008015ebc                setlocale
                0x0000000008015e66                _setlocale_r
                0x0000000008015edc                localeconv
                0x0000000008015e50                _localeconv_r
 .text          0x0000000008015f20       0xd0 ../../../../../tools/tools-lib/superH/libc.a(wsetup.o)
                0x0000000008015f20                __swsetup
 .text          0x0000000008015ff0       0x40 ../../../../../tools/tools-lib/superH/libc.a(mbtowc_r.o)
                0x0000000008015ff0                _mbtowc_r
 .text          0x0000000008016030       0x30 ../../../../../tools/tools-lib/superH/libc.a(s_isinf.o)
                0x0000000008016030                isinf
 .text          0x0000000008016060       0x30 ../../../../../tools/tools-lib/superH/libc.a(s_isnan.o)
                0x0000000008016060                isnan
 .text          0x0000000008016090     0x1020 ../../../../../tools/tools-lib/superH/libc.a(dtoa.o)
                0x000000000801622a                _dtoa_r
 .text          0x00000000080170b0       0x20 ../../../../../tools/tools-lib/superH/libc.a(strlen.o)
                0x00000000080170b0                strlen
 .text          0x00000000080170d0       0x40 ../../../../../tools/tools-lib/superH/libc.a(sbrkr.o)
                0x00000000080170d0                _sbrk_r
 .text          0x0000000008017110       0x20 ../../../../../tools/tools-lib/superH/libc.a(trap.o)
                0x0000000008017110                __trap34
 .text          0x0000000008017130       0x20 ../../../../../tools/tools-lib/superH/libc.a(abort.o)
                0x0000000008017130                abort
 .text          0x0000000008017150      0x110 ../../../../../tools/tools-lib/superH/libc.a(makebuf.o)
                0x0000000008017150                __smakebuf
 .text          0x0000000008017260       0x60 ../../../../../tools/tools-lib/superH/libc.a(fwalk.o)
                0x0000000008017260                _fwalk
 .text          0x00000000080172c0       0x40 ../../../../../tools/tools-lib/superH/libc.a(closer.o)
                0x00000000080172c0                _close_r
 .text          0x0000000008017300       0x40 ../../../../../tools/tools-lib/superH/libc.a(lseekr.o)
                0x0000000008017300                _lseek_r
 .text          0x0000000008017340       0x40 ../../../../../tools/tools-lib/superH/libc.a(writer.o)
                0x0000000008017340                _write_r
 .text          0x0000000008017380       0x40 ../../../../../tools/tools-lib/superH/libc.a(readr.o)
                0x0000000008017380                _read_r
 .text          0x00000000080173c0       0x40 ../../../../../tools/tools-lib/superH/libc.a(fstatr.o)
                0x00000000080173c0                _fstat_r
 .text          0x0000000008017400       0x20 ../../../../../tools/tools-lib/superH/libc.a(mlock.o)
                0x0000000008017400                __malloc_lock
                0x000000000801740a                __malloc_unlock
 .text          0x0000000008017420       0x50 ../../../../../tools/tools-lib/superH/libc.a(memmove.o)
                0x0000000008017420                memmove
 .text          0x0000000008017470      0xbe0 ../../../../../tools/tools-lib/superH/libc.a(mprec.o)
                0x0000000008017566                __mcmp
                0x000000000801770c                _ratio
                0x0000000008017cc0                _i2b
                0x0000000008017614                _b2d
                0x0000000008017e68                _s2b
                0x000000000801748e                _hi0bits
                0x0000000008017da8                _pow5mult
                0x0000000008017984                __mdiff
                0x0000000008017a74                _lshift
                0x0000000008017b50                _multiply
                0x0000000008017874                _d2b
                0x00000000080177ec                _Balloc
                0x0000000008018010                __mprec_tinytens
                0x000000000801778c                _mprec_log10
                0x0000000008017fe8                __mprec_bigtens
                0x00000000080175a0                _ulp
                0x0000000008017470                _Bfree
                0x0000000008017f20                __mprec_tens
                0x00000000080174e8                _lo0bits
                0x0000000008017ce4                _multadd
 .text          0x0000000008018050       0x10 ../../../../../tools/tools-lib/superH/libc.a(s_infconst.o)
                0x0000000008018050                __infinity
 .text          0x0000000008018060      0x110 ../../../../../tools/tools-lib/superH/libc.a(ctype_.o)
                0x0000000008018060                _ctype_
 .text          0x0000000008018170       0x30 ../../../../../tools/tools-lib/superH/libc.a(strcmp.o)
                0x0000000008018170                strcmp
 .text          0x00000000080181a0      0x210 ../../../../../tools/tools-lib/superH/libc.a(signal.o)
                0x0000000008018280                _raise_r
                0x0000000008018264                __sigtramp
                0x0000000008018314                raise
                0x00000000080181e8                _init_signal
                0x0000000008018200                __sigtramp_r
                0x0000000008018388                signal
                0x0000000008018330                _signal_r
                0x00000000080181a0                _init_signal_r
 .text          0x00000000080183b0       0x90 ../../../../../tools/tools-lib/superH/libc.a(callocr.o)
                0x00000000080183b0                _calloc_r
 .text          0x0000000008018440       0x50 ../../../../../tools/tools-lib/superH/libc.a(signalr.o)
                0x0000000008018440                _getpid_r
                0x0000000008018450                _kill_r
 .text          0x0000000008018490      0x130 ../../../../../tools/tools-lib/superH/libm.a(w_exp.o)
                0x0000000008018494                exp
 .text          0x00000000080185c0      0x100 ../../../../../tools/tools-lib/superH/libm.a(w_sqrt.o)
                0x00000000080185c6                sqrt
 .text          0x00000000080186c0      0x3c0 ../../../../../tools/tools-lib/superH/libm.a(e_exp.o)
                0x00000000080186c0                __ieee754_exp
 .text          0x0000000008018a80       0x10 ../../../../../tools/tools-lib/superH/libm.a(s_lib_ver.o)
                0x0000000008018a80                __fdlib_version
 .text          0x0000000008018a90       0x20 ../../../../../tools/tools-lib/superH/libm.a(s_finite.o)
                0x0000000008018a90                finite
 .text          0x0000000008018ab0       0x10 ../../../../../tools/tools-lib/superH/libm.a(s_matherr.o)
                0x0000000008018ab0                matherr
 .text          0x0000000008018ac0      0x200 ../../../../../tools/tools-lib/superH/libm.a(e_sqrt.o)
                0x0000000008018ac0                __ieee754_sqrt
 .text          0x0000000008018cc0       0x30 ../../../../../tools/tools-lib/superH/libgcc.a(_mulsi3.o)
                0x0000000008018cc0                __mulsi3
 .text          0x0000000008018cf0       0xa0 ../../../../../tools/tools-lib/superH/libgcc.a(_sdivsi3.o)
                0x0000000008018cf0                __sdivsi3
 .text          0x0000000008018d90       0x90 ../../../../../tools/tools-lib/superH/libgcc.a(_si_to_sf.o)
                0x0000000008018d90                __floatsisf
 .text          0x0000000008018e20      0x110 ../../../../../tools/tools-lib/superH/libgcc.a(_div_sf.o)
                0x0000000008018e20                __divsf3
 .text          0x0000000008018f30      0x190 ../../../../../tools/tools-lib/superH/libgcc.a(_mul_sf.o)
                0x0000000008018f30                __mulsf3
 .text          0x00000000080190c0       0x50 ../../../../../tools/tools-lib/superH/libgcc.a(_sf_to_df.o)
                0x00000000080190c0                __extendsfdf2
 .text          0x0000000008019110      0x300 ../../../../../tools/tools-lib/superH/libgcc.a(_mul_df.o)
                0x0000000008019110                __muldf3
 .text          0x0000000008019410       0x70 ../../../../../tools/tools-lib/superH/libgcc.a(_df_to_sf.o)
                0x0000000008019410                __truncdfsf2
 .text          0x0000000008019480       0x60 ../../../../../tools/tools-lib/superH/libgcc.a(_fixunssfsi.o)
                0x0000000008019480                __fixunssfsi
 .text          0x00000000080194e0       0x90 ../../../../../tools/tools-lib/superH/libgcc.a(_df_to_si.o)
                0x00000000080194e0                __fixdfsi
 .text          0x0000000008019570       0x60 ../../../../../tools/tools-lib/superH/libgcc.a(_gt_sf.o)
                0x0000000008019570                __gtsf2
 .text          0x00000000080195d0       0x70 ../../../../../tools/tools-lib/superH/libgcc.a(_gt_df.o)
                0x00000000080195d0                __gtdf2
 .text          0x0000000008019640       0x60 ../../../../../tools/tools-lib/superH/libgcc.a(_lt_sf.o)
                0x0000000008019640                __ltsf2
 .text          0x00000000080196a0      0x390 ../../../../../tools/tools-lib/superH/libgcc.a(_addsub_df.o)
                0x0000000008019968                __subdf3
                0x00000000080199d0                __adddf3
 .text          0x0000000008019a30      0x2a0 ../../../../../tools/tools-lib/superH/libgcc.a(_addsub_sf.o)
                0x0000000008019c10                __subsf3
                0x0000000008019c74                __addsf3
 .text          0x0000000008019cd0       0x70 ../../../../../tools/tools-lib/superH/libgcc.a(_udivsi3.o)
                0x0000000008019cf2                __udivsi3
 .text          0x0000000008019d40       0x70 ../../../../../tools/tools-lib/superH/libgcc.a(_lt_df.o)
                0x0000000008019d40                __ltdf2
 .text          0x0000000008019db0       0x70 ../../../../../tools/tools-lib/superH/libgcc.a(_ne_df.o)
                0x0000000008019db0                __nedf2
 .text          0x0000000008019e20       0x70 ../../../../../tools/tools-lib/superH/libgcc.a(_eq_df.o)
                0x0000000008019e20                __eqdf2
 .text          0x0000000008019e90       0x90 ../../../../../tools/tools-lib/superH/libgcc.a(_ashiftlt.o)
                0x0000000008019e90                __ashlsi3
 .text          0x0000000008019f20       0xd0 ../../../../../tools/tools-lib/superH/libgcc.a(_usi_to_df.o)
                0x0000000008019f20                __floatunsidf
 .text          0x0000000008019ff0      0x190 ../../../../../tools/tools-lib/superH/libgcc.a(_div_df.o)
                0x0000000008019ff0                __divdf3
 .text          0x000000000801a180       0x70 ../../../../../tools/tools-lib/superH/libgcc.a(_le_df.o)
                0x000000000801a180                __ledf2
 .text          0x000000000801a1f0       0x70 ../../../../../tools/tools-lib/superH/libgcc.a(_ge_df.o)
                0x000000000801a1f0                __gedf2
 .text          0x000000000801a260       0xa0 ../../../../../tools/tools-lib/superH/libgcc.a(_si_to_df.o)
                0x000000000801a260                __floatsidf
 .text          0x000000000801a300       0x90 ../../../../../tools/tools-lib/superH/libgcc.a(_lshiftrt.o)
                0x000000000801a300                __lshrsi3
 .text          0x000000000801a390       0x60 ../../../../../tools/tools-lib/superH/libgcc.a(_ashiftrt.o)
                0x000000000801a39c                __ashiftrt_r4_27
                0x000000000801a3d0                __ashiftrt_r4_6
                0x000000000801a3c0                __ashiftrt_r4_14
                0x000000000801a3b2                __ashiftrt_r4_19
                0x000000000801a3ca                __ashiftrt_r4_9
                0x000000000801a3de                __ashiftrt_r4_0
                0x000000000801a390                __ashiftrt_r4_31
                0x000000000801a39e                __ashiftrt_r4_26
                0x000000000801a3ac                __ashiftrt_r4_22
                0x000000000801a3b8                __ashiftrt_r4_16
                0x000000000801a3c4                __ashiftrt_r4_12
                0x000000000801a398                __ashiftrt_r4_29
                0x000000000801a3b6                __ashiftrt_r4_17
                0x000000000801a396                __ashiftrt_r4_30
                0x000000000801a3d2                __ashiftrt_r4_5
                0x000000000801a3cc                __ashiftrt_r4_8
                0x000000000801a390                __ashiftrt_r4_32
                0x000000000801a3a0                __ashiftrt_r4_25
                0x000000000801a3d8                __ashiftrt_r4_2
                0x000000000801a3a2                __ashiftrt_r4_24
                0x000000000801a3be                __ashiftrt_r4_15
                0x000000000801a3c8                __ashiftrt_r4_10
                0x000000000801a3da                __ashiftrt_r4_1
                0x000000000801a39a                __ashiftrt_r4_28
                0x000000000801a3b0                __ashiftrt_r4_20
                0x000000000801a3ce                __ashiftrt_r4_7
                0x000000000801a3c2                __ashiftrt_r4_13
                0x000000000801a3c6                __ashiftrt_r4_11
                0x000000000801a3d4                __ashiftrt_r4_4
                0x000000000801a3aa                __ashiftrt_r4_23
                0x000000000801a3b4                __ashiftrt_r4_18
                0x000000000801a3ae                __ashiftrt_r4_21
                0x000000000801a3d6                __ashiftrt_r4_3
 .text          0x000000000801a3f0       0x90 ../../../../../tools/tools-lib/superH/libgcc.a(_ashiftrt_n.o)
                0x000000000801a3f0                __ashrsi3
 .text          0x000000000801a480      0x130 ../../../../../tools/tools-lib/superH/libgcc.a(_pack_sf.o)
                0x000000000801a480                __pack_f
 .text          0x000000000801a5b0       0xa0 ../../../../../tools/tools-lib/superH/libgcc.a(_clzsi2.o)
                0x000000000801a5b0                __clzsi2
 .text          0x000000000801a650       0xb0 ../../../../../tools/tools-lib/superH/libgcc.a(_unpack_sf.o)
                0x000000000801a650                __unpack_f
 .text          0x000000000801a700       0x10 ../../../../../tools/tools-lib/superH/libgcc.a(_thenan_sf.o)
                0x000000000801a700                __thenan_sf
 .text          0x000000000801a710       0xd0 ../../../../../tools/tools-lib/superH/libgcc.a(_muldi3.o)
                0x000000000801a710                __muldi3
 .text          0x000000000801a7e0       0x40 ../../../../../tools/tools-lib/superH/libgcc.a(_make_df.o)
                0x000000000801a7e0                __make_dp
 .text          0x000000000801a820      0x100 ../../../../../tools/tools-lib/superH/libgcc.a(_unpack_df.o)
                0x000000000801a820                __unpack_d
 .text          0x000000000801a920      0x1f0 ../../../../../tools/tools-lib/superH/libgcc.a(_pack_df.o)
                0x000000000801a920                __pack_d
 .text          0x000000000801ab10       0x20 ../../../../../tools/tools-lib/superH/libgcc.a(_thenan_df.o)
                0x000000000801ab10                __thenan_df
 .text          0x000000000801ab30       0x30 ../../../../../tools/tools-lib/superH/libgcc.a(_make_sf.o)
                0x000000000801ab30                __make_fp
 .text          0x000000000801ab60       0x60 ../../../../../tools/tools-lib/superH/libgcc.a(_ge_sf.o)
                0x000000000801ab60                __gesf2
 .text          0x000000000801abc0       0x90 ../../../../../tools/tools-lib/superH/libgcc.a(_sf_to_si.o)
                0x000000000801abc0                __fixsfsi
 .text          0x000000000801ac50       0x80 ../../../../../tools/tools-lib/superH/libgcc.a(_lshrdi3.o)
                0x000000000801ac50                __lshrdi3
 .text          0x000000000801acd0       0xa0 ../../../../../tools/tools-lib/superH/libgcc.a(_fpcmp_parts_sf.o)
                0x000000000801acd0                __fpcmp_parts_f
 .text          0x000000000801ad70       0xc0 ../../../../../tools/tools-lib/superH/libgcc.a(_fpcmp_parts_df.o)
                0x000000000801ad70                __fpcmp_parts_d
 .text          0x000000000801ae30       0x80 ../../../../../tools/tools-lib/superH/libgcc.a(_ashldi3.o)
                0x000000000801ae30                __ashldi3
 .text          0x000000000801aeb0      0x100 ../../../../../tools/tools-lib/superH/libgcc.a(_clz.o)
                0x000000000801aeb0                __clz_tab
 *(.strings)
                0x000000000801afb0                _etext = .

.data           0x000000000801afb0      0x710
                0x000000000801afb0                _data = .
 *(.data)
 .data          0x000000000801afb0      0x2f0 ../../../../../tools/tools-lib/superH/libc.a(impure.o)
                0x000000000801afb0                _impure_ptr
 .data          0x000000000801b2a0      0x410 ../../../../../tools/tools-lib/superH/libc.a(mallocr.o)
                0x000000000801b2a0                __malloc_av_
                0x000000000801b6a8                __malloc_trim_threshold
                0x000000000801b6ac                __malloc_sbrk_base
 .data          0x000000000801b6b0       0x10 ../../../../../tools/tools-lib/superH/libc.a(locale.o)
                0x000000000801b6b0                __mb_cur_max
                0x000000000801b6c0                _edata = .

.bss            0x000000000801b6c0       0x54
                0x000000000801b6c0                _bss = .
 *(.bss)
 .bss           0x000000000801b6c0       0x10 ../../../../../tools/tools-lib/superH/libc.a(syscalls.o)
 .bss           0x000000000801b6d0       0x40 ../../../../../tools/tools-lib/superH/libc.a(mallocr.o)
                0x000000000801b6d0                __malloc_top_pad
                0x000000000801b6dc                __malloc_current_mallinfo
                0x000000000801b6d4                __malloc_max_sbrked_mem
                0x000000000801b6d8                __malloc_max_total_mem
 *(COMMON)
 COMMON         0x000000000801b710        0x4 ../../../../../tools/tools-lib/superH/libc.a(syscalls.o)
                0x000000000801b710                errno
                0x000000000801b714                _ebss = .
                0x000000000801b714                _end = .
LOAD init.o
LOAD susan.o
LOAD ../../../../../tools/tools-lib/superH/libc.a
LOAD ../../../../../tools/tools-lib/superH/libm.a
LOAD ../../../../../tools/tools-lib/superH/libgcc.a
LOAD ../../../../../sys/libOS/eOS/libeOS-superH.a
OUTPUT(susan coff-sh)

.stab           0x000000000801b714     0x4110
 .stab          0x000000000801b714     0x4104 susan.o

.comment        0x000000000801f820      0xca0
 .comment       0x000000000801f820       0x20 susan.o
 .comment       0x000000000801f840       0x20 ../../../../../tools/tools-lib/superH/libc.a(errno.o)
 .comment       0x000000000801f860       0x20 ../../../../../tools/tools-lib/superH/libc.a(printf.o)
 .comment       0x000000000801f880       0x20 ../../../../../tools/tools-lib/superH/libc.a(exit.o)
 .comment       0x000000000801f8a0       0x20 ../../../../../tools/tools-lib/superH/libc.a(rget.o)
 .comment       0x000000000801f8c0       0x20 ../../../../../tools/tools-lib/superH/libc.a(fgets.o)
 .comment       0x000000000801f8e0       0x20 ../../../../../tools/tools-lib/superH/libc.a(impure.o)
 .comment       0x000000000801f900       0x20 ../../../../../tools/tools-lib/superH/libc.a(fprintf.o)
 .comment       0x000000000801f920       0x20 ../../../../../tools/tools-lib/superH/libc.a(fopen.o)
 .comment       0x000000000801f940       0x20 ../../../../../tools/tools-lib/superH/libc.a(fgetc.o)
 .comment       0x000000000801f960       0x20 ../../../../../tools/tools-lib/superH/libc.a(malloc.o)
 .comment       0x000000000801f980       0x20 ../../../../../tools/tools-lib/superH/libc.a(fread.o)
 .comment       0x000000000801f9a0       0x20 ../../../../../tools/tools-lib/superH/libc.a(fclose.o)
 .comment       0x000000000801f9c0       0x20 ../../../../../tools/tools-lib/superH/libc.a(fwrite.o)
 .comment       0x000000000801f9e0       0x20 ../../../../../tools/tools-lib/superH/libc.a(abs.o)
 .comment       0x000000000801fa00       0x20 ../../../../../tools/tools-lib/superH/libc.a(atof.o)
 .comment       0x000000000801fa20       0x20 ../../../../../tools/tools-lib/superH/libc.a(atoi.o)
 .comment       0x000000000801fa40       0x20 ../../../../../tools/tools-lib/superH/libc.a(vfprintf.o)
 .comment       0x000000000801fa60       0x20 ../../../../../tools/tools-lib/superH/libc.a(syscalls.o)
 .comment       0x000000000801fa80       0x20 ../../../../../tools/tools-lib/superH/libc.a(refill.o)
 .comment       0x000000000801faa0       0x20 ../../../../../tools/tools-lib/superH/libc.a(memchr.o)
 .comment       0x000000000801fac0       0x20 ../../../../../tools/tools-lib/superH/libc.a(flags.o)
 .comment       0x000000000801fae0       0x20 ../../../../../tools/tools-lib/superH/libc.a(findfp.o)
 .comment       0x000000000801fb00       0x20 ../../../../../tools/tools-lib/superH/libc.a(openr.o)
 .comment       0x000000000801fb20       0x20 ../../../../../tools/tools-lib/superH/libc.a(stdio.o)
 .comment       0x000000000801fb40       0x20 ../../../../../tools/tools-lib/superH/libc.a(fseek.o)
 .comment       0x000000000801fb60       0x20 ../../../../../tools/tools-lib/superH/libc.a(freer.o)
 .comment       0x000000000801fb80       0x20 ../../../../../tools/tools-lib/superH/libc.a(mallocr.o)
 .comment       0x000000000801fba0       0x20 ../../../../../tools/tools-lib/superH/libc.a(fflush.o)
 .comment       0x000000000801fbc0       0x20 ../../../../../tools/tools-lib/superH/libc.a(fvwrite.o)
 .comment       0x000000000801fbe0       0x20 ../../../../../tools/tools-lib/superH/libc.a(strtod.o)
 .comment       0x000000000801fc00       0x20 ../../../../../tools/tools-lib/superH/libc.a(strtol.o)
 .comment       0x000000000801fc20       0x20 ../../../../../tools/tools-lib/superH/libc.a(locale.o)
 .comment       0x000000000801fc40       0x20 ../../../../../tools/tools-lib/superH/libc.a(wsetup.o)
 .comment       0x000000000801fc60       0x20 ../../../../../tools/tools-lib/superH/libc.a(mbtowc_r.o)
 .comment       0x000000000801fc80       0x20 ../../../../../tools/tools-lib/superH/libc.a(s_isinf.o)
 .comment       0x000000000801fca0       0x20 ../../../../../tools/tools-lib/superH/libc.a(s_isnan.o)
 .comment       0x000000000801fcc0       0x20 ../../../../../tools/tools-lib/superH/libc.a(dtoa.o)
 .comment       0x000000000801fce0       0x20 ../../../../../tools/tools-lib/superH/libc.a(strlen.o)
 .comment       0x000000000801fd00       0x20 ../../../../../tools/tools-lib/superH/libc.a(sbrkr.o)
 .comment       0x000000000801fd20       0x20 ../../../../../tools/tools-lib/superH/libc.a(abort.o)
 .comment       0x000000000801fd40       0x20 ../../../../../tools/tools-lib/superH/libc.a(makebuf.o)
 .comment       0x000000000801fd60       0x20 ../../../../../tools/tools-lib/superH/libc.a(fwalk.o)
 .comment       0x000000000801fd80       0x20 ../../../../../tools/tools-lib/superH/libc.a(closer.o)
 .comment       0x000000000801fda0       0x20 ../../../../../tools/tools-lib/superH/libc.a(lseekr.o)
 .comment       0x000000000801fdc0       0x20 ../../../../../tools/tools-lib/superH/libc.a(writer.o)
 .comment       0x000000000801fde0       0x20 ../../../../../tools/tools-lib/superH/libc.a(readr.o)
 .comment       0x000000000801fe00       0x20 ../../../../../tools/tools-lib/superH/libc.a(fstatr.o)
 .comment       0x000000000801fe20       0x20 ../../../../../tools/tools-lib/superH/libc.a(mlock.o)
 .comment       0x000000000801fe40       0x20 ../../../../../tools/tools-lib/superH/libc.a(memmove.o)
 .comment       0x000000000801fe60       0x20 ../../../../../tools/tools-lib/superH/libc.a(mprec.o)
 .comment       0x000000000801fe80       0x20 ../../../../../tools/tools-lib/superH/libc.a(s_infconst.o)
 .comment       0x000000000801fea0       0x20 ../../../../../tools/tools-lib/superH/libc.a(ctype_.o)
 .comment       0x000000000801fec0       0x20 ../../../../../tools/tools-lib/superH/libc.a(signal.o)
 .comment       0x000000000801fee0       0x20 ../../../../../tools/tools-lib/superH/libc.a(callocr.o)
 .comment       0x000000000801ff00       0x20 ../../../../../tools/tools-lib/superH/libc.a(signalr.o)
 .comment       0x000000000801ff20       0x20 ../../../../../tools/tools-lib/superH/libm.a(w_exp.o)
 .comment       0x000000000801ff40       0x20 ../../../../../tools/tools-lib/superH/libm.a(w_sqrt.o)
 .comment       0x000000000801ff60       0x20 ../../../../../tools/tools-lib/superH/libm.a(e_exp.o)
 .comment       0x000000000801ff80       0x20 ../../../../../tools/tools-lib/superH/libm.a(s_lib_ver.o)
 .comment       0x000000000801ffa0       0x20 ../../../../../tools/tools-lib/superH/libm.a(s_finite.o)
 .comment       0x000000000801ffc0       0x20 ../../../../../tools/tools-lib/superH/libm.a(s_matherr.o)
 .comment       0x000000000801ffe0       0x20 ../../../../../tools/tools-lib/superH/libm.a(e_sqrt.o)
 .comment       0x0000000008020000       0x20 ../../../../../tools/tools-lib/superH/libgcc.a(_si_to_sf.o)
 .comment       0x0000000008020020       0x20 ../../../../../tools/tools-lib/superH/libgcc.a(_div_sf.o)
 .comment       0x0000000008020040       0x20 ../../../../../tools/tools-lib/superH/libgcc.a(_mul_sf.o)
 .comment       0x0000000008020060       0x20 ../../../../../tools/tools-lib/superH/libgcc.a(_sf_to_df.o)
 .comment       0x0000000008020080       0x20 ../../../../../tools/tools-lib/superH/libgcc.a(_mul_df.o)
 .comment       0x00000000080200a0       0x20 ../../../../../tools/tools-lib/superH/libgcc.a(_df_to_sf.o)
 .comment       0x00000000080200c0       0x20 ../../../../../tools/tools-lib/superH/libgcc.a(_fixunssfsi.o)
 .comment       0x00000000080200e0       0x20 ../../../../../tools/tools-lib/superH/libgcc.a(_df_to_si.o)
 .comment       0x0000000008020100       0x20 ../../../../../tools/tools-lib/superH/libgcc.a(_gt_sf.o)
 .comment       0x0000000008020120       0x20 ../../../../../tools/tools-lib/superH/libgcc.a(_gt_df.o)
 .comment       0x0000000008020140       0x20 ../../../../../tools/tools-lib/superH/libgcc.a(_lt_sf.o)
 .comment       0x0000000008020160       0x20 ../../../../../tools/tools-lib/superH/libgcc.a(_addsub_df.o)
 .comment       0x0000000008020180       0x20 ../../../../../tools/tools-lib/superH/libgcc.a(_addsub_sf.o)
 .comment       0x00000000080201a0       0x20 ../../../../../tools/tools-lib/superH/libgcc.a(_lt_df.o)
 .comment       0x00000000080201c0       0x20 ../../../../../tools/tools-lib/superH/libgcc.a(_ne_df.o)
 .comment       0x00000000080201e0       0x20 ../../../../../tools/tools-lib/superH/libgcc.a(_eq_df.o)
 .comment       0x0000000008020200       0x20 ../../../../../tools/tools-lib/superH/libgcc.a(_usi_to_df.o)
 .comment       0x0000000008020220       0x20 ../../../../../tools/tools-lib/superH/libgcc.a(_div_df.o)
 .comment       0x0000000008020240       0x20 ../../../../../tools/tools-lib/superH/libgcc.a(_le_df.o)
 .comment       0x0000000008020260       0x20 ../../../../../tools/tools-lib/superH/libgcc.a(_ge_df.o)
 .comment       0x0000000008020280       0x20 ../../../../../tools/tools-lib/superH/libgcc.a(_si_to_df.o)
 .comment       0x00000000080202a0       0x20 ../../../../../tools/tools-lib/superH/libgcc.a(_pack_sf.o)
 .comment       0x00000000080202c0       0x20 ../../../../../tools/tools-lib/superH/libgcc.a(_clzsi2.o)
 .comment       0x00000000080202e0       0x20 ../../../../../tools/tools-lib/superH/libgcc.a(_unpack_sf.o)
 .comment       0x0000000008020300       0x20 ../../../../../tools/tools-lib/superH/libgcc.a(_thenan_sf.o)
 .comment       0x0000000008020320       0x20 ../../../../../tools/tools-lib/superH/libgcc.a(_muldi3.o)
 .comment       0x0000000008020340       0x20 ../../../../../tools/tools-lib/superH/libgcc.a(_make_df.o)
 .comment       0x0000000008020360       0x20 ../../../../../tools/tools-lib/superH/libgcc.a(_unpack_df.o)
 .comment       0x0000000008020380       0x20 ../../../../../tools/tools-lib/superH/libgcc.a(_pack_df.o)
 .comment       0x00000000080203a0       0x20 ../../../../../tools/tools-lib/superH/libgcc.a(_thenan_df.o)
 .comment       0x00000000080203c0       0x20 ../../../../../tools/tools-lib/superH/libgcc.a(_make_sf.o)
 .comment       0x00000000080203e0       0x20 ../../../../../tools/tools-lib/superH/libgcc.a(_ge_sf.o)
 .comment       0x0000000008020400       0x20 ../../../../../tools/tools-lib/superH/libgcc.a(_sf_to_si.o)
 .comment       0x0000000008020420       0x20 ../../../../../tools/tools-lib/superH/libgcc.a(_lshrdi3.o)
 .comment       0x0000000008020440       0x20 ../../../../../tools/tools-lib/superH/libgcc.a(_fpcmp_parts_sf.o)
 .comment       0x0000000008020460       0x20 ../../../../../tools/tools-lib/superH/libgcc.a(_fpcmp_parts_df.o)
 .comment       0x0000000008020480       0x20 ../../../../../tools/tools-lib/superH/libgcc.a(_ashldi3.o)
 .comment       0x00000000080204a0       0x20 ../../../../../tools/tools-lib/superH/libgcc.a(_clz.o)

.stabstr        0x00000000080204c0     0x2122
 .stabstr       0x00000000080204c0     0x2122 susan.o
