Archive member included because of file (symbol)

../../../../sys/libOS/eOS/libeOS-superH.a(print.o)
                              swradiosource.o (sprint)
../../../../sys/libOS/eOS/libeOS-superH.a(memmove.o)
                              swradiosource.o (memmove)
../../../../sys/libOS/eOS/libeOS-superH.a(strlen.o)
                              swradiosource.o (strlen)
../../../../tools/tools-lib/superH/libgcc.a(_ashiftrt.o)
                              devnet.o (__ashiftrt_r4_8)
../../../../tools/tools-lib/superH/libgcc.a(_si_to_df.o)
                              devnet.o (__floatsidf)
../../../../tools/tools-lib/superH/libgcc.a(_mul_df.o)
                              devnet.o (__muldf3)
../../../../tools/tools-lib/superH/libgcc.a(_usi_to_df.o)
                              devnet.o (__floatunsidf)
../../../../tools/tools-lib/superH/libgcc.a(_div_df.o)
                              devnet.o (__divdf3)
../../../../tools/tools-lib/superH/libgcc.a(_df_to_si.o)
                              devnet.o (__fixdfsi)
../../../../tools/tools-lib/superH/libgcc.a(_mulsi3.o)
                              swradiosource.o (__mulsi3)
../../../../tools/tools-lib/superH/libgcc.a(_sdivsi3.o)
                              ../../../../sys/libOS/eOS/libeOS-superH.a(print.o) (__sdivsi3)
../../../../tools/tools-lib/superH/libgcc.a(_pack_df.o)
                              ../../../../tools/tools-lib/superH/libgcc.a(_si_to_df.o) (__pack_d)
../../../../tools/tools-lib/superH/libgcc.a(_clzsi2.o)
                              ../../../../tools/tools-lib/superH/libgcc.a(_si_to_df.o) (__clzsi2)
../../../../tools/tools-lib/superH/libgcc.a(_ashldi3.o)
                              ../../../../tools/tools-lib/superH/libgcc.a(_si_to_df.o) (__ashldi3)
../../../../tools/tools-lib/superH/libgcc.a(_unpack_df.o)
                              ../../../../tools/tools-lib/superH/libgcc.a(_mul_df.o) (__unpack_d)
../../../../tools/tools-lib/superH/libgcc.a(_muldi3.o)
                              ../../../../tools/tools-lib/superH/libgcc.a(_mul_df.o) (__muldi3)
../../../../tools/tools-lib/superH/libgcc.a(_thenan_df.o)
                              ../../../../tools/tools-lib/superH/libgcc.a(_mul_df.o) (__thenan_df)
../../../../tools/tools-lib/superH/libgcc.a(_lshrdi3.o)
                              ../../../../tools/tools-lib/superH/libgcc.a(_usi_to_df.o) (__lshrdi3)
../../../../tools/tools-lib/superH/libgcc.a(_lshiftrt.o)
                              ../../../../tools/tools-lib/superH/libgcc.a(_clzsi2.o) (__lshrsi3)
../../../../tools/tools-lib/superH/libgcc.a(_clz.o)
                              ../../../../tools/tools-lib/superH/libgcc.a(_clzsi2.o) (__clz_tab)
../../../../tools/tools-lib/superH/libgcc.a(_ashiftlt.o)
                              ../../../../tools/tools-lib/superH/libgcc.a(_ashldi3.o) (__ashlsi3)

Allocating common symbols
Common symbol       size              file

REGSAVESTACK        0x24              swradiosource.o
done_flag           0x4               swradiosource.o

Memory Configuration

Name             Origin             Length             Attributes
*default*        0x0000000000000000 0xffffffffffffffff

Linker script and memory map

Address of section .text set to 0x8004000

.text           0x0000000008004000     0x25c0
                0x0000000008004000                _text = .
 *(.text)
 .text          0x0000000008004000      0x100 init.o
                0x000000000800403e                getssr
                0x000000000800404a                getgbr
                0x00000000080040e4                sleep
                0x0000000008004070                vec_stub_begin
                0x0000000008004038                getpsr
                0x0000000008004050                getvbr
                0x0000000008004062                getmach
                0x0000000008004020                spllo
                0x000000000800405c                getpr
                0x0000000008004044                getspc
                0x0000000008004032                spldone
                0x0000000008004068                getmacl
                0x0000000008004010                splhi
                0x00000000080040e4                vec_stub_end
                0x0000000008004056                getsp
 .text          0x0000000008004100      0x6b0 devnet.o
                0x0000000008004100                devnet_getcurifc
                0x000000000800421c                devnet_getncsense
                0x0000000008004150                devnet_getmaxfsz
                0x0000000008004350                devnet_xmit
                0x0000000008004194                devnet_getrxfsz
                0x00000000080042d0                devnet_ctl
                0x00000000080041d8                devnet_getncolls
                0x000000000800469c                devnet_framedelay
                0x00000000080042a4                devnet_recv
                0x0000000008004260                devnet_getspeed
                0x000000000800410c                devnet_getncr
 .text          0x00000000080047b0       0x50 devrtc.o
                0x00000000080047b0                devrtc_getusecs
 .text          0x0000000008004800       0x10 devexcp.o
                0x0000000008004800                devexcp_getintevt
 .text          0x0000000008004810       0xd0 misc.o
                0x0000000008004898                xusleep
                0x0000000008004878                pow10
                0x0000000008004848                xudelay
                0x0000000008004834                devlogprintputc
                0x0000000008004810                sccputc
 .text          0x00000000080048e0      0x620 swradiosource.o
                0x0000000008004920                nic_hdlr
                0x0000000008004b38                startup
                0x0000000008004e58                intr_hdlr
                0x00000000080049b4                get_floats
 .text          0x0000000008004f00       0xc0 swradio-common.o
                0x0000000008004f64                fb_ensure_writable
                0x0000000008004f00                fb_compact
 .text          0x0000000008004fc0      0x620 ../../../../sys/libOS/eOS/libeOS-superH.a(print.o)
                0x0000000008005500                sprint
                0x0000000008005538                fprint
                0x0000000008005570                lprint
                0x00000000080054cc                snprint
                0x00000000080055a8                print
 .text          0x00000000080055e0       0x60 ../../../../sys/libOS/eOS/libeOS-superH.a(memmove.o)
                0x00000000080055e0                memmove
 .text          0x0000000008005640       0x20 ../../../../sys/libOS/eOS/libeOS-superH.a(strlen.o)
                0x0000000008005640                strlen
 .text          0x0000000008005660       0x60 ../../../../tools/tools-lib/superH/libgcc.a(_ashiftrt.o)
                0x000000000800566c                __ashiftrt_r4_27
                0x00000000080056a0                __ashiftrt_r4_6
                0x0000000008005690                __ashiftrt_r4_14
                0x0000000008005682                __ashiftrt_r4_19
                0x000000000800569a                __ashiftrt_r4_9
                0x00000000080056ae                __ashiftrt_r4_0
                0x0000000008005660                __ashiftrt_r4_31
                0x000000000800566e                __ashiftrt_r4_26
                0x000000000800567c                __ashiftrt_r4_22
                0x0000000008005688                __ashiftrt_r4_16
                0x0000000008005694                __ashiftrt_r4_12
                0x0000000008005668                __ashiftrt_r4_29
                0x0000000008005686                __ashiftrt_r4_17
                0x0000000008005666                __ashiftrt_r4_30
                0x00000000080056a2                __ashiftrt_r4_5
                0x000000000800569c                __ashiftrt_r4_8
                0x0000000008005660                __ashiftrt_r4_32
                0x0000000008005670                __ashiftrt_r4_25
                0x00000000080056a8                __ashiftrt_r4_2
                0x0000000008005672                __ashiftrt_r4_24
                0x000000000800568e                __ashiftrt_r4_15
                0x0000000008005698                __ashiftrt_r4_10
                0x00000000080056aa                __ashiftrt_r4_1
                0x000000000800566a                __ashiftrt_r4_28
                0x0000000008005680                __ashiftrt_r4_20
                0x000000000800569e                __ashiftrt_r4_7
                0x0000000008005692                __ashiftrt_r4_13
                0x0000000008005696                __ashiftrt_r4_11
                0x00000000080056a4                __ashiftrt_r4_4
                0x000000000800567a                __ashiftrt_r4_23
                0x0000000008005684                __ashiftrt_r4_18
                0x000000000800567e                __ashiftrt_r4_21
                0x00000000080056a6                __ashiftrt_r4_3
 .text          0x00000000080056c0       0xa0 ../../../../tools/tools-lib/superH/libgcc.a(_si_to_df.o)
                0x00000000080056c0                __floatsidf
 .text          0x0000000008005760      0x300 ../../../../tools/tools-lib/superH/libgcc.a(_mul_df.o)
                0x0000000008005760                __muldf3
 .text          0x0000000008005a60       0xd0 ../../../../tools/tools-lib/superH/libgcc.a(_usi_to_df.o)
                0x0000000008005a60                __floatunsidf
 .text          0x0000000008005b30      0x190 ../../../../tools/tools-lib/superH/libgcc.a(_div_df.o)
                0x0000000008005b30                __divdf3
 .text          0x0000000008005cc0       0x90 ../../../../tools/tools-lib/superH/libgcc.a(_df_to_si.o)
                0x0000000008005cc0                __fixdfsi
 .text          0x0000000008005d50       0x30 ../../../../tools/tools-lib/superH/libgcc.a(_mulsi3.o)
                0x0000000008005d50                __mulsi3
 .text          0x0000000008005d80       0xa0 ../../../../tools/tools-lib/superH/libgcc.a(_sdivsi3.o)
                0x0000000008005d80                __sdivsi3
 .text          0x0000000008005e20      0x1f0 ../../../../tools/tools-lib/superH/libgcc.a(_pack_df.o)
                0x0000000008005e20                __pack_d
 .text          0x0000000008006010       0xa0 ../../../../tools/tools-lib/superH/libgcc.a(_clzsi2.o)
                0x0000000008006010                __clzsi2
 .text          0x00000000080060b0       0x80 ../../../../tools/tools-lib/superH/libgcc.a(_ashldi3.o)
                0x00000000080060b0                __ashldi3
 .text          0x0000000008006130      0x100 ../../../../tools/tools-lib/superH/libgcc.a(_unpack_df.o)
                0x0000000008006130                __unpack_d
 .text          0x0000000008006230       0xd0 ../../../../tools/tools-lib/superH/libgcc.a(_muldi3.o)
                0x0000000008006230                __muldi3
 .text          0x0000000008006300       0x20 ../../../../tools/tools-lib/superH/libgcc.a(_thenan_df.o)
                0x0000000008006300                __thenan_df
 .text          0x0000000008006320       0x80 ../../../../tools/tools-lib/superH/libgcc.a(_lshrdi3.o)
                0x0000000008006320                __lshrdi3
 .text          0x00000000080063a0       0x90 ../../../../tools/tools-lib/superH/libgcc.a(_lshiftrt.o)
                0x00000000080063a0                __lshrsi3
 .text          0x0000000008006430      0x100 ../../../../tools/tools-lib/superH/libgcc.a(_clz.o)
                0x0000000008006430                __clz_tab
 .text          0x0000000008006530       0x90 ../../../../tools/tools-lib/superH/libgcc.a(_ashiftlt.o)
                0x0000000008006530                __ashlsi3
 *(.strings)
                0x00000000080065c0                _etext = .

.data           0x00000000080065c0        0x0
                0x00000000080065c0                _data = .
 *(.data)
                0x00000000080065c0                _edata = .

.bss            0x00000000080065c0       0x38
                0x00000000080065c0                _bss = .
 *(.bss)
 .bss           0x00000000080065c0       0x10 swradiosource.o
                0x00000000080065c0                syn_sent_flag
 *(COMMON)
 COMMON         0x00000000080065d0       0x28 swradiosource.o
                0x00000000080065d0                REGSAVESTACK
                0x00000000080065f4                done_flag
                0x00000000080065f8                _ebss = .
                0x00000000080065f8                _end = .
LOAD init.o
LOAD devnet.o
LOAD devrtc.o
LOAD devexcp.o
LOAD misc.o
LOAD swradiosource.o
LOAD swradio-common.o
LOAD ../../../../sys/libOS/eOS/libeOS-superH.a
LOAD ../../../../tools/tools-lib/superH/libm.a
LOAD ../../../../tools/tools-lib/superH/libgcc.a
OUTPUT(swradiosource coff-sh)

.comment        0x0000000008006600      0x2c0
 .comment       0x0000000008006600       0x20 devnet.o
 .comment       0x0000000008006620       0x20 devrtc.o
 .comment       0x0000000008006640       0x20 devexcp.o
 .comment       0x0000000008006660       0x20 misc.o
 .comment       0x0000000008006680       0x20 swradiosource.o
 .comment       0x00000000080066a0       0x20 swradio-common.o
 .comment       0x00000000080066c0       0x20 ../../../../sys/libOS/eOS/libeOS-superH.a(print.o)
 .comment       0x00000000080066e0       0x20 ../../../../sys/libOS/eOS/libeOS-superH.a(memmove.o)
 .comment       0x0000000008006700       0x20 ../../../../sys/libOS/eOS/libeOS-superH.a(strlen.o)
 .comment       0x0000000008006720       0x20 ../../../../tools/tools-lib/superH/libgcc.a(_si_to_df.o)
 .comment       0x0000000008006740       0x20 ../../../../tools/tools-lib/superH/libgcc.a(_mul_df.o)
 .comment       0x0000000008006760       0x20 ../../../../tools/tools-lib/superH/libgcc.a(_usi_to_df.o)
 .comment       0x0000000008006780       0x20 ../../../../tools/tools-lib/superH/libgcc.a(_div_df.o)
 .comment       0x00000000080067a0       0x20 ../../../../tools/tools-lib/superH/libgcc.a(_df_to_si.o)
 .comment       0x00000000080067c0       0x20 ../../../../tools/tools-lib/superH/libgcc.a(_pack_df.o)
 .comment       0x00000000080067e0       0x20 ../../../../tools/tools-lib/superH/libgcc.a(_clzsi2.o)
 .comment       0x0000000008006800       0x20 ../../../../tools/tools-lib/superH/libgcc.a(_ashldi3.o)
 .comment       0x0000000008006820       0x20 ../../../../tools/tools-lib/superH/libgcc.a(_unpack_df.o)
 .comment       0x0000000008006840       0x20 ../../../../tools/tools-lib/superH/libgcc.a(_muldi3.o)
 .comment       0x0000000008006860       0x20 ../../../../tools/tools-lib/superH/libgcc.a(_thenan_df.o)
 .comment       0x0000000008006880       0x20 ../../../../tools/tools-lib/superH/libgcc.a(_lshrdi3.o)
 .comment       0x00000000080068a0       0x20 ../../../../tools/tools-lib/superH/libgcc.a(_clz.o)
